Archive member included to satisfy reference by file (symbol)

c:/users/henry/scoop/apps/gcc-arm-none-eabi/current/bin/../lib/gcc/arm-none-eabi/11.3.1/thumb/v7-m/nofp\libc_nano.a(libc_a-exit.o)
                              c:/users/henry/scoop/apps/gcc-arm-none-eabi/current/bin/../lib/gcc/arm-none-eabi/11.3.1/thumb/v7-m/nofp/crt0.o (exit)
c:/users/henry/scoop/apps/gcc-arm-none-eabi/current/bin/../lib/gcc/arm-none-eabi/11.3.1/thumb/v7-m/nofp\libc_nano.a(libc_a-findfp.o)
                              c:/users/henry/scoop/apps/gcc-arm-none-eabi/current/bin/../lib/gcc/arm-none-eabi/11.3.1/thumb/v7-m/nofp\libc_nano.a(libc_a-exit.o) (__stdio_exit_handler)
c:/users/henry/scoop/apps/gcc-arm-none-eabi/current/bin/../lib/gcc/arm-none-eabi/11.3.1/thumb/v7-m/nofp\libc_nano.a(libc_a-fwalk.o)
                              c:/users/henry/scoop/apps/gcc-arm-none-eabi/current/bin/../lib/gcc/arm-none-eabi/11.3.1/thumb/v7-m/nofp\libc_nano.a(libc_a-findfp.o) (_fwalk_sglue)
c:/users/henry/scoop/apps/gcc-arm-none-eabi/current/bin/../lib/gcc/arm-none-eabi/11.3.1/thumb/v7-m/nofp\libc_nano.a(libc_a-stdio.o)
                              c:/users/henry/scoop/apps/gcc-arm-none-eabi/current/bin/../lib/gcc/arm-none-eabi/11.3.1/thumb/v7-m/nofp\libc_nano.a(libc_a-findfp.o) (__sread)
c:/users/henry/scoop/apps/gcc-arm-none-eabi/current/bin/../lib/gcc/arm-none-eabi/11.3.1/thumb/v7-m/nofp\libc_nano.a(libc_a-vsnprintf.o)
                              build/usart.o (vsnprintf)
c:/users/henry/scoop/apps/gcc-arm-none-eabi/current/bin/../lib/gcc/arm-none-eabi/11.3.1/thumb/v7-m/nofp\libc_nano.a(libc_a-memset.o)
                              c:/users/henry/scoop/apps/gcc-arm-none-eabi/current/bin/../lib/gcc/arm-none-eabi/11.3.1/thumb/v7-m/nofp/crt0.o (memset)
c:/users/henry/scoop/apps/gcc-arm-none-eabi/current/bin/../lib/gcc/arm-none-eabi/11.3.1/thumb/v7-m/nofp\libc_nano.a(libc_a-closer.o)
                              c:/users/henry/scoop/apps/gcc-arm-none-eabi/current/bin/../lib/gcc/arm-none-eabi/11.3.1/thumb/v7-m/nofp\libc_nano.a(libc_a-stdio.o) (_close_r)
c:/users/henry/scoop/apps/gcc-arm-none-eabi/current/bin/../lib/gcc/arm-none-eabi/11.3.1/thumb/v7-m/nofp\libc_nano.a(libc_a-reent.o)
                              c:/users/henry/scoop/apps/gcc-arm-none-eabi/current/bin/../lib/gcc/arm-none-eabi/11.3.1/thumb/v7-m/nofp\libc_nano.a(libc_a-closer.o) (errno)
c:/users/henry/scoop/apps/gcc-arm-none-eabi/current/bin/../lib/gcc/arm-none-eabi/11.3.1/thumb/v7-m/nofp\libc_nano.a(libc_a-impure.o)
                              c:/users/henry/scoop/apps/gcc-arm-none-eabi/current/bin/../lib/gcc/arm-none-eabi/11.3.1/thumb/v7-m/nofp\libc_nano.a(libc_a-vsnprintf.o) (_impure_ptr)
c:/users/henry/scoop/apps/gcc-arm-none-eabi/current/bin/../lib/gcc/arm-none-eabi/11.3.1/thumb/v7-m/nofp\libc_nano.a(libc_a-lseekr.o)
                              c:/users/henry/scoop/apps/gcc-arm-none-eabi/current/bin/../lib/gcc/arm-none-eabi/11.3.1/thumb/v7-m/nofp\libc_nano.a(libc_a-stdio.o) (_lseek_r)
c:/users/henry/scoop/apps/gcc-arm-none-eabi/current/bin/../lib/gcc/arm-none-eabi/11.3.1/thumb/v7-m/nofp\libc_nano.a(libc_a-readr.o)
                              c:/users/henry/scoop/apps/gcc-arm-none-eabi/current/bin/../lib/gcc/arm-none-eabi/11.3.1/thumb/v7-m/nofp\libc_nano.a(libc_a-stdio.o) (_read_r)
c:/users/henry/scoop/apps/gcc-arm-none-eabi/current/bin/../lib/gcc/arm-none-eabi/11.3.1/thumb/v7-m/nofp\libc_nano.a(libc_a-writer.o)
                              c:/users/henry/scoop/apps/gcc-arm-none-eabi/current/bin/../lib/gcc/arm-none-eabi/11.3.1/thumb/v7-m/nofp\libc_nano.a(libc_a-stdio.o) (_write_r)
c:/users/henry/scoop/apps/gcc-arm-none-eabi/current/bin/../lib/gcc/arm-none-eabi/11.3.1/thumb/v7-m/nofp\libc_nano.a(libc_a-init.o)
                              c:/users/henry/scoop/apps/gcc-arm-none-eabi/current/bin/../lib/gcc/arm-none-eabi/11.3.1/thumb/v7-m/nofp/crt0.o (__libc_init_array)
c:/users/henry/scoop/apps/gcc-arm-none-eabi/current/bin/../lib/gcc/arm-none-eabi/11.3.1/thumb/v7-m/nofp\libc_nano.a(libc_a-lock.o)
                              c:/users/henry/scoop/apps/gcc-arm-none-eabi/current/bin/../lib/gcc/arm-none-eabi/11.3.1/thumb/v7-m/nofp\libc_nano.a(libc_a-findfp.o) (__retarget_lock_init_recursive)
c:/users/henry/scoop/apps/gcc-arm-none-eabi/current/bin/../lib/gcc/arm-none-eabi/11.3.1/thumb/v7-m/nofp\libc_nano.a(libc_a-freer.o)
                              c:/users/henry/scoop/apps/gcc-arm-none-eabi/current/bin/../lib/gcc/arm-none-eabi/11.3.1/thumb/v7-m/nofp\libc_nano.a(libc_a-reent.o) (_free_r)
c:/users/henry/scoop/apps/gcc-arm-none-eabi/current/bin/../lib/gcc/arm-none-eabi/11.3.1/thumb/v7-m/nofp\libc_nano.a(libc_a-mallocr.o)
                              c:/users/henry/scoop/apps/gcc-arm-none-eabi/current/bin/../lib/gcc/arm-none-eabi/11.3.1/thumb/v7-m/nofp\libc_nano.a(libc_a-findfp.o) (_malloc_r)
c:/users/henry/scoop/apps/gcc-arm-none-eabi/current/bin/../lib/gcc/arm-none-eabi/11.3.1/thumb/v7-m/nofp\libc_nano.a(libc_a-mlock.o)
[...]
Memory Configuration

Name             Origin             Length             Attributes
RAM              0x20000000         0x00005000         xrw
FLASH            0x08000000         0x00010000         xr
*default*        0x00000000         0xffffffff

Linker script and memory map

LOAD c:/users/henry/scoop/apps/gcc-arm-none-eabi/current/bin/../lib/gcc/arm-none-eabi/11.3.1/thumb/v7-m/nofp/crti.o
LOAD c:/users/henry/scoop/apps/gcc-arm-none-eabi/current/bin/../lib/gcc/arm-none-eabi/11.3.1/thumb/v7-m/nofp/crtbegin.o
LOAD c:/users/henry/scoop/apps/gcc-arm-none-eabi/current/bin/../lib/gcc/arm-none-eabi/11.3.1/thumb/v7-m/nofp/crt0.o
LOAD build/main.o
LOAD build/stm32f1xx_it.o
LOAD build/stm32f1xx_hal_msp.o
LOAD build/stm32f1xx_hal_gpio_ex.o
LOAD build/stm32f1xx_hal_tim.o
LOAD build/stm32f1xx_hal_tim_ex.o
LOAD build/stm32f1xx_hal_uart.o
LOAD build/stm32f1xx_hal.o
LOAD build/stm32f1xx_hal_rcc.o
LOAD build/stm32f1xx_hal_rcc_ex.o
LOAD build/stm32f1xx_hal_gpio.o
LOAD build/stm32f1xx_hal_dma.o
LOAD build/stm32f1xx_hal_cortex.o
LOAD build/stm32f1xx_hal_pwr.o
LOAD build/stm32f1xx_hal_flash.o
LOAD build/stm32f1xx_hal_flash_ex.o
LOAD build/stm32f1xx_hal_exti.o
LOAD build/system_stm32f1xx.o
LOAD build/gpio.o
LOAD build/usart.o
LOAD build/tim.o
LOAD build/startup_stm32f103xb.o
LOAD c:/users/henry/scoop/apps/gcc-arm-none-eabi/current/bin/../lib/gcc/arm-none-eabi/11.3.1/thumb/v7-m/nofp\libc_nano.a
LOAD c:/users/henry/scoop/apps/gcc-arm-none-eabi/current/bin/../lib/gcc/arm-none-eabi/11.3.1/thumb/v7-m/nofp\libm.a
LOAD c:/users/henry/scoop/apps/gcc-arm-none-eabi/current/bin/../lib/gcc/arm-none-eabi/11.3.1/thumb/v7-m/nofp\libnosys.a
START GROUP
LOAD c:/users/henry/scoop/apps/gcc-arm-none-eabi/current/bin/../lib/gcc/arm-none-eabi/11.3.1/thumb/v7-m/nofp\libgcc.a
LOAD c:/users/henry/scoop/apps/gcc-arm-none-eabi/current/bin/../lib/gcc/arm-none-eabi/11.3.1/thumb/v7-m/nofp\libc_nano.a
END GROUP
START GROUP
LOAD c:/users/henry/scoop/apps/gcc-arm-none-eabi/current/bin/../lib/gcc/arm-none-eabi/11.3.1/thumb/v7-m/nofp\libgcc.a
LOAD c:/users/henry/scoop/apps/gcc-arm-none-eabi/current/bin/../lib/gcc/arm-none-eabi/11.3.1/thumb/v7-m/nofp\libc_nano.a
END GROUP
LOAD c:/users/henry/scoop/apps/gcc-arm-none-eabi/current/bin/../lib/gcc/arm-none-eabi/11.3.1/thumb/v7-m/nofp/crtend.o
LOAD c:/users/henry/scoop/apps/gcc-arm-none-eabi/current/bin/../lib/gcc/arm-none-eabi/11.3.1/thumb/v7-m/nofp/crtn.o
                0x20005000                _estack = (ORIGIN (RAM) + LENGTH (RAM))
                0x00000200                _Min_Heap_Size = 0x200
                0x00000400                _Min_Stack_Size = 0x400

.isr_vector     0x08000000      0x10c
                0x08000000                . = ALIGN (0x4)
 *(.isr_vector)
 .isr_vector    0x08000000      0x10c build/startup_stm32f103xb.o
                0x08000000                g_pfnVectors
                0x0800010c                . = ALIGN (0x4)

.text           0x0800010c     0x2568
                0x0800010c                . = ALIGN (0x4)
 *(.text)
 *(.text*)
 .text.deregister_tm_clones
                0x0800010c       0x1c c:/users/henry/scoop/apps/gcc-arm-none-eabi/current/bin/../lib/gcc/arm-none-eabi/11.3.1/thumb/v7-m/nofp/crtbegin.o
 .text.register_tm_clones
                0x08000128       0x24 c:/users/henry/scoop/apps/gcc-arm-none-eabi/current/bin/../lib/gcc/arm-none-eabi/11.3.1/thumb/v7-m/nofp/crtbegin.o
 .text.__do_global_dtors_aux
                0x0800014c       0x28 c:/users/henry/scoop/apps/gcc-arm-none-eabi/current/bin/../lib/gcc/arm-none-eabi/11.3.1/thumb/v7-m/nofp/crtbegin.o
 .text.frame_dummy
                0x08000174       0x24 c:/users/henry/scoop/apps/gcc-arm-none-eabi/current/bin/../lib/gcc/arm-none-eabi/11.3.1/thumb/v7-m/nofp/crtbegin.o
 .text.HAL_TIM_PeriodElapsedCallback
                0x08000198       0x24 build/main.o
                0x08000198                HAL_TIM_PeriodElapsedCallback
 .text.HAL_UART_RxCpltCallback
                0x080001bc       0x8c build/main.o
                0x080001bc                HAL_UART_RxCpltCallback
 .text.do_work  0x08000248       0x24 build/main.o
                0x08000248                do_work
 .text.Error_Handler
                0x0800026c       0x10 build/main.o
                0x0800026c                Error_Handler
 .text.SystemClock_Config
                0x0800027c       0x64 build/main.o
                0x0800027c                SystemClock_Config
 .text.main     0x080002e0      0x120 build/main.o
                0x080002e0                main
 .text.NMI_Handler
                0x08000400        0x2 build/stm32f1xx_it.o
                0x08000400                NMI_Handler
 .text.HardFault_Handler
                0x08000402        0x2 build/stm32f1xx_it.o
                0x08000402                HardFault_Handler
 .text.MemManage_Handler
                0x08000404        0x2 build/stm32f1xx_it.o
                0x08000404                MemManage_Handler
 .text.BusFault_Handler
                0x08000406        0x2 build/stm32f1xx_it.o
                0x08000406                BusFault_Handler
 .text.UsageFault_Handler
                0x08000408        0x2 build/stm32f1xx_it.o
                0x08000408                UsageFault_Handler
 .text.SVC_Handler
                0x0800040a        0x2 build/stm32f1xx_it.o
                0x0800040a                SVC_Handler
 .text.DebugMon_Handler
                0x0800040c        0x2 build/stm32f1xx_it.o
                0x0800040c                DebugMon_Handler
 .text.PendSV_Handler
                0x0800040e        0x2 build/stm32f1xx_it.o
                0x0800040e                PendSV_Handler
 .text.SysTick_Handler
                0x08000410        0x8 build/stm32f1xx_it.o
                0x08000410                SysTick_Handler
 .text.TIM1_UP_IRQHandler
                0x08000418       0x10 build/stm32f1xx_it.o
                0x08000418                TIM1_UP_IRQHandler
 .text.USART1_IRQHandler
                0x08000428       0x10 build/stm32f1xx_it.o
                0x08000428                USART1_IRQHandler
 .text.HAL_MspInit
                0x08000438       0x44 build/stm32f1xx_hal_msp.o
                0x08000438                HAL_MspInit
 .text.TIM_TI1_ConfigInputStage
                0x0800047c       0x24 build/stm32f1xx_hal_tim.o
 .text.TIM_TI2_ConfigInputStage
                0x080004a0       0x26 build/stm32f1xx_hal_tim.o
 .text.TIM_ITRx_SetConfig
                0x080004c6       0x10 build/stm32f1xx_hal_tim.o
 *fill*         0x080004d6        0x2 
 .text.HAL_TIM_Base_Start_IT
                0x080004d8       0x68 build/stm32f1xx_hal_tim.o
                0x080004d8                HAL_TIM_Base_Start_IT
 .text.HAL_TIM_Base_Stop_IT
                0x08000540       0x32 build/stm32f1xx_hal_tim.o
                0x08000540                HAL_TIM_Base_Stop_IT
 .text.HAL_TIM_OC_DelayElapsedCallback
                0x08000572        0x2 build/stm32f1xx_hal_tim.o
                0x08000572                HAL_TIM_OC_DelayElapsedCallback
 .text.HAL_TIM_IC_CaptureCallback
                0x08000574        0x2 build/stm32f1xx_hal_tim.o
                0x08000574                HAL_TIM_IC_CaptureCallback
 .text.HAL_TIM_PWM_PulseFinishedCallback
                0x08000576        0x2 build/stm32f1xx_hal_tim.o
                0x08000576                HAL_TIM_PWM_PulseFinishedCallback
 .text.HAL_TIM_TriggerCallback
                0x08000578        0x2 build/stm32f1xx_hal_tim.o
                0x08000578                HAL_TIM_TriggerCallback
 .text.HAL_TIM_IRQHandler
                0x0800057a      0x17a build/stm32f1xx_hal_tim.o
                0x0800057a                HAL_TIM_IRQHandler
 .text.TIM_Base_SetConfig
                0x080006f4       0x74 build/stm32f1xx_hal_tim.o
                0x080006f4                TIM_Base_SetConfig
 .text.HAL_TIM_Base_Init
                0x08000768       0x58 build/stm32f1xx_hal_tim.o
                0x08000768                HAL_TIM_Base_Init
 .text.TIM_ETR_SetConfig
                0x080007c0       0x18 build/stm32f1xx_hal_tim.o
                0x080007c0                TIM_ETR_SetConfig
 .text.HAL_TIM_ConfigClockSource
                0x080007d8       0xda build/stm32f1xx_hal_tim.o
                0x080007d8                HAL_TIM_ConfigClockSource
 *fill*         0x080008b2        0x2 
 .text.HAL_TIMEx_MasterConfigSynchronization
                0x080008b4       0x6c build/stm32f1xx_hal_tim_ex.o
                0x080008b4                HAL_TIMEx_MasterConfigSynchronization
 .text.HAL_TIMEx_CommutCallback
                0x08000920        0x2 build/stm32f1xx_hal_tim_ex.o
                0x08000920                HAL_TIMEx_CommutCallback
 .text.HAL_TIMEx_BreakCallback
                0x08000922        0x2 build/stm32f1xx_hal_tim_ex.o
                0x08000922                HAL_TIMEx_BreakCallback
 .text.UART_EndRxTransfer
                0x08000924       0x32 build/stm32f1xx_hal_uart.o
 .text.UART_Transmit_IT
                0x08000956       0x60 build/stm32f1xx_hal_uart.o
 *fill*         0x080009b6        0x2 
 .text.UART_SetConfig
                0x080009b8       0x94 build/stm32f1xx_hal_uart.o
 .text.UART_WaitOnFlagUntilTimeout
                0x08000a4c       0x68 build/stm32f1xx_hal_uart.o
 .text.HAL_UART_Init
                0x08000ab4       0x5e build/stm32f1xx_hal_uart.o
                0x08000ab4                HAL_UART_Init
 .text.HAL_UART_Transmit
                0x08000b12       0xd8 build/stm32f1xx_hal_uart.o
                0x08000b12                HAL_UART_Transmit
 .text.HAL_UART_TxCpltCallback
                0x08000bea        0x2 build/stm32f1xx_hal_uart.o
                0x08000bea                HAL_UART_TxCpltCallback
 .text.UART_EndTransmit_IT
                0x08000bec       0x1a build/stm32f1xx_hal_uart.o
 .text.HAL_UART_ErrorCallback
                0x08000c06        0x2 build/stm32f1xx_hal_uart.o
                0x08000c06                HAL_UART_ErrorCallback
 .text.UART_DMAAbortOnError
                0x08000c08       0x10 build/stm32f1xx_hal_uart.o
 .text.HAL_UARTEx_RxEventCallback
                0x08000c18        0x2 build/stm32f1xx_hal_uart.o
                0x08000c18                HAL_UARTEx_RxEventCallback
 .text.UART_Receive_IT
                0x08000c1a       0xd4 build/stm32f1xx_hal_uart.o
 *fill*         0x08000cee        0x2 
 .text.HAL_UART_IRQHandler
                0x08000cf0      0x204 build/stm32f1xx_hal_uart.o
                0x08000cf0                HAL_UART_IRQHandler
 .text.UART_Start_Receive_IT
                0x08000ef4       0x36 build/stm32f1xx_hal_uart.o
                0x08000ef4                UART_Start_Receive_IT
 .text.HAL_UART_Receive_IT
                0x08000f2a       0x38 build/stm32f1xx_hal_uart.o
                0x08000f2a                HAL_UART_Receive_IT
 *fill*         0x08000f62        0x2 
 .text.HAL_InitTick
                0x08000f64       0x4c build/stm32f1xx_hal.o
                0x08000f64                HAL_InitTick
 .text.HAL_Init
                0x08000fb0       0x24 build/stm32f1xx_hal.o
                0x08000fb0                HAL_Init
 .text.HAL_IncTick
                0x08000fd4       0x18 build/stm32f1xx_hal.o
                0x08000fd4                HAL_IncTick
 .text.HAL_GetTick
                0x08000fec        0xc build/stm32f1xx_hal.o
                0x08000fec                HAL_GetTick
 .text.HAL_Delay
                0x08000ff8       0x28 build/stm32f1xx_hal.o
                0x08000ff8                HAL_Delay
 .text.HAL_SuspendTick
                0x08001020        0xe build/stm32f1xx_hal.o
                0x08001020                HAL_SuspendTick
 .text.HAL_ResumeTick
                0x0800102e        0xe build/stm32f1xx_hal.o
                0x0800102e                HAL_ResumeTick
 .text.RCC_Delay
                0x0800103c       0x2c build/stm32f1xx_hal_rcc.o
 .text.HAL_RCC_OscConfig
                0x08001068      0x410 build/stm32f1xx_hal_rcc.o
                0x08001068                HAL_RCC_OscConfig
 .text.HAL_RCC_GetSysClockFreq
                0x08001478       0x70 build/stm32f1xx_hal_rcc.o
                0x08001478                HAL_RCC_GetSysClockFreq
 .text.HAL_RCC_ClockConfig
                0x080014e8      0x16c build/stm32f1xx_hal_rcc.o
                0x080014e8                HAL_RCC_ClockConfig
 .text.HAL_RCC_GetHCLKFreq
                0x08001654        0xc build/stm32f1xx_hal_rcc.o
                0x08001654                HAL_RCC_GetHCLKFreq
 .text.HAL_RCC_GetPCLK1Freq
                0x08001660       0x20 build/stm32f1xx_hal_rcc.o
                0x08001660                HAL_RCC_GetPCLK1Freq
 .text.HAL_RCC_GetPCLK2Freq
                0x08001680       0x20 build/stm32f1xx_hal_rcc.o
                0x08001680                HAL_RCC_GetPCLK2Freq
 .text.HAL_GPIO_Init
                0x080016a0      0x224 build/stm32f1xx_hal_gpio.o
                0x080016a0                HAL_GPIO_Init
 .text.HAL_DMA_Abort
                0x080018c4       0x44 build/stm32f1xx_hal_dma.o
                0x080018c4                HAL_DMA_Abort
 .text.HAL_DMA_Abort_IT
                0x08001908       0x98 build/stm32f1xx_hal_dma.o
                0x08001908                HAL_DMA_Abort_IT
 .text.HAL_NVIC_SetPriorityGrouping
                0x080019a0       0x24 build/stm32f1xx_hal_cortex.o
                0x080019a0                HAL_NVIC_SetPriorityGrouping
 .text.HAL_NVIC_SetPriority
                0x080019c4       0x70 build/stm32f1xx_hal_cortex.o
                0x080019c4                HAL_NVIC_SetPriority
 .text.HAL_NVIC_EnableIRQ
                0x08001a34       0x1c build/stm32f1xx_hal_cortex.o
                0x08001a34                HAL_NVIC_EnableIRQ
 .text.HAL_SYSTICK_Config
                0x08001a50       0x28 build/stm32f1xx_hal_cortex.o
                0x08001a50                HAL_SYSTICK_Config
 .text.HAL_PWR_EnterSLEEPMode
                0x08001a78       0x20 build/stm32f1xx_hal_pwr.o
                0x08001a78                HAL_PWR_EnterSLEEPMode
 .text.SystemInit
                0x08001a98        0x2 build/system_stm32f1xx.o
                0x08001a98                SystemInit
 *fill*         0x08001a9a        0x2 
 .text.MX_GPIO_Init
                0x08001a9c       0x30 build/gpio.o
                0x08001a9c                MX_GPIO_Init
 .text.MX_USART1_UART_Init
                0x08001acc       0x34 build/usart.o
                0x08001acc                MX_USART1_UART_Init
 .text.HAL_UART_MspInit
                0x08001b00       0x88 build/usart.o
                0x08001b00                HAL_UART_MspInit
 .text.debug_printf
                0x08001b88       0x40 build/usart.o
                0x08001b88                debug_printf
 .text.MX_TIM1_Init
                0x08001bc8       0x78 build/tim.o
                0x08001bc8                MX_TIM1_Init
 .text.HAL_TIM_Base_MspInit
                0x08001c40       0x40 build/tim.o
                0x08001c40                HAL_TIM_Base_MspInit
 .text.Reset_Handler
                0x08001c80       0x48 build/startup_stm32f103xb.o
                0x08001c80                Reset_Handler
 .text.Default_Handler
                0x08001cc8        0x2 build/startup_stm32f103xb.o
                0x08001cc8                RTC_Alarm_IRQHandler
                0x08001cc8                EXTI2_IRQHandler
                0x08001cc8                TIM1_CC_IRQHandler
                0x08001cc8                PVD_IRQHandler
                0x08001cc8                EXTI3_IRQHandler
                0x08001cc8                EXTI0_IRQHandler
                0x08001cc8                I2C2_EV_IRQHandler
                0x08001cc8                ADC1_2_IRQHandler
                0x08001cc8                SPI1_IRQHandler
                0x08001cc8                TAMPER_IRQHandler
                0x08001cc8                DMA1_Channel4_IRQHandler
                0x08001cc8                USART3_IRQHandler
                0x08001cc8                RTC_IRQHandler
                0x08001cc8                DMA1_Channel7_IRQHandler
                0x08001cc8                CAN1_RX1_IRQHandler
                0x08001cc8                TIM4_IRQHandler
                0x08001cc8                I2C1_EV_IRQHandler
                0x08001cc8                DMA1_Channel6_IRQHandler
                0x08001cc8                TIM3_IRQHandler
                0x08001cc8                RCC_IRQHandler
                0x08001cc8                TIM1_TRG_COM_IRQHandler
                0x08001cc8                DMA1_Channel1_IRQHandler
                0x08001cc8                Default_Handler
                0x08001cc8                EXTI15_10_IRQHandler
                0x08001cc8                EXTI9_5_IRQHandler
                0x08001cc8                SPI2_IRQHandler
                0x08001cc8                DMA1_Channel5_IRQHandler
                0x08001cc8                EXTI4_IRQHandler
                0x08001cc8                USB_LP_CAN1_RX0_IRQHandler
                0x08001cc8                USB_HP_CAN1_TX_IRQHandler
                0x08001cc8                DMA1_Channel3_IRQHandler
                0x08001cc8                WWDG_IRQHandler
                0x08001cc8                TIM2_IRQHandler
                0x08001cc8                TIM1_BRK_IRQHandler
                0x08001cc8                EXTI1_IRQHandler
                0x08001cc8                USART2_IRQHandler
                0x08001cc8                I2C2_ER_IRQHandler
                0x08001cc8                DMA1_Channel2_IRQHandler
                0x08001cc8                CAN1_SCE_IRQHandler
                0x08001cc8                FLASH_IRQHandler
                0x08001cc8                I2C1_ER_IRQHandler
                0x08001cc8                USBWakeUp_IRQHandler
 .text._vsnprintf_r
                0x08001cca       0x56 c:/users/henry/scoop/apps/gcc-arm-none-eabi/current/bin/../lib/gcc/arm-none-eabi/11.3.1/thumb/v7-m/nofp\libc_nano.a(libc_a-vsnprintf.o)
                0x08001cca                _vsniprintf_r
                0x08001cca                _vsnprintf_r
 .text.vsnprintf
                0x08001d20       0x1c c:/users/henry/scoop/apps/gcc-arm-none-eabi/current/bin/../lib/gcc/arm-none-eabi/11.3.1/thumb/v7-m/nofp\libc_nano.a(libc_a-vsnprintf.o)
                0x08001d20                vsniprintf
                0x08001d20                vsnprintf
 .text.memset   0x08001d3c       0x10 c:/users/henry/scoop/apps/gcc-arm-none-eabi/current/bin/../lib/gcc/arm-none-eabi/11.3.1/thumb/v7-m/nofp\libc_nano.a(libc_a-memset.o)
                0x08001d3c                memset
 .text.__libc_init_array
                0x08001d4c       0x48 c:/users/henry/scoop/apps/gcc-arm-none-eabi/current/bin/../lib/gcc/arm-none-eabi/11.3.1/thumb/v7-m/nofp\libc_nano.a(libc_a-init.o)
                0x08001d4c                __libc_init_array
 .text.__retarget_lock_acquire_recursive
                0x08001d94        0x2 c:/users/henry/scoop/apps/gcc-arm-none-eabi/current/bin/../lib/gcc/arm-none-eabi/11.3.1/thumb/v7-m/nofp\libc_nano.a(libc_a-lock.o)
                0x08001d94                __retarget_lock_acquire_recursive
 .text.__retarget_lock_release_recursive
                0x08001d96        0x2 c:/users/henry/scoop/apps/gcc-arm-none-eabi/current/bin/../lib/gcc/arm-none-eabi/11.3.1/thumb/v7-m/nofp\libc_nano.a(libc_a-lock.o)
                0x08001d96                __retarget_lock_release_recursive
 .text._free_r  0x08001d98       0x90 c:/users/henry/scoop/apps/gcc-arm-none-eabi/current/bin/../lib/gcc/arm-none-eabi/11.3.1/thumb/v7-m/nofp\libc_nano.a(libc_a-freer.o)
                0x08001d98                _free_r
 .text.sbrk_aligned
                0x08001e28       0x40 c:/users/henry/scoop/apps/gcc-arm-none-eabi/current/bin/../lib/gcc/arm-none-eabi/11.3.1/thumb/v7-m/nofp\libc_nano.a(libc_a-mallocr.o)
 .text._malloc_r
                0x08001e68       0xec c:/users/henry/scoop/apps/gcc-arm-none-eabi/current/bin/../lib/gcc/arm-none-eabi/11.3.1/thumb/v7-m/nofp\libc_nano.a(libc_a-mallocr.o)
                0x08001e68                _malloc_r
 .text.__malloc_lock
                0x08001f54        0xc c:/users/henry/scoop/apps/gcc-arm-none-eabi/current/bin/../lib/gcc/arm-none-eabi/11.3.1/thumb/v7-m/nofp\libc_nano.a(libc_a-mlock.o)
                0x08001f54                __malloc_lock
 .text.__malloc_unlock
                0x08001f60        0xc c:/users/henry/scoop/apps/gcc-arm-none-eabi/current/bin/../lib/gcc/arm-none-eabi/11.3.1/thumb/v7-m/nofp\libc_nano.a(libc_a-mlock.o)
                0x08001f60                __malloc_unlock
 .text.__ssputs_r
                0x08001f6c       0xb4 c:/users/henry/scoop/apps/gcc-arm-none-eabi/current/bin/../lib/gcc/arm-none-eabi/11.3.1/thumb/v7-m/nofp\libc_nano.a(libc_a-nano-svfprintf.o)
                0x08001f6c                __ssputs_r
 .text._svfprintf_r
                0x08002020      0x1fc c:/users/henry/scoop/apps/gcc-arm-none-eabi/current/bin/../lib/gcc/arm-none-eabi/11.3.1/thumb/v7-m/nofp\libc_nano.a(libc_a-nano-svfprintf.o)
                0x08002020                _svfiprintf_r
                0x08002020                _svfprintf_r
 .text._printf_common
                0x0800221c       0xe4 c:/users/henry/scoop/apps/gcc-arm-none-eabi/current/bin/../lib/gcc/arm-none-eabi/11.3.1/thumb/v7-m/nofp\libc_nano.a(libc_a-nano-vfprintf_i.o)
                0x0800221c                _printf_common
 .text._printf_i
                0x08002300      0x244 c:/users/henry/scoop/apps/gcc-arm-none-eabi/current/bin/../lib/gcc/arm-none-eabi/11.3.1/thumb/v7-m/nofp\libc_nano.a(libc_a-nano-vfprintf_i.o)
                0x08002300                _printf_i
 .text.memmove  0x08002544       0x34 c:/users/henry/scoop/apps/gcc-arm-none-eabi/current/bin/../lib/gcc/arm-none-eabi/11.3.1/thumb/v7-m/nofp\libc_nano.a(libc_a-memmove.o)
                0x08002544                memmove
 .text._sbrk_r  0x08002578       0x20 c:/users/henry/scoop/apps/gcc-arm-none-eabi/current/bin/../lib/gcc/arm-none-eabi/11.3.1/thumb/v7-m/nofp\libc_nano.a(libc_a-sbrkr.o)
                0x08002578                _sbrk_r
 .text.memchr   0x08002598       0x1c c:/users/henry/scoop/apps/gcc-arm-none-eabi/current/bin/../lib/gcc/arm-none-eabi/11.3.1/thumb/v7-m/nofp\libc_nano.a(libc_a-memchr-stub.o)
                0x08002598                memchr
 .text.memcpy   0x080025b4       0x1c c:/users/henry/scoop/apps/gcc-arm-none-eabi/current/bin/../lib/gcc/arm-none-eabi/11.3.1/thumb/v7-m/nofp\libc_nano.a(libc_a-memcpy-stub.o)
                0x080025b4                memcpy
 .text._realloc_r
                0x080025d0       0x5e c:/users/henry/scoop/apps/gcc-arm-none-eabi/current/bin/../lib/gcc/arm-none-eabi/11.3.1/thumb/v7-m/nofp\libc_nano.a(libc_a-reallocr.o)
                0x080025d0                _realloc_r
 .text._malloc_usable_size_r
                0x0800262e       0x10 c:/users/henry/scoop/apps/gcc-arm-none-eabi/current/bin/../lib/gcc/arm-none-eabi/11.3.1/thumb/v7-m/nofp\libc_nano.a(libc_a-msizer.o)
                0x0800262e                _malloc_usable_size_r
 *fill*         0x0800263e        0x2 
 .text._sbrk    0x08002640       0x1c c:/users/henry/scoop/apps/gcc-arm-none-eabi/current/bin/../lib/gcc/arm-none-eabi/11.3.1/thumb/v7-m/nofp\libnosys.a(sbrk.o)
                0x08002640                _sbrk
 *(.glue_7)
 .glue_7        0x0800265c        0x0 linker stubs
 *(.glue_7t)
 .glue_7t       0x0800265c        0x0 linker stubs
 *(.eh_frame)
 .eh_frame      0x0800265c        0x0 c:/users/henry/scoop/apps/gcc-arm-none-eabi/current/bin/../lib/gcc/arm-none-eabi/11.3.1/thumb/v7-m/nofp/crtbegin.o
 *(.init)
 .init          0x0800265c        0x4 c:/users/henry/scoop/apps/gcc-arm-none-eabi/current/bin/../lib/gcc/arm-none-eabi/11.3.1/thumb/v7-m/nofp/crti.o
                0x0800265c                _init
 .init          0x08002660        0x8 c:/users/henry/scoop/apps/gcc-arm-none-eabi/current/bin/../lib/gcc/arm-none-eabi/11.3.1/thumb/v7-m/nofp/crtn.o
 *(.fini)
 .fini          0x08002668        0x4 c:/users/henry/scoop/apps/gcc-arm-none-eabi/current/bin/../lib/gcc/arm-none-eabi/11.3.1/thumb/v7-m/nofp/crti.o
                0x08002668                _fini
 .fini          0x0800266c        0x8 c:/users/henry/scoop/apps/gcc-arm-none-eabi/current/bin/../lib/gcc/arm-none-eabi/11.3.1/thumb/v7-m/nofp/crtn.o
                0x08002674                . = ALIGN (0x4)
                0x08002674                _etext = .

.vfp11_veneer   0x08002674        0x0
 .vfp11_veneer  0x08002674        0x0 linker stubs

.v4_bx          0x08002674        0x0
 .v4_bx         0x08002674        0x0 linker stubs

.iplt           0x08002674        0x0
 .iplt          0x08002674        0x0 c:/users/henry/scoop/apps/gcc-arm-none-eabi/current/bin/../lib/gcc/arm-none-eabi/11.3.1/thumb/v7-m/nofp/crtbegin.o

.rodata         0x08002674      0x184
                0x08002674                . = ALIGN (0x4)
 *(.rodata)
 *(.rodata*)
 .rodata.HAL_UART_RxCpltCallback.str1.4
                0x08002674       0x16 build/main.o
 *fill*         0x0800268a        0x2 
 .rodata.do_work.str1.4
                0x0800268c       0x24 build/main.o
 .rodata.Error_Handler.str1.4
                0x080026b0        0xa build/main.o
 *fill*         0x080026ba        0x2 
 .rodata.main.str1.4
                0x080026bc       0xdb build/main.o
 *fill*         0x08002797        0x1 
 .rodata.HAL_RCC_GetSysClockFreq.str1.4
                0x08002798       0x11 build/stm32f1xx_hal_rcc.o
 *fill*         0x080027a9        0x3 
 .rodata.AHBPrescTable
                0x080027ac       0x10 build/system_stm32f1xx.o
                0x080027ac                AHBPrescTable
 .rodata.APBPrescTable
                0x080027bc        0x8 build/system_stm32f1xx.o
                0x080027bc                APBPrescTable
 .rodata._svfprintf_r.str1.1
                0x080027c4       0x11 c:/users/henry/scoop/apps/gcc-arm-none-eabi/current/bin/../lib/gcc/arm-none-eabi/11.3.1/thumb/v7-m/nofp\libc_nano.a(libc_a-nano-svfprintf.o)
 .rodata._printf_i.str1.1
                0x080027d5       0x22 c:/users/henry/scoop/apps/gcc-arm-none-eabi/current/bin/../lib/gcc/arm-none-eabi/11.3.1/thumb/v7-m/nofp\libc_nano.a(libc_a-nano-vfprintf_i.o)
                0x080027f8                . = ALIGN (0x4)
 *fill*         0x080027f7        0x1 

.rel.dyn        0x080027f8        0x0
 .rel.iplt      0x080027f8        0x0 c:/users/henry/scoop/apps/gcc-arm-none-eabi/current/bin/../lib/gcc/arm-none-eabi/11.3.1/thumb/v7-m/nofp/crtbegin.o

.ARM.extab
 *(.ARM.extab* .gnu.linkonce.armextab.*)

.ARM            0x080027f8        0x0
                0x080027f8                __exidx_start = .
 *(.ARM.exidx*)
                0x080027f8                __exidx_end = .

.preinit_array  0x080027f8        0x0
                0x080027f8                PROVIDE (__preinit_array_start = .)
 *(.preinit_array*)
                0x080027f8                PROVIDE (__preinit_array_end = .)

.init_array     0x080027f8        0x4
                0x080027f8                PROVIDE (__init_array_start = .)
 *(SORT_BY_NAME(.init_array.*))
 *(.init_array*)
 .init_array    0x080027f8        0x4 c:/users/henry/scoop/apps/gcc-arm-none-eabi/current/bin/../lib/gcc/arm-none-eabi/11.3.1/thumb/v7-m/nofp/crtbegin.o
                0x080027fc                PROVIDE (__init_array_end = .)

.fini_array     0x080027fc        0x4
                [!provide]                PROVIDE (__fini_array_start = .)
 *(SORT_BY_NAME(.fini_array.*))
 *(.fini_array*)
 .fini_array    0x080027fc        0x4 c:/users/henry/scoop/apps/gcc-arm-none-eabi/current/bin/../lib/gcc/arm-none-eabi/11.3.1/thumb/v7-m/nofp/crtbegin.o
                [!provide]                PROVIDE (__fini_array_end = .)
                0x08002800                _sidata = LOADADDR (.data)

.data           0x20000000       0x60 load address 0x08002800
                0x20000000                . = ALIGN (0x4)
                0x20000000                _sdata = .
 *(.data)
 *(.data*)
 .data.work     0x20000000        0x4 build/main.o
                0x20000000                work
 .data.uwTickFreq
                0x20000004        0x1 build/stm32f1xx_hal.o
                0x20000004                uwTickFreq
 *fill*         0x20000005        0x3 
 .data.uwTickPrio
                0x20000008        0x4 build/stm32f1xx_hal.o
                0x20000008                uwTickPrio
 .data.SystemCoreClock
                0x2000000c        0x4 build/system_stm32f1xx.o
                0x2000000c                SystemCoreClock
 .data._impure_data
                0x20000010       0x4c c:/users/henry/scoop/apps/gcc-arm-none-eabi/current/bin/../lib/gcc/arm-none-eabi/11.3.1/thumb/v7-m/nofp\libc_nano.a(libc_a-impure.o)
                0x20000010                _impure_data
 .data._impure_ptr
                0x2000005c        0x4 c:/users/henry/scoop/apps/gcc-arm-none-eabi/current/bin/../lib/gcc/arm-none-eabi/11.3.1/thumb/v7-m/nofp\libc_nano.a(libc_a-impure.o)
                0x2000005c                _impure_ptr
                0x20000060                . = ALIGN (0x4)
                0x20000060                _edata = .

.tm_clone_table
                0x20000060        0x0 load address 0x08002860
 .tm_clone_table
                0x20000060        0x0 c:/users/henry/scoop/apps/gcc-arm-none-eabi/current/bin/../lib/gcc/arm-none-eabi/11.3.1/thumb/v7-m/nofp/crtbegin.o
 .tm_clone_table
                0x20000060        0x0 c:/users/henry/scoop/apps/gcc-arm-none-eabi/current/bin/../lib/gcc/arm-none-eabi/11.3.1/thumb/v7-m/nofp/crtend.o

.igot.plt       0x20000060        0x0 load address 0x08002860
 .igot.plt      0x20000060        0x0 c:/users/henry/scoop/apps/gcc-arm-none-eabi/current/bin/../lib/gcc/arm-none-eabi/11.3.1/thumb/v7-m/nofp/crtbegin.o
                0x20000060                . = ALIGN (0x4)

.bss            0x20000060      0x2fc load address 0x08002860
                0x20000060                _sbss = .
                0x20000060                __bss_start__ = _sbss
 *(.bss)
 *(.bss*)
 .bss.completed.1
                0x20000060        0x1 c:/users/henry/scoop/apps/gcc-arm-none-eabi/current/bin/../lib/gcc/arm-none-eabi/11.3.1/thumb/v7-m/nofp/crtbegin.o
 *fill*         0x20000061        0x3 
 .bss.object.0  0x20000064       0x18 c:/users/henry/scoop/apps/gcc-arm-none-eabi/current/bin/../lib/gcc/arm-none-eabi/11.3.1/thumb/v7-m/nofp/crtbegin.o
 .bss.cmd       0x2000007c        0x1 build/main.o
                0x2000007c                cmd
 .bss.state     0x2000007d        0x1 build/main.o
                0x2000007d                state
 *fill*         0x2000007e        0x2 
 .bss.uwTick    0x20000080        0x4 build/stm32f1xx_hal.o
                0x20000080                uwTick
 .bss.buffer.0  0x20000084      0x100 build/usart.o
 .bss.huart1    0x20000184       0x44 build/usart.o
                0x20000184                huart1
 .bss.htim1     0x200001c8       0x48 build/tim.o
                0x200001c8                htim1
 .bss.__sf      0x20000210      0x138 c:/users/henry/scoop/apps/gcc-arm-none-eabi/current/bin/../lib/gcc/arm-none-eabi/11.3.1/thumb/v7-m/nofp\libc_nano.a(libc_a-findfp.o)
                0x20000210                __sf
 .bss.errno     0x20000348        0x4 c:/users/henry/scoop/apps/gcc-arm-none-eabi/current/bin/../lib/gcc/arm-none-eabi/11.3.1/thumb/v7-m/nofp\libc_nano.a(libc_a-reent.o)
                0x20000348                errno
 .bss.__lock___malloc_recursive_mutex
                0x2000034c        0x1 c:/users/henry/scoop/apps/gcc-arm-none-eabi/current/bin/../lib/gcc/arm-none-eabi/11.3.1/thumb/v7-m/nofp\libc_nano.a(libc_a-lock.o)
                0x2000034c                __lock___malloc_recursive_mutex
 *fill*         0x2000034d        0x3 
 .bss.__malloc_free_list
                0x20000350        0x4 c:/users/henry/scoop/apps/gcc-arm-none-eabi/current/bin/../lib/gcc/arm-none-eabi/11.3.1/thumb/v7-m/nofp\libc_nano.a(libc_a-mallocr.o)
                0x20000350                __malloc_free_list
 .bss.__malloc_sbrk_start
                0x20000354        0x4 c:/users/henry/scoop/apps/gcc-arm-none-eabi/current/bin/../lib/gcc/arm-none-eabi/11.3.1/thumb/v7-m/nofp\libc_nano.a(libc_a-mallocr.o)
                0x20000354                __malloc_sbrk_start
 .bss.heap_end.0
                0x20000358        0x4 c:/users/henry/scoop/apps/gcc-arm-none-eabi/current/bin/../lib/gcc/arm-none-eabi/11.3.1/thumb/v7-m/nofp\libnosys.a(sbrk.o)
 *(COMMON)
                0x2000035c                . = ALIGN (0x4)
                0x2000035c                _ebss = .
                0x2000035c                __bss_end__ = _ebss

._user_heap_stack
                0x2000035c      0x604 load address 0x08002860
                0x20000360                . = ALIGN (0x8)
 *fill*         0x2000035c        0x4 
                0x20000360                PROVIDE (end = .)
                [!provide]                PROVIDE (_end = .)
                0x20000560                . = (. + _Min_Heap_Size)
 *fill*         0x20000360      0x200 
                0x20000960                . = (. + _Min_Stack_Size)
 *fill*         0x20000560      0x400 
                0x20000960                . = ALIGN (0x8)

/DISCARD/
 libc.a(*)
 libm.a(*)
 libgcc.a(*)

.ARM.attributes
                0x00000000       0x29
 *(.ARM.attributes)
 .ARM.attributes
                0x00000000       0x1d c:/users/henry/scoop/apps/gcc-arm-none-eabi/current/bin/../lib/gcc/arm-none-eabi/11.3.1/thumb/v7-m/nofp/crti.o
 .ARM.attributes
                0x0000001d       0x2d c:/users/henry/scoop/apps/gcc-arm-none-eabi/current/bin/../lib/gcc/arm-none-eabi/11.3.1/thumb/v7-m/nofp/crtbegin.o
 .ARM.attributes
                0x0000004a       0x2d build/main.o
 .ARM.attributes
                0x00000077       0x2d build/stm32f1xx_it.o
 .ARM.attributes
                0x000000a4       0x2d build/stm32f1xx_hal_msp.o
 .ARM.attributes
                0x000000d1       0x2d build/stm32f1xx_hal_tim.o
 .ARM.attributes
                0x000000fe       0x2d build/stm32f1xx_hal_tim_ex.o
 .ARM.attributes
                0x0000012b       0x2d build/stm32f1xx_hal_uart.o
 .ARM.attributes
                0x00000158       0x2d build/stm32f1xx_hal.o
 .ARM.attributes
                0x00000185       0x2d build/stm32f1xx_hal_rcc.o
 .ARM.attributes
                0x000001b2       0x2d build/stm32f1xx_hal_gpio.o
 .ARM.attributes
                0x000001df       0x2d build/stm32f1xx_hal_dma.o
 .ARM.attributes
                0x0000020c       0x2d build/stm32f1xx_hal_cortex.o
 .ARM.attributes
                0x00000239       0x2d build/stm32f1xx_hal_pwr.o
 .ARM.attributes
                0x00000266       0x2d build/system_stm32f1xx.o
 .ARM.attributes
                0x00000293       0x2d build/gpio.o
 .ARM.attributes
                0x000002c0       0x2d build/usart.o
 .ARM.attributes
                0x000002ed       0x2d build/tim.o
 .ARM.attributes
                0x0000031a       0x21 build/startup_stm32f103xb.o
 .ARM.attributes
                0x0000033b       0x2d c:/users/henry/scoop/apps/gcc-arm-none-eabi/current/bin/../lib/gcc/arm-none-eabi/11.3.1/thumb/v7-m/nofp\libc_nano.a(libc_a-findfp.o)
 .ARM.attributes
                0x00000368       0x2d c:/users/henry/scoop/apps/gcc-arm-none-eabi/current/bin/../lib/gcc/arm-none-eabi/11.3.1/thumb/v7-m/nofp\libc_nano.a(libc_a-vsnprintf.o)
 .ARM.attributes
                0x00000395       0x2d c:/users/henry/scoop/apps/gcc-arm-none-eabi/current/bin/../lib/gcc/arm-none-eabi/11.3.1/thumb/v7-m/nofp\libc_nano.a(libc_a-memset.o)
 .ARM.attributes
                0x000003c2       0x2d c:/users/henry/scoop/apps/gcc-arm-none-eabi/current/bin/../lib/gcc/arm-none-eabi/11.3.1/thumb/v7-m/nofp\libc_nano.a(libc_a-reent.o)
 .ARM.attributes
                0x000003ef       0x2d c:/users/henry/scoop/apps/gcc-arm-none-eabi/current/bin/../lib/gcc/arm-none-eabi/11.3.1/thumb/v7-m/nofp\libc_nano.a(libc_a-impure.o)
 .ARM.attributes
                0x0000041c       0x2d c:/users/henry/scoop/apps/gcc-arm-none-eabi/current/bin/../lib/gcc/arm-none-eabi/11.3.1/thumb/v7-m/nofp\libc_nano.a(libc_a-init.o)
 .ARM.attributes
                0x00000449       0x2d c:/users/henry/scoop/apps/gcc-arm-none-eabi/current/bin/../lib/gcc/arm-none-eabi/11.3.1/thumb/v7-m/nofp\libc_nano.a(libc_a-lock.o)
 .ARM.attributes
                0x00000476       0x2d c:/users/henry/scoop/apps/gcc-arm-none-eabi/current/bin/../lib/gcc/arm-none-eabi/11.3.1/thumb/v7-m/nofp\libc_nano.a(libc_a-freer.o)
 .ARM.attributes
                0x000004a3       0x2d c:/users/henry/scoop/apps/gcc-arm-none-eabi/current/bin/../lib/gcc/arm-none-eabi/11.3.1/thumb/v7-m/nofp\libc_nano.a(libc_a-mallocr.o)
 .ARM.attributes
                0x000004d0       0x2d c:/users/henry/scoop/apps/gcc-arm-none-eabi/current/bin/../lib/gcc/arm-none-eabi/11.3.1/thumb/v7-m/nofp\libc_nano.a(libc_a-mlock.o)
 .ARM.attributes
                0x000004fd       0x2d c:/users/henry/scoop/apps/gcc-arm-none-eabi/current/bin/../lib/gcc/arm-none-eabi/11.3.1/thumb/v7-m/nofp\libc_nano.a(libc_a-nano-svfprintf.o)
 .ARM.attributes
                0x0000052a       0x2d c:/users/henry/scoop/apps/gcc-arm-none-eabi/current/bin/../lib/gcc/arm-none-eabi/11.3.1/thumb/v7-m/nofp\libc_nano.a(libc_a-nano-vfprintf_i.o)
 .ARM.attributes
                0x00000557       0x2d c:/users/henry/scoop/apps/gcc-arm-none-eabi/current/bin/../lib/gcc/arm-none-eabi/11.3.1/thumb/v7-m/nofp\libc_nano.a(libc_a-memmove.o)
 .ARM.attributes
                0x00000584       0x2d c:/users/henry/scoop/apps/gcc-arm-none-eabi/current/bin/../lib/gcc/arm-none-eabi/11.3.1/thumb/v7-m/nofp\libc_nano.a(libc_a-sbrkr.o)
 .ARM.attributes
                0x000005b1       0x2d c:/users/henry/scoop/apps/gcc-arm-none-eabi/current/bin/../lib/gcc/arm-none-eabi/11.3.1/thumb/v7-m/nofp\libc_nano.a(libc_a-memchr-stub.o)
 .ARM.attributes
                0x000005de       0x2d c:/users/henry/scoop/apps/gcc-arm-none-eabi/current/bin/../lib/gcc/arm-none-eabi/11.3.1/thumb/v7-m/nofp\libc_nano.a(libc_a-memcpy-stub.o)
 .ARM.attributes
                0x0000060b       0x2d c:/users/henry/scoop/apps/gcc-arm-none-eabi/current/bin/../lib/gcc/arm-none-eabi/11.3.1/thumb/v7-m/nofp\libc_nano.a(libc_a-reallocr.o)
 .ARM.attributes
                0x00000638       0x2d c:/users/henry/scoop/apps/gcc-arm-none-eabi/current/bin/../lib/gcc/arm-none-eabi/11.3.1/thumb/v7-m/nofp\libc_nano.a(libc_a-msizer.o)
 .ARM.attributes
                0x00000665       0x2d c:/users/henry/scoop/apps/gcc-arm-none-eabi/current/bin/../lib/gcc/arm-none-eabi/11.3.1/thumb/v7-m/nofp\libnosys.a(sbrk.o)
 .ARM.attributes
                0x00000692       0x2d c:/users/henry/scoop/apps/gcc-arm-none-eabi/current/bin/../lib/gcc/arm-none-eabi/11.3.1/thumb/v7-m/nofp/crtend.o
 .ARM.attributes
                0x000006bf       0x1d c:/users/henry/scoop/apps/gcc-arm-none-eabi/current/bin/../lib/gcc/arm-none-eabi/11.3.1/thumb/v7-m/nofp/crtn.o
OUTPUT(build/PowerController.elf elf32-littlearm)
LOAD linker stubs
LOAD c:/users/henry/scoop/apps/gcc-arm-none-eabi/current/bin/../lib/gcc/arm-none-eabi/11.3.1/thumb/v7-m/nofp\libc.a
LOAD c:/users/henry/scoop/apps/gcc-arm-none-eabi/current/bin/../lib/gcc/arm-none-eabi/11.3.1/thumb/v7-m/nofp\libm.a
LOAD c:/users/henry/scoop/apps/gcc-arm-none-eabi/current/bin/../lib/gcc/arm-none-eabi/11.3.1/thumb/v7-m/nofp\libgcc.a

.comment        0x00000000       0x33
 .comment       0x00000000       0x33 c:/users/henry/scoop/apps/gcc-arm-none-eabi/current/bin/../lib/gcc/arm-none-eabi/11.3.1/thumb/v7-m/nofp/crtbegin.o
                                 0x34 (size before relaxing)
 .comment       0x00000033       0x34 build/main.o
 .comment       0x00000033       0x34 build/stm32f1xx_it.o
 .comment       0x00000033       0x34 build/stm32f1xx_hal_msp.o
 .comment       0x00000033       0x34 build/stm32f1xx_hal_tim.o
 .comment       0x00000033       0x34 build/stm32f1xx_hal_tim_ex.o
 .comment       0x00000033       0x34 build/stm32f1xx_hal_uart.o
 .comment       0x00000033       0x34 build/stm32f1xx_hal.o
 .comment       0x00000033       0x34 build/stm32f1xx_hal_rcc.o
 .comment       0x00000033       0x34 build/stm32f1xx_hal_gpio.o
 .comment       0x00000033       0x34 build/stm32f1xx_hal_dma.o
 .comment       0x00000033       0x34 build/stm32f1xx_hal_cortex.o
 .comment       0x00000033       0x34 build/stm32f1xx_hal_pwr.o
 .comment       0x00000033       0x34 build/system_stm32f1xx.o
 .comment       0x00000033       0x34 build/gpio.o
 .comment       0x00000033       0x34 build/usart.o
 .comment       0x00000033       0x34 build/tim.o
 .comment       0x00000033       0x34 c:/users/henry/scoop/apps/gcc-arm-none-eabi/current/bin/../lib/gcc/arm-none-eabi/11.3.1/thumb/v7-m/nofp\libc_nano.a(libc_a-findfp.o)
 .comment       0x00000033       0x34 c:/users/henry/scoop/apps/gcc-arm-none-eabi/current/bin/../lib/gcc/arm-none-eabi/11.3.1/thumb/v7-m/nofp\libc_nano.a(libc_a-vsnprintf.o)
 .comment       0x00000033       0x34 c:/users/henry/scoop/apps/gcc-arm-none-eabi/current/bin/../lib/gcc/arm-none-eabi/11.3.1/thumb/v7-m/nofp\libc_nano.a(libc_a-memset.o)
 .comment       0x00000033       0x34 c:/users/henry/scoop/apps/gcc-arm-none-eabi/current/bin/../lib/gcc/arm-none-eabi/11.3.1/thumb/v7-m/nofp\libc_nano.a(libc_a-reent.o)
 .comment       0x00000033       0x34 c:/users/henry/scoop/apps/gcc-arm-none-eabi/current/bin/../lib/gcc/arm-none-eabi/11.3.1/thumb/v7-m/nofp\libc_nano.a(libc_a-impure.o)
 .comment       0x00000033       0x34 c:/users/henry/scoop/apps/gcc-arm-none-eabi/current/bin/../lib/gcc/arm-none-eabi/11.3.1/thumb/v7-m/nofp\libc_nano.a(libc_a-init.o)
 .comment       0x00000033       0x34 c:/users/henry/scoop/apps/gcc-arm-none-eabi/current/bin/../lib/gcc/arm-none-eabi/11.3.1/thumb/v7-m/nofp\libc_nano.a(libc_a-lock.o)
 .comment       0x00000033       0x34 c:/users/henry/scoop/apps/gcc-arm-none-eabi/current/bin/../lib/gcc/arm-none-eabi/11.3.1/thumb/v7-m/nofp\libc_nano.a(libc_a-freer.o)
 .comment       0x00000033       0x34 c:/users/henry/scoop/apps/gcc-arm-none-eabi/current/bin/../lib/gcc/arm-none-eabi/11.3.1/thumb/v7-m/nofp\libc_nano.a(libc_a-mallocr.o)
 .comment       0x00000033       0x34 c:/users/henry/scoop/apps/gcc-arm-none-eabi/current/bin/../lib/gcc/arm-none-eabi/11.3.1/thumb/v7-m/nofp\libc_nano.a(libc_a-mlock.o)
 .comment       0x00000033       0x34 c:/users/henry/scoop/apps/gcc-arm-none-eabi/current/bin/../lib/gcc/arm-none-eabi/11.3.1/thumb/v7-m/nofp\libc_nano.a(libc_a-nano-svfprintf.o)
 .comment       0x00000033       0x34 c:/users/henry/scoop/apps/gcc-arm-none-eabi/current/bin/../lib/gcc/arm-none-eabi/11.3.1/thumb/v7-m/nofp\libc_nano.a(libc_a-nano-vfprintf_i.o)
 .comment       0x00000033       0x34 c:/users/henry/scoop/apps/gcc-arm-none-eabi/current/bin/../lib/gcc/arm-none-eabi/11.3.1/thumb/v7-m/nofp\libc_nano.a(libc_a-memmove.o)
 .comment       0x00000033       0x34 c:/users/henry/scoop/apps/gcc-arm-none-eabi/current/bin/../lib/gcc/arm-none-eabi/11.3.1/thumb/v7-m/nofp\libc_nano.a(libc_a-sbrkr.o)
 .comment       0x00000033       0x34 c:/users/henry/scoop/apps/gcc-arm-none-eabi/current/bin/../lib/gcc/arm-none-eabi/11.3.1/thumb/v7-m/nofp\libc_nano.a(libc_a-memchr-stub.o)
 .comment       0x00000033       0x34 c:/users/henry/scoop/apps/gcc-arm-none-eabi/current/bin/../lib/gcc/arm-none-eabi/11.3.1/thumb/v7-m/nofp\libc_nano.a(libc_a-memcpy-stub.o)
 .comment       0x00000033       0x34 c:/users/henry/scoop/apps/gcc-arm-none-eabi/current/bin/../lib/gcc/arm-none-eabi/11.3.1/thumb/v7-m/nofp\libc_nano.a(libc_a-reallocr.o)
 .comment       0x00000033       0x34 c:/users/henry/scoop/apps/gcc-arm-none-eabi/current/bin/../lib/gcc/arm-none-eabi/11.3.1/thumb/v7-m/nofp\libc_nano.a(libc_a-msizer.o)
 .comment       0x00000033       0x34 c:/users/henry/scoop/apps/gcc-arm-none-eabi/current/bin/../lib/gcc/arm-none-eabi/11.3.1/thumb/v7-m/nofp\libnosys.a(sbrk.o)
 .comment       0x00000033       0x34 c:/users/henry/scoop/apps/gcc-arm-none-eabi/current/bin/../lib/gcc/arm-none-eabi/11.3.1/thumb/v7-m/nofp/crtend.o

.debug_info     0x00000000    0x16abc
 .debug_info    0x00000000     0x111e build/main.o
 .debug_info    0x0000111e      0xaa4 build/stm32f1xx_it.o
 .debug_info    0x00001bc2      0x238 build/stm32f1xx_hal_msp.o
 .debug_info    0x00001dfa     0x3e57 build/stm32f1xx_hal_tim.o
 .debug_info    0x00005c51     0x1c4f build/stm32f1xx_hal_tim_ex.o
 .debug_info    0x000078a0     0x1e4c build/stm32f1xx_hal_uart.o
 .debug_info    0x000096ec      0x880 build/stm32f1xx_hal.o
 .debug_info    0x00009f6c      0xb0c build/stm32f1xx_hal_rcc.o
 .debug_info    0x0000aa78      0x6d7 build/stm32f1xx_hal_gpio.o
 .debug_info    0x0000b14f      0x8b8 build/stm32f1xx_hal_dma.o
 .debug_info    0x0000ba07      0xe33 build/stm32f1xx_hal_cortex.o
 .debug_info    0x0000c83a      0x748 build/stm32f1xx_hal_pwr.o
 .debug_info    0x0000cf82      0x26e build/system_stm32f1xx.o
 .debug_info    0x0000d1f0      0x199 build/gpio.o
 .debug_info    0x0000d389      0xc5b build/usart.o
 .debug_info    0x0000dfe4      0xb7c build/tim.o
 .debug_info    0x0000eb60       0x22 build/startup_stm32f103xb.o
 .debug_info    0x0000eb82      0xf8f c:/users/henry/scoop/apps/gcc-arm-none-eabi/current/bin/../lib/gcc/arm-none-eabi/11.3.1/thumb/v7-m/nofp\libc_nano.a(libc_a-findfp.o)
 .debug_info    0x0000fb11      0x889 c:/users/henry/scoop/apps/gcc-arm-none-eabi/current/bin/../lib/gcc/arm-none-eabi/11.3.1/thumb/v7-m/nofp\libc_nano.a(libc_a-vsnprintf.o)
 .debug_info    0x0001039a       0xe0 c:/users/henry/scoop/apps/gcc-arm-none-eabi/current/bin/../lib/gcc/arm-none-eabi/11.3.1/thumb/v7-m/nofp\libc_nano.a(libc_a-memset.o)
 .debug_info    0x0001047a      0x858 c:/users/henry/scoop/apps/gcc-arm-none-eabi/current/bin/../lib/gcc/arm-none-eabi/11.3.1/thumb/v7-m/nofp\libc_nano.a(libc_a-reent.o)
 .debug_info    0x00010cd2      0x714 c:/users/henry/scoop/apps/gcc-arm-none-eabi/current/bin/../lib/gcc/arm-none-eabi/11.3.1/thumb/v7-m/nofp\libc_nano.a(libc_a-impure.o)
 .debug_info    0x000113e6      0x10b c:/users/henry/scoop/apps/gcc-arm-none-eabi/current/bin/../lib/gcc/arm-none-eabi/11.3.1/thumb/v7-m/nofp\libc_nano.a(libc_a-init.o)
 .debug_info    0x000114f1      0x20a c:/users/henry/scoop/apps/gcc-arm-none-eabi/current/bin/../lib/gcc/arm-none-eabi/11.3.1/thumb/v7-m/nofp\libc_nano.a(libc_a-lock.o)
 .debug_info    0x000116fb      0x84a c:/users/henry/scoop/apps/gcc-arm-none-eabi/current/bin/../lib/gcc/arm-none-eabi/11.3.1/thumb/v7-m/nofp\libc_nano.a(libc_a-freer.o)
 .debug_info    0x00011f45      0x9bb c:/users/henry/scoop/apps/gcc-arm-none-eabi/current/bin/../lib/gcc/arm-none-eabi/11.3.1/thumb/v7-m/nofp\libc_nano.a(libc_a-mallocr.o)
 .debug_info    0x00012900      0x76a c:/users/henry/scoop/apps/gcc-arm-none-eabi/current/bin/../lib/gcc/arm-none-eabi/11.3.1/thumb/v7-m/nofp\libc_nano.a(libc_a-mlock.o)
 .debug_info    0x0001306a     0x10c1 c:/users/henry/scoop/apps/gcc-arm-none-eabi/current/bin/../lib/gcc/arm-none-eabi/11.3.1/thumb/v7-m/nofp\libc_nano.a(libc_a-nano-svfprintf.o)
 .debug_info    0x0001412b      0xddf c:/users/henry/scoop/apps/gcc-arm-none-eabi/current/bin/../lib/gcc/arm-none-eabi/11.3.1/thumb/v7-m/nofp\libc_nano.a(libc_a-nano-vfprintf_i.o)
 .debug_info    0x00014f0a      0x10f c:/users/henry/scoop/apps/gcc-arm-none-eabi/current/bin/../lib/gcc/arm-none-eabi/11.3.1/thumb/v7-m/nofp\libc_nano.a(libc_a-memmove.o)
 .debug_info    0x00015019      0x77b c:/users/henry/scoop/apps/gcc-arm-none-eabi/current/bin/../lib/gcc/arm-none-eabi/11.3.1/thumb/v7-m/nofp\libc_nano.a(libc_a-sbrkr.o)
 .debug_info    0x00015794      0x110 c:/users/henry/scoop/apps/gcc-arm-none-eabi/current/bin/../lib/gcc/arm-none-eabi/11.3.1/thumb/v7-m/nofp\libc_nano.a(libc_a-memchr-stub.o)
 .debug_info    0x000158a4      0x121 c:/users/henry/scoop/apps/gcc-arm-none-eabi/current/bin/../lib/gcc/arm-none-eabi/11.3.1/thumb/v7-m/nofp\libc_nano.a(libc_a-memcpy-stub.o)
 .debug_info    0x000159c5      0x8c6 c:/users/henry/scoop/apps/gcc-arm-none-eabi/current/bin/../lib/gcc/arm-none-eabi/11.3.1/thumb/v7-m/nofp\libc_nano.a(libc_a-reallocr.o)
 .debug_info    0x0001628b      0x793 c:/users/henry/scoop/apps/gcc-arm-none-eabi/current/bin/../lib/gcc/arm-none-eabi/11.3.1/thumb/v7-m/nofp\libc_nano.a(libc_a-msizer.o)
 .debug_info    0x00016a1e       0x9e c:/users/henry/scoop/apps/gcc-arm-none-eabi/current/bin/../lib/gcc/arm-none-eabi/11.3.1/thumb/v7-m/nofp\libnosys.a(sbrk.o)

.debug_abbrev   0x00000000     0x438e
 .debug_abbrev  0x00000000      0x32f build/main.o
 .debug_abbrev  0x0000032f      0x190 build/stm32f1xx_it.o
 .debug_abbrev  0x000004bf       0xe7 build/stm32f1xx_hal_msp.o
 .debug_abbrev  0x000005a6      0x2b6 build/stm32f1xx_hal_tim.o
 .debug_abbrev  0x0000085c      0x2b0 build/stm32f1xx_hal_tim_ex.o
 .debug_abbrev  0x00000b0c      0x2df build/stm32f1xx_hal_uart.o
 .debug_abbrev  0x00000deb      0x232 build/stm32f1xx_hal.o
 .debug_abbrev  0x0000101d      0x2b8 build/stm32f1xx_hal_rcc.o
 .debug_abbrev  0x000012d5      0x222 build/stm32f1xx_hal_gpio.o
 .debug_abbrev  0x000014f7      0x261 build/stm32f1xx_hal_dma.o
 .debug_abbrev  0x00001758      0x348 build/stm32f1xx_hal_cortex.o
 .debug_abbrev  0x00001aa0      0x1fc build/stm32f1xx_hal_pwr.o
 .debug_abbrev  0x00001c9c      0x140 build/system_stm32f1xx.o
 .debug_abbrev  0x00001ddc       0xc1 build/gpio.o
 .debug_abbrev  0x00001e9d      0x291 build/usart.o
 .debug_abbrev  0x0000212e      0x22a build/tim.o
 .debug_abbrev  0x00002358       0x12 build/startup_stm32f103xb.o
 .debug_abbrev  0x0000236a      0x40c c:/users/henry/scoop/apps/gcc-arm-none-eabi/current/bin/../lib/gcc/arm-none-eabi/11.3.1/thumb/v7-m/nofp\libc_nano.a(libc_a-findfp.o)
 .debug_abbrev  0x00002776      0x228 c:/users/henry/scoop/apps/gcc-arm-none-eabi/current/bin/../lib/gcc/arm-none-eabi/11.3.1/thumb/v7-m/nofp\libc_nano.a(libc_a-vsnprintf.o)
 .debug_abbrev  0x0000299e       0x9e c:/users/henry/scoop/apps/gcc-arm-none-eabi/current/bin/../lib/gcc/arm-none-eabi/11.3.1/thumb/v7-m/nofp\libc_nano.a(libc_a-memset.o)
 .debug_abbrev  0x00002a3c      0x1f8 c:/users/henry/scoop/apps/gcc-arm-none-eabi/current/bin/../lib/gcc/arm-none-eabi/11.3.1/thumb/v7-m/nofp\libc_nano.a(libc_a-reent.o)
 .debug_abbrev  0x00002c34      0x149 c:/users/henry/scoop/apps/gcc-arm-none-eabi/current/bin/../lib/gcc/arm-none-eabi/11.3.1/thumb/v7-m/nofp\libc_nano.a(libc_a-impure.o)
 .debug_abbrev  0x00002d7d       0xc9 c:/users/henry/scoop/apps/gcc-arm-none-eabi/current/bin/../lib/gcc/arm-none-eabi/11.3.1/thumb/v7-m/nofp\libc_nano.a(libc_a-init.o)
 .debug_abbrev  0x00002e46      0x115 c:/users/henry/scoop/apps/gcc-arm-none-eabi/current/bin/../lib/gcc/arm-none-eabi/11.3.1/thumb/v7-m/nofp\libc_nano.a(libc_a-lock.o)
 .debug_abbrev  0x00002f5b      0x236 c:/users/henry/scoop/apps/gcc-arm-none-eabi/current/bin/../lib/gcc/arm-none-eabi/11.3.1/thumb/v7-m/nofp\libc_nano.a(libc_a-freer.o)
 .debug_abbrev  0x00003191      0x24a c:/users/henry/scoop/apps/gcc-arm-none-eabi/current/bin/../lib/gcc/arm-none-eabi/11.3.1/thumb/v7-m/nofp\libc_nano.a(libc_a-mallocr.o)
 .debug_abbrev  0x000033db      0x1bf c:/users/henry/scoop/apps/gcc-arm-none-eabi/current/bin/../lib/gcc/arm-none-eabi/11.3.1/thumb/v7-m/nofp\libc_nano.a(libc_a-mlock.o)
 .debug_abbrev  0x0000359a      0x31f c:/users/henry/scoop/apps/gcc-arm-none-eabi/current/bin/../lib/gcc/arm-none-eabi/11.3.1/thumb/v7-m/nofp\libc_nano.a(libc_a-nano-svfprintf.o)
 .debug_abbrev  0x000038b9      0x28f c:/users/henry/scoop/apps/gcc-arm-none-eabi/current/bin/../lib/gcc/arm-none-eabi/11.3.1/thumb/v7-m/nofp\libc_nano.a(libc_a-nano-vfprintf_i.o)
 .debug_abbrev  0x00003b48       0xac c:/users/henry/scoop/apps/gcc-arm-none-eabi/current/bin/../lib/gcc/arm-none-eabi/11.3.1/thumb/v7-m/nofp\libc_nano.a(libc_a-memmove.o)
 .debug_abbrev  0x00003bf4      0x1da c:/users/henry/scoop/apps/gcc-arm-none-eabi/current/bin/../lib/gcc/arm-none-eabi/11.3.1/thumb/v7-m/nofp\libc_nano.a(libc_a-sbrkr.o)
 .debug_abbrev  0x00003dce       0xb1 c:/users/henry/scoop/apps/gcc-arm-none-eabi/current/bin/../lib/gcc/arm-none-eabi/11.3.1/thumb/v7-m/nofp\libc_nano.a(libc_a-memchr-stub.o)
 .debug_abbrev  0x00003e7f       0xc1 c:/users/henry/scoop/apps/gcc-arm-none-eabi/current/bin/../lib/gcc/arm-none-eabi/11.3.1/thumb/v7-m/nofp\libc_nano.a(libc_a-memcpy-stub.o)
 .debug_abbrev  0x00003f40      0x217 c:/users/henry/scoop/apps/gcc-arm-none-eabi/current/bin/../lib/gcc/arm-none-eabi/11.3.1/thumb/v7-m/nofp\libc_nano.a(libc_a-reallocr.o)
 .debug_abbrev  0x00004157      0x196 c:/users/henry/scoop/apps/gcc-arm-none-eabi/current/bin/../lib/gcc/arm-none-eabi/11.3.1/thumb/v7-m/nofp\libc_nano.a(libc_a-msizer.o)
 .debug_abbrev  0x000042ed       0xa1 c:/users/henry/scoop/apps/gcc-arm-none-eabi/current/bin/../lib/gcc/arm-none-eabi/11.3.1/thumb/v7-m/nofp\libnosys.a(sbrk.o)

.debug_loc      0x00000000     0xc037
 .debug_loc     0x00000000      0x183 build/main.o
 .debug_loc     0x00000183       0x60 build/stm32f1xx_it.o
 .debug_loc     0x000001e3       0x41 build/stm32f1xx_hal_msp.o
 .debug_loc     0x00000224     0x5331 build/stm32f1xx_hal_tim.o
 .debug_loc     0x00005555     0x1f68 build/stm32f1xx_hal_tim_ex.o
 .debug_loc     0x000074bd     0x2625 build/stm32f1xx_hal_uart.o
 .debug_loc     0x00009ae2      0x1e1 build/stm32f1xx_hal.o
 .debug_loc     0x00009cc3      0x7ee build/stm32f1xx_hal_rcc.o
 .debug_loc     0x0000a4b1      0x53c build/stm32f1xx_hal_gpio.o
 .debug_loc     0x0000a9ed      0x8fb build/stm32f1xx_hal_dma.o
 .debug_loc     0x0000b2e8      0x80c build/stm32f1xx_hal_cortex.o
 .debug_loc     0x0000baf4      0x182 build/stm32f1xx_hal_pwr.o
 .debug_loc     0x0000bc76       0xff build/system_stm32f1xx.o
 .debug_loc     0x0000bd75       0x2c build/gpio.o
 .debug_loc     0x0000bda1      0x193 build/usart.o
 .debug_loc     0x0000bf34      0x103 build/tim.o

.debug_aranges  0x00000000      0xf50
 .debug_aranges
                0x00000000       0x48 build/main.o
 .debug_aranges
                0x00000048       0x70 build/stm32f1xx_it.o
 .debug_aranges
                0x000000b8       0x20 build/stm32f1xx_hal_msp.o
 .debug_aranges
                0x000000d8      0x3d0 build/stm32f1xx_hal_tim.o
 .debug_aranges
                0x000004a8      0x168 build/stm32f1xx_hal_tim_ex.o
 .debug_aranges
                0x00000610      0x200 build/stm32f1xx_hal_uart.o
 .debug_aranges
                0x00000810       0xe0 build/stm32f1xx_hal.o
 .debug_aranges
                0x000008f0       0x90 build/stm32f1xx_hal_rcc.o
 .debug_aranges
                0x00000980       0x58 build/stm32f1xx_hal_gpio.o
 .debug_aranges
                0x000009d8       0x80 build/stm32f1xx_hal_dma.o
 .debug_aranges
                0x00000a58       0x90 build/stm32f1xx_hal_cortex.o
 .debug_aranges
                0x00000ae8       0xa8 build/stm32f1xx_hal_pwr.o
 .debug_aranges
                0x00000b90       0x28 build/system_stm32f1xx.o
 .debug_aranges
                0x00000bb8       0x20 build/gpio.o
 .debug_aranges
                0x00000bd8       0x38 build/usart.o
 .debug_aranges
                0x00000c10       0x30 build/tim.o
 .debug_aranges
                0x00000c40       0x28 build/startup_stm32f103xb.o
 .debug_aranges
                0x00000c68       0x78 c:/users/henry/scoop/apps/gcc-arm-none-eabi/current/bin/../lib/gcc/arm-none-eabi/11.3.1/thumb/v7-m/nofp\libc_nano.a(libc_a-findfp.o)
 .debug_aranges
                0x00000ce0       0x28 c:/users/henry/scoop/apps/gcc-arm-none-eabi/current/bin/../lib/gcc/arm-none-eabi/11.3.1/thumb/v7-m/nofp\libc_nano.a(libc_a-vsnprintf.o)
 .debug_aranges
                0x00000d08       0x20 c:/users/henry/scoop/apps/gcc-arm-none-eabi/current/bin/../lib/gcc/arm-none-eabi/11.3.1/thumb/v7-m/nofp\libc_nano.a(libc_a-memset.o)
 .debug_aranges
                0x00000d28       0x20 c:/users/henry/scoop/apps/gcc-arm-none-eabi/current/bin/../lib/gcc/arm-none-eabi/11.3.1/thumb/v7-m/nofp\libc_nano.a(libc_a-reent.o)
 .debug_aranges
                0x00000d48       0x18 c:/users/henry/scoop/apps/gcc-arm-none-eabi/current/bin/../lib/gcc/arm-none-eabi/11.3.1/thumb/v7-m/nofp\libc_nano.a(libc_a-impure.o)
 .debug_aranges
                0x00000d60       0x20 c:/users/henry/scoop/apps/gcc-arm-none-eabi/current/bin/../lib/gcc/arm-none-eabi/11.3.1/thumb/v7-m/nofp\libc_nano.a(libc_a-init.o)
 .debug_aranges
                0x00000d80       0x28 c:/users/henry/scoop/apps/gcc-arm-none-eabi/current/bin/../lib/gcc/arm-none-eabi/11.3.1/thumb/v7-m/nofp\libc_nano.a(libc_a-lock.o)
 .debug_aranges
                0x00000da8       0x20 c:/users/henry/scoop/apps/gcc-arm-none-eabi/current/bin/../lib/gcc/arm-none-eabi/11.3.1/thumb/v7-m/nofp\libc_nano.a(libc_a-freer.o)
 .debug_aranges
                0x00000dc8       0x28 c:/users/henry/scoop/apps/gcc-arm-none-eabi/current/bin/../lib/gcc/arm-none-eabi/11.3.1/thumb/v7-m/nofp\libc_nano.a(libc_a-mallocr.o)
 .debug_aranges
                0x00000df0       0x28 c:/users/henry/scoop/apps/gcc-arm-none-eabi/current/bin/../lib/gcc/arm-none-eabi/11.3.1/thumb/v7-m/nofp\libc_nano.a(libc_a-mlock.o)
 .debug_aranges
                0x00000e18       0x30 c:/users/henry/scoop/apps/gcc-arm-none-eabi/current/bin/../lib/gcc/arm-none-eabi/11.3.1/thumb/v7-m/nofp\libc_nano.a(libc_a-nano-svfprintf.o)
 .debug_aranges
                0x00000e48       0x28 c:/users/henry/scoop/apps/gcc-arm-none-eabi/current/bin/../lib/gcc/arm-none-eabi/11.3.1/thumb/v7-m/nofp\libc_nano.a(libc_a-nano-vfprintf_i.o)
 .debug_aranges
                0x00000e70       0x20 c:/users/henry/scoop/apps/gcc-arm-none-eabi/current/bin/../lib/gcc/arm-none-eabi/11.3.1/thumb/v7-m/nofp\libc_nano.a(libc_a-memmove.o)
 .debug_aranges
                0x00000e90       0x20 c:/users/henry/scoop/apps/gcc-arm-none-eabi/current/bin/../lib/gcc/arm-none-eabi/11.3.1/thumb/v7-m/nofp\libc_nano.a(libc_a-sbrkr.o)
 .debug_aranges
                0x00000eb0       0x20 c:/users/henry/scoop/apps/gcc-arm-none-eabi/current/bin/../lib/gcc/arm-none-eabi/11.3.1/thumb/v7-m/nofp\libc_nano.a(libc_a-memchr-stub.o)
 .debug_aranges
                0x00000ed0       0x20 c:/users/henry/scoop/apps/gcc-arm-none-eabi/current/bin/../lib/gcc/arm-none-eabi/11.3.1/thumb/v7-m/nofp\libc_nano.a(libc_a-memcpy-stub.o)
 .debug_aranges
                0x00000ef0       0x20 c:/users/henry/scoop/apps/gcc-arm-none-eabi/current/bin/../lib/gcc/arm-none-eabi/11.3.1/thumb/v7-m/nofp\libc_nano.a(libc_a-reallocr.o)
 .debug_aranges
                0x00000f10       0x20 c:/users/henry/scoop/apps/gcc-arm-none-eabi/current/bin/../lib/gcc/arm-none-eabi/11.3.1/thumb/v7-m/nofp\libc_nano.a(libc_a-msizer.o)
 .debug_aranges
                0x00000f30       0x20 c:/users/henry/scoop/apps/gcc-arm-none-eabi/current/bin/../lib/gcc/arm-none-eabi/11.3.1/thumb/v7-m/nofp\libnosys.a(sbrk.o)

.debug_ranges   0x00000000      0xbe0
 .debug_ranges  0x00000000       0x38 build/main.o
 .debug_ranges  0x00000038       0x60 build/stm32f1xx_it.o
 .debug_ranges  0x00000098       0x10 build/stm32f1xx_hal_msp.o
 .debug_ranges  0x000000a8      0x3c0 build/stm32f1xx_hal_tim.o
 .debug_ranges  0x00000468      0x158 build/stm32f1xx_hal_tim_ex.o
 .debug_ranges  0x000005c0      0x1f0 build/stm32f1xx_hal_uart.o
 .debug_ranges  0x000007b0       0xd0 build/stm32f1xx_hal.o
 .debug_ranges  0x00000880       0xa0 build/stm32f1xx_hal_rcc.o
 .debug_ranges  0x00000920       0x48 build/stm32f1xx_hal_gpio.o
 .debug_ranges  0x00000968       0x70 build/stm32f1xx_hal_dma.o
 .debug_ranges  0x000009d8       0xe0 build/stm32f1xx_hal_cortex.o
 .debug_ranges  0x00000ab8       0x98 build/stm32f1xx_hal_pwr.o
 .debug_ranges  0x00000b50       0x18 build/system_stm32f1xx.o
 .debug_ranges  0x00000b68       0x10 build/gpio.o
 .debug_ranges  0x00000b78       0x28 build/usart.o
 .debug_ranges  0x00000ba0       0x20 build/tim.o
 .debug_ranges  0x00000bc0       0x20 build/startup_stm32f103xb.o

.debug_line     0x00000000     0xf6c4
 .debug_line    0x00000000      0x4a1 build/main.o
 .debug_line    0x000004a1      0x302 build/stm32f1xx_it.o
 .debug_line    0x000007a3      0x162 build/stm32f1xx_hal_msp.o
 .debug_line    0x00000905     0x4639 build/stm32f1xx_hal_tim.o
 .debug_line    0x00004f3e     0x1b3f build/stm32f1xx_hal_tim_ex.o
 .debug_line    0x00006a7d     0x209e build/stm32f1xx_hal_uart.o
 .debug_line    0x00008b1b      0x514 build/stm32f1xx_hal.o
 .debug_line    0x0000902f      0xc0a build/stm32f1xx_hal_rcc.o
 .debug_line    0x00009c39      0x5c1 build/stm32f1xx_hal_gpio.o
 .debug_line    0x0000a1fa      0xa39 build/stm32f1xx_hal_dma.o
 .debug_line    0x0000ac33      0x61e build/stm32f1xx_hal_cortex.o
 .debug_line    0x0000b251      0x446 build/stm32f1xx_hal_pwr.o
 .debug_line    0x0000b697      0x22c build/system_stm32f1xx.o
 .debug_line    0x0000b8c3      0x14f build/gpio.o
 .debug_line    0x0000ba12      0x3f9 build/usart.o
 .debug_line    0x0000be0b      0x2e2 build/tim.o
 .debug_line    0x0000c0ed       0x75 build/startup_stm32f103xb.o
 .debug_line    0x0000c162      0x58b c:/users/henry/scoop/apps/gcc-arm-none-eabi/current/bin/../lib/gcc/arm-none-eabi/11.3.1/thumb/v7-m/nofp\libc_nano.a(libc_a-findfp.o)
 .debug_line    0x0000c6ed      0x293 c:/users/henry/scoop/apps/gcc-arm-none-eabi/current/bin/../lib/gcc/arm-none-eabi/11.3.1/thumb/v7-m/nofp\libc_nano.a(libc_a-vsnprintf.o)
 .debug_line    0x0000c980      0x176 c:/users/henry/scoop/apps/gcc-arm-none-eabi/current/bin/../lib/gcc/arm-none-eabi/11.3.1/thumb/v7-m/nofp\libc_nano.a(libc_a-memset.o)
 .debug_line    0x0000caf6      0x2df c:/users/henry/scoop/apps/gcc-arm-none-eabi/current/bin/../lib/gcc/arm-none-eabi/11.3.1/thumb/v7-m/nofp\libc_nano.a(libc_a-reent.o)
 .debug_line    0x0000cdd5       0xfe c:/users/henry/scoop/apps/gcc-arm-none-eabi/current/bin/../lib/gcc/arm-none-eabi/11.3.1/thumb/v7-m/nofp\libc_nano.a(libc_a-impure.o)
 .debug_line    0x0000ced3      0x174 c:/users/henry/scoop/apps/gcc-arm-none-eabi/current/bin/../lib/gcc/arm-none-eabi/11.3.1/thumb/v7-m/nofp\libc_nano.a(libc_a-init.o)
 .debug_line    0x0000d047      0x105 c:/users/henry/scoop/apps/gcc-arm-none-eabi/current/bin/../lib/gcc/arm-none-eabi/11.3.1/thumb/v7-m/nofp\libc_nano.a(libc_a-lock.o)
 .debug_line    0x0000d14c      0x30a c:/users/henry/scoop/apps/gcc-arm-none-eabi/current/bin/../lib/gcc/arm-none-eabi/11.3.1/thumb/v7-m/nofp\libc_nano.a(libc_a-freer.o)
 .debug_line    0x0000d456      0x4b6 c:/users/henry/scoop/apps/gcc-arm-none-eabi/current/bin/../lib/gcc/arm-none-eabi/11.3.1/thumb/v7-m/nofp\libc_nano.a(libc_a-mallocr.o)
 .debug_line    0x0000d90c      0x1e6 c:/users/henry/scoop/apps/gcc-arm-none-eabi/current/bin/../lib/gcc/arm-none-eabi/11.3.1/thumb/v7-m/nofp\libc_nano.a(libc_a-mlock.o)
 .debug_line    0x0000daf2      0x891 c:/users/henry/scoop/apps/gcc-arm-none-eabi/current/bin/../lib/gcc/arm-none-eabi/11.3.1/thumb/v7-m/nofp\libc_nano.a(libc_a-nano-svfprintf.o)
 .debug_line    0x0000e383      0x762 c:/users/henry/scoop/apps/gcc-arm-none-eabi/current/bin/../lib/gcc/arm-none-eabi/11.3.1/thumb/v7-m/nofp\libc_nano.a(libc_a-nano-vfprintf_i.o)
 .debug_line    0x0000eae5      0x1b3 c:/users/henry/scoop/apps/gcc-arm-none-eabi/current/bin/../lib/gcc/arm-none-eabi/11.3.1/thumb/v7-m/nofp\libc_nano.a(libc_a-memmove.o)
 .debug_line    0x0000ec98      0x214 c:/users/henry/scoop/apps/gcc-arm-none-eabi/current/bin/../lib/gcc/arm-none-eabi/11.3.1/thumb/v7-m/nofp\libc_nano.a(libc_a-sbrkr.o)
 .debug_line    0x0000eeac      0x18d c:/users/henry/scoop/apps/gcc-arm-none-eabi/current/bin/../lib/gcc/arm-none-eabi/11.3.1/thumb/v7-m/nofp\libc_nano.a(libc_a-memchr-stub.o)
 .debug_line    0x0000f039      0x196 c:/users/henry/scoop/apps/gcc-arm-none-eabi/current/bin/../lib/gcc/arm-none-eabi/11.3.1/thumb/v7-m/nofp\libc_nano.a(libc_a-memcpy-stub.o)
 .debug_line    0x0000f1cf      0x262 c:/users/henry/scoop/apps/gcc-arm-none-eabi/current/bin/../lib/gcc/arm-none-eabi/11.3.1/thumb/v7-m/nofp\libc_nano.a(libc_a-reallocr.o)
 .debug_line    0x0000f431      0x1f0 c:/users/henry/scoop/apps/gcc-arm-none-eabi/current/bin/../lib/gcc/arm-none-eabi/11.3.1/thumb/v7-m/nofp\libc_nano.a(libc_a-msizer.o)
 .debug_line    0x0000f621       0xa3 c:/users/henry/scoop/apps/gcc-arm-none-eabi/current/bin/../lib/gcc/arm-none-eabi/11.3.1/thumb/v7-m/nofp\libnosys.a(sbrk.o)

.debug_str      0x00000000     0x4c8c
 .debug_str     0x00000000      0xaac build/main.o
                                0xb98 (size before relaxing)
 .debug_str     0x00000aac      0x100 build/stm32f1xx_it.o
                                0x917 (size before relaxing)
 .debug_str     0x00000bac       0x57 build/stm32f1xx_hal_msp.o
                                0x1f8 (size before relaxing)
 .debug_str     0x00000c03      0xf13 build/stm32f1xx_hal_tim.o
                               0x1647 (size before relaxing)
 .debug_str     0x00001b16      0x55b build/stm32f1xx_hal_tim_ex.o
                                0xe63 (size before relaxing)
 .debug_str     0x00002071      0x638 build/stm32f1xx_hal_uart.o
                                0xc67 (size before relaxing)
 .debug_str     0x000026a9      0x5be build/stm32f1xx_hal.o
                                0x807 (size before relaxing)
 .debug_str     0x00002c67      0x20a build/stm32f1xx_hal_rcc.o
                                0x604 (size before relaxing)
 .debug_str     0x00002e71      0x155 build/stm32f1xx_hal_gpio.o
                                0x3d9 (size before relaxing)
 .debug_str     0x00002fc6      0x1eb build/stm32f1xx_hal_dma.o
                                0x5d6 (size before relaxing)
 .debug_str     0x000031b1      0x3b8 build/stm32f1xx_hal_cortex.o
                                0x8ac (size before relaxing)
 .debug_str     0x00003569      0x203 build/stm32f1xx_hal_pwr.o
                                0x474 (size before relaxing)
 .debug_str     0x0000376c       0x4f build/system_stm32f1xx.o
                                0x22d (size before relaxing)
 .debug_str     0x000037bb       0x10 build/gpio.o
                                0x1be (size before relaxing)
 .debug_str     0x000037cb       0x67 build/usart.o
                                0xa0c (size before relaxing)
 .debug_str     0x00003832       0x1e build/tim.o
                                0xb0e (size before relaxing)
 .debug_str     0x00003850       0x22 build/startup_stm32f103xb.o
                                 0x54 (size before relaxing)
 .debug_str     0x00003872      0x67c c:/users/henry/scoop/apps/gcc-arm-none-eabi/current/bin/../lib/gcc/arm-none-eabi/11.3.1/thumb/v7-m/nofp\libc_nano.a(libc_a-findfp.o)
                                0x7a7 (size before relaxing)
 .debug_str     0x00003eee       0x83 c:/users/henry/scoop/apps/gcc-arm-none-eabi/current/bin/../lib/gcc/arm-none-eabi/11.3.1/thumb/v7-m/nofp\libc_nano.a(libc_a-vsnprintf.o)
                                0x575 (size before relaxing)
 .debug_str     0x00003f71       0x5b c:/users/henry/scoop/apps/gcc-arm-none-eabi/current/bin/../lib/gcc/arm-none-eabi/11.3.1/thumb/v7-m/nofp\libc_nano.a(libc_a-memset.o)
                                0x204 (size before relaxing)
 .debug_str     0x00003fcc       0x80 c:/users/henry/scoop/apps/gcc-arm-none-eabi/current/bin/../lib/gcc/arm-none-eabi/11.3.1/thumb/v7-m/nofp\libc_nano.a(libc_a-reent.o)
                                0x543 (size before relaxing)
 .debug_str     0x0000404c       0x5a c:/users/henry/scoop/apps/gcc-arm-none-eabi/current/bin/../lib/gcc/arm-none-eabi/11.3.1/thumb/v7-m/nofp\libc_nano.a(libc_a-impure.o)
                                0x524 (size before relaxing)
 .debug_str     0x000040a6       0xb7 c:/users/henry/scoop/apps/gcc-arm-none-eabi/current/bin/../lib/gcc/arm-none-eabi/11.3.1/thumb/v7-m/nofp\libc_nano.a(libc_a-init.o)
                                0x265 (size before relaxing)
 .debug_str     0x0000415d      0x1d8 c:/users/henry/scoop/apps/gcc-arm-none-eabi/current/bin/../lib/gcc/arm-none-eabi/11.3.1/thumb/v7-m/nofp\libc_nano.a(libc_a-lock.o)
                                0x377 (size before relaxing)
 .debug_str     0x00004335       0xd4 c:/users/henry/scoop/apps/gcc-arm-none-eabi/current/bin/../lib/gcc/arm-none-eabi/11.3.1/thumb/v7-m/nofp\libc_nano.a(libc_a-freer.o)
                                0x5a4 (size before relaxing)
 .debug_str     0x00004409       0xc3 c:/users/henry/scoop/apps/gcc-arm-none-eabi/current/bin/../lib/gcc/arm-none-eabi/11.3.1/thumb/v7-m/nofp\libc_nano.a(libc_a-mallocr.o)
                                0x605 (size before relaxing)
 .debug_str     0x000044cc       0x5a c:/users/henry/scoop/apps/gcc-arm-none-eabi/current/bin/../lib/gcc/arm-none-eabi/11.3.1/thumb/v7-m/nofp\libc_nano.a(libc_a-mlock.o)
                                0x5a6 (size before relaxing)
 .debug_str     0x00004526      0x2b6 c:/users/henry/scoop/apps/gcc-arm-none-eabi/current/bin/../lib/gcc/arm-none-eabi/11.3.1/thumb/v7-m/nofp\libc_nano.a(libc_a-nano-svfprintf.o)
                                0x86d (size before relaxing)
 .debug_str     0x000047dc       0xbb c:/users/henry/scoop/apps/gcc-arm-none-eabi/current/bin/../lib/gcc/arm-none-eabi/11.3.1/thumb/v7-m/nofp\libc_nano.a(libc_a-nano-vfprintf_i.o)
                                0x803 (size before relaxing)
 .debug_str     0x00004897       0x75 c:/users/henry/scoop/apps/gcc-arm-none-eabi/current/bin/../lib/gcc/arm-none-eabi/11.3.1/thumb/v7-m/nofp\libc_nano.a(libc_a-memmove.o)
                                0x21f (size before relaxing)
 .debug_str     0x0000490c       0x64 c:/users/henry/scoop/apps/gcc-arm-none-eabi/current/bin/../lib/gcc/arm-none-eabi/11.3.1/thumb/v7-m/nofp\libc_nano.a(libc_a-sbrkr.o)
                                0x52d (size before relaxing)
 .debug_str     0x00004970       0x65 c:/users/henry/scoop/apps/gcc-arm-none-eabi/current/bin/../lib/gcc/arm-none-eabi/11.3.1/thumb/v7-m/nofp\libc_nano.a(libc_a-memchr-stub.o)
                                0x21e (size before relaxing)
 .debug_str     0x000049d5       0x79 c:/users/henry/scoop/apps/gcc-arm-none-eabi/current/bin/../lib/gcc/arm-none-eabi/11.3.1/thumb/v7-m/nofp\libc_nano.a(libc_a-memcpy-stub.o)
                                0x222 (size before relaxing)
 .debug_str     0x00004a4e       0x89 c:/users/henry/scoop/apps/gcc-arm-none-eabi/current/bin/../lib/gcc/arm-none-eabi/11.3.1/thumb/v7-m/nofp\libc_nano.a(libc_a-reallocr.o)
                                0x59a (size before relaxing)
 .debug_str     0x00004ad7       0x6a c:/users/henry/scoop/apps/gcc-arm-none-eabi/current/bin/../lib/gcc/arm-none-eabi/11.3.1/thumb/v7-m/nofp\libc_nano.a(libc_a-msizer.o)
                                0x56d (size before relaxing)
 .debug_str     0x00004b41      0x14b c:/users/henry/scoop/apps/gcc-arm-none-eabi/current/bin/../lib/gcc/arm-none-eabi/11.3.1/thumb/v7-m/nofp\libnosys.a(sbrk.o)
                                0x164 (size before relaxing)

.debug_frame    0x00000000     0x253c
 .debug_frame   0x00000000       0xa4 build/main.o
 .debug_frame   0x000000a4       0xd8 build/stm32f1xx_it.o
 .debug_frame   0x0000017c       0x28 build/stm32f1xx_hal_msp.o
 .debug_frame   0x000001a4      0xb14 build/stm32f1xx_hal_tim.o
 .debug_frame   0x00000cb8      0x40c build/stm32f1xx_hal_tim_ex.o
 .debug_frame   0x000010c4      0x5c4 build/stm32f1xx_hal_uart.o
 .debug_frame   0x00001688      0x1cc build/stm32f1xx_hal.o
 .debug_frame   0x00001854      0x190 build/stm32f1xx_hal_rcc.o
 .debug_frame   0x000019e4       0xe4 build/stm32f1xx_hal_gpio.o
 .debug_frame   0x00001ac8      0x144 build/stm32f1xx_hal_dma.o
 .debug_frame   0x00001c0c      0x118 build/stm32f1xx_hal_cortex.o
 .debug_frame   0x00001d24      0x140 build/stm32f1xx_hal_pwr.o
 .debug_frame   0x00001e64       0x30 build/system_stm32f1xx.o
 .debug_frame   0x00001e94       0x28 build/gpio.o
 .debug_frame   0x00001ebc       0x9c build/usart.o
 .debug_frame   0x00001f58       0x64 build/tim.o
 .debug_frame   0x00001fbc      0x13c c:/users/henry/scoop/apps/gcc-arm-none-eabi/current/bin/../lib/gcc/arm-none-eabi/11.3.1/thumb/v7-m/nofp\libc_nano.a(libc_a-findfp.o)
 .debug_frame   0x000020f8       0x4c c:/users/henry/scoop/apps/gcc-arm-none-eabi/current/bin/../lib/gcc/arm-none-eabi/11.3.1/thumb/v7-m/nofp\libc_nano.a(libc_a-vsnprintf.o)
 .debug_frame   0x00002144       0x20 c:/users/henry/scoop/apps/gcc-arm-none-eabi/current/bin/../lib/gcc/arm-none-eabi/11.3.1/thumb/v7-m/nofp\libc_nano.a(libc_a-memset.o)
 .debug_frame   0x00002164       0x38 c:/users/henry/scoop/apps/gcc-arm-none-eabi/current/bin/../lib/gcc/arm-none-eabi/11.3.1/thumb/v7-m/nofp\libc_nano.a(libc_a-reent.o)
 .debug_frame   0x0000219c       0x2c c:/users/henry/scoop/apps/gcc-arm-none-eabi/current/bin/../lib/gcc/arm-none-eabi/11.3.1/thumb/v7-m/nofp\libc_nano.a(libc_a-init.o)
 .debug_frame   0x000021c8       0xb0 c:/users/henry/scoop/apps/gcc-arm-none-eabi/current/bin/../lib/gcc/arm-none-eabi/11.3.1/thumb/v7-m/nofp\libc_nano.a(libc_a-lock.o)
 .debug_frame   0x00002278       0x38 c:/users/henry/scoop/apps/gcc-arm-none-eabi/current/bin/../lib/gcc/arm-none-eabi/11.3.1/thumb/v7-m/nofp\libc_nano.a(libc_a-freer.o)
 .debug_frame   0x000022b0       0x4c c:/users/henry/scoop/apps/gcc-arm-none-eabi/current/bin/../lib/gcc/arm-none-eabi/11.3.1/thumb/v7-m/nofp\libc_nano.a(libc_a-mallocr.o)
 .debug_frame   0x000022fc       0x30 c:/users/henry/scoop/apps/gcc-arm-none-eabi/current/bin/../lib/gcc/arm-none-eabi/11.3.1/thumb/v7-m/nofp\libc_nano.a(libc_a-mlock.o)
 .debug_frame   0x0000232c       0x90 c:/users/henry/scoop/apps/gcc-arm-none-eabi/current/bin/../lib/gcc/arm-none-eabi/11.3.1/thumb/v7-m/nofp\libc_nano.a(libc_a-nano-svfprintf.o)
 .debug_frame   0x000023bc       0x60 c:/users/henry/scoop/apps/gcc-arm-none-eabi/current/bin/../lib/gcc/arm-none-eabi/11.3.1/thumb/v7-m/nofp\libc_nano.a(libc_a-nano-vfprintf_i.o)
 .debug_frame   0x0000241c       0x28 c:/users/henry/scoop/apps/gcc-arm-none-eabi/current/bin/../lib/gcc/arm-none-eabi/11.3.1/thumb/v7-m/nofp\libc_nano.a(libc_a-memmove.o)
 .debug_frame   0x00002444       0x2c c:/users/henry/scoop/apps/gcc-arm-none-eabi/current/bin/../lib/gcc/arm-none-eabi/11.3.1/thumb/v7-m/nofp\libc_nano.a(libc_a-sbrkr.o)
 .debug_frame   0x00002470       0x28 c:/users/henry/scoop/apps/gcc-arm-none-eabi/current/bin/../lib/gcc/arm-none-eabi/11.3.1/thumb/v7-m/nofp\libc_nano.a(libc_a-memchr-stub.o)
 .debug_frame   0x00002498       0x28 c:/users/henry/scoop/apps/gcc-arm-none-eabi/current/bin/../lib/gcc/arm-none-eabi/11.3.1/thumb/v7-m/nofp\libc_nano.a(libc_a-memcpy-stub.o)
 .debug_frame   0x000024c0       0x3c c:/users/henry/scoop/apps/gcc-arm-none-eabi/current/bin/../lib/gcc/arm-none-eabi/11.3.1/thumb/v7-m/nofp\libc_nano.a(libc_a-reallocr.o)
 .debug_frame   0x000024fc       0x20 c:/users/henry/scoop/apps/gcc-arm-none-eabi/current/bin/../lib/gcc/arm-none-eabi/11.3.1/thumb/v7-m/nofp\libc_nano.a(libc_a-msizer.o)
 .debug_frame   0x0000251c       0x20 c:/users/henry/scoop/apps/gcc-arm-none-eabi/current/bin/../lib/gcc/arm-none-eabi/11.3.1/thumb/v7-m/nofp\libnosys.a(sbrk.o)

.debug_loclists
                0x00000000     0x14a9
 .debug_loclists
                0x00000000      0x237 c:/users/henry/scoop/apps/gcc-arm-none-eabi/current/bin/../lib/gcc/arm-none-eabi/11.3.1/thumb/v7-m/nofp\libc_nano.a(libc_a-findfp.o)
 .debug_loclists
                0x00000237      0x111 c:/users/henry/scoop/apps/gcc-arm-none-eabi/current/bin/../lib/gcc/arm-none-eabi/11.3.1/thumb/v7-m/nofp\libc_nano.a(libc_a-vsnprintf.o)
 .debug_loclists
                0x00000348       0x3b c:/users/henry/scoop/apps/gcc-arm-none-eabi/current/bin/../lib/gcc/arm-none-eabi/11.3.1/thumb/v7-m/nofp\libc_nano.a(libc_a-memset.o)
 .debug_loclists
                0x00000383       0x7d c:/users/henry/scoop/apps/gcc-arm-none-eabi/current/bin/../lib/gcc/arm-none-eabi/11.3.1/thumb/v7-m/nofp\libc_nano.a(libc_a-reent.o)
 .debug_loclists
                0x00000400       0x34 c:/users/henry/scoop/apps/gcc-arm-none-eabi/current/bin/../lib/gcc/arm-none-eabi/11.3.1/thumb/v7-m/nofp\libc_nano.a(libc_a-init.o)
 .debug_loclists
                0x00000434       0x23 c:/users/henry/scoop/apps/gcc-arm-none-eabi/current/bin/../lib/gcc/arm-none-eabi/11.3.1/thumb/v7-m/nofp\libc_nano.a(libc_a-lock.o)
 .debug_loclists
                0x00000457       0xd4 c:/users/henry/scoop/apps/gcc-arm-none-eabi/current/bin/../lib/gcc/arm-none-eabi/11.3.1/thumb/v7-m/nofp\libc_nano.a(libc_a-freer.o)
 .debug_loclists
                0x0000052b      0x254 c:/users/henry/scoop/apps/gcc-arm-none-eabi/current/bin/../lib/gcc/arm-none-eabi/11.3.1/thumb/v7-m/nofp\libc_nano.a(libc_a-mallocr.o)
 .debug_loclists
                0x0000077f       0x3a c:/users/henry/scoop/apps/gcc-arm-none-eabi/current/bin/../lib/gcc/arm-none-eabi/11.3.1/thumb/v7-m/nofp\libc_nano.a(libc_a-mlock.o)
 .debug_loclists
                0x000007b9      0x49a c:/users/henry/scoop/apps/gcc-arm-none-eabi/current/bin/../lib/gcc/arm-none-eabi/11.3.1/thumb/v7-m/nofp\libc_nano.a(libc_a-nano-svfprintf.o)
 .debug_loclists
                0x00000c53      0x41c c:/users/henry/scoop/apps/gcc-arm-none-eabi/current/bin/../lib/gcc/arm-none-eabi/11.3.1/thumb/v7-m/nofp\libc_nano.a(libc_a-nano-vfprintf_i.o)
 .debug_loclists
                0x0000106f      0x119 c:/users/henry/scoop/apps/gcc-arm-none-eabi/current/bin/../lib/gcc/arm-none-eabi/11.3.1/thumb/v7-m/nofp\libc_nano.a(libc_a-memmove.o)
 .debug_loclists
                0x00001188       0x4c c:/users/henry/scoop/apps/gcc-arm-none-eabi/current/bin/../lib/gcc/arm-none-eabi/11.3.1/thumb/v7-m/nofp\libc_nano.a(libc_a-sbrkr.o)
 .debug_loclists
                0x000011d4       0xbb c:/users/henry/scoop/apps/gcc-arm-none-eabi/current/bin/../lib/gcc/arm-none-eabi/11.3.1/thumb/v7-m/nofp\libc_nano.a(libc_a-memchr-stub.o)
 .debug_loclists
                0x0000128f       0x8f c:/users/henry/scoop/apps/gcc-arm-none-eabi/current/bin/../lib/gcc/arm-none-eabi/11.3.1/thumb/v7-m/nofp\libc_nano.a(libc_a-memcpy-stub.o)
 .debug_loclists
                0x0000131e       0xf7 c:/users/henry/scoop/apps/gcc-arm-none-eabi/current/bin/../lib/gcc/arm-none-eabi/11.3.1/thumb/v7-m/nofp\libc_nano.a(libc_a-reallocr.o)
 .debug_loclists
                0x00001415       0x62 c:/users/henry/scoop/apps/gcc-arm-none-eabi/current/bin/../lib/gcc/arm-none-eabi/11.3.1/thumb/v7-m/nofp\libc_nano.a(libc_a-msizer.o)
 .debug_loclists
                0x00001477       0x32 c:/users/henry/scoop/apps/gcc-arm-none-eabi/current/bin/../lib/gcc/arm-none-eabi/11.3.1/thumb/v7-m/nofp\libnosys.a(sbrk.o)

.debug_rnglists
                0x00000000      0x27d
 .debug_rnglists
                0x00000000       0x81 c:/users/henry/scoop/apps/gcc-arm-none-eabi/current/bin/../lib/gcc/arm-none-eabi/11.3.1/thumb/v7-m/nofp\libc_nano.a(libc_a-findfp.o)
 .debug_rnglists
                0x00000081       0x19 c:/users/henry/scoop/apps/gcc-arm-none-eabi/current/bin/../lib/gcc/arm-none-eabi/11.3.1/thumb/v7-m/nofp\libc_nano.a(libc_a-vsnprintf.o)
 .debug_rnglists
                0x0000009a       0x13 c:/users/henry/scoop/apps/gcc-arm-none-eabi/current/bin/../lib/gcc/arm-none-eabi/11.3.1/thumb/v7-m/nofp\libc_nano.a(libc_a-memset.o)
 .debug_rnglists
                0x000000ad       0x26 c:/users/henry/scoop/apps/gcc-arm-none-eabi/current/bin/../lib/gcc/arm-none-eabi/11.3.1/thumb/v7-m/nofp\libc_nano.a(libc_a-reent.o)
 .debug_rnglists
                0x000000d3       0x13 c:/users/henry/scoop/apps/gcc-arm-none-eabi/current/bin/../lib/gcc/arm-none-eabi/11.3.1/thumb/v7-m/nofp\libc_nano.a(libc_a-init.o)
 .debug_rnglists
                0x000000e6       0x19 c:/users/henry/scoop/apps/gcc-arm-none-eabi/current/bin/../lib/gcc/arm-none-eabi/11.3.1/thumb/v7-m/nofp\libc_nano.a(libc_a-lock.o)
 .debug_rnglists
                0x000000ff       0x14 c:/users/henry/scoop/apps/gcc-arm-none-eabi/current/bin/../lib/gcc/arm-none-eabi/11.3.1/thumb/v7-m/nofp\libc_nano.a(libc_a-freer.o)
 .debug_rnglists
                0x00000113       0x26 c:/users/henry/scoop/apps/gcc-arm-none-eabi/current/bin/../lib/gcc/arm-none-eabi/11.3.1/thumb/v7-m/nofp\libc_nano.a(libc_a-mallocr.o)
 .debug_rnglists
                0x00000139       0x19 c:/users/henry/scoop/apps/gcc-arm-none-eabi/current/bin/../lib/gcc/arm-none-eabi/11.3.1/thumb/v7-m/nofp\libc_nano.a(libc_a-mlock.o)
 .debug_rnglists
                0x00000152       0x43 c:/users/henry/scoop/apps/gcc-arm-none-eabi/current/bin/../lib/gcc/arm-none-eabi/11.3.1/thumb/v7-m/nofp\libc_nano.a(libc_a-nano-svfprintf.o)
 .debug_rnglists
                0x00000195       0x63 c:/users/henry/scoop/apps/gcc-arm-none-eabi/current/bin/../lib/gcc/arm-none-eabi/11.3.1/thumb/v7-m/nofp\libc_nano.a(libc_a-nano-vfprintf_i.o)
 .debug_rnglists
                0x000001f8       0x13 c:/users/henry/scoop/apps/gcc-arm-none-eabi/current/bin/../lib/gcc/arm-none-eabi/11.3.1/thumb/v7-m/nofp\libc_nano.a(libc_a-memmove.o)
 .debug_rnglists
                0x0000020b       0x13 c:/users/henry/scoop/apps/gcc-arm-none-eabi/current/bin/../lib/gcc/arm-none-eabi/11.3.1/thumb/v7-m/nofp\libc_nano.a(libc_a-sbrkr.o)
 .debug_rnglists
                0x0000021e       0x13 c:/users/henry/scoop/apps/gcc-arm-none-eabi/current/bin/../lib/gcc/arm-none-eabi/11.3.1/thumb/v7-m/nofp\libc_nano.a(libc_a-memchr-stub.o)
 .debug_rnglists
                0x00000231       0x13 c:/users/henry/scoop/apps/gcc-arm-none-eabi/current/bin/../lib/gcc/arm-none-eabi/11.3.1/thumb/v7-m/nofp\libc_nano.a(libc_a-memcpy-stub.o)
 .debug_rnglists
                0x00000244       0x13 c:/users/henry/scoop/apps/gcc-arm-none-eabi/current/bin/../lib/gcc/arm-none-eabi/11.3.1/thumb/v7-m/nofp\libc_nano.a(libc_a-reallocr.o)
 .debug_rnglists
                0x00000257       0x13 c:/users/henry/scoop/apps/gcc-arm-none-eabi/current/bin/../lib/gcc/arm-none-eabi/11.3.1/thumb/v7-m/nofp\libc_nano.a(libc_a-msizer.o)
 .debug_rnglists
                0x0000026a       0x13 c:/users/henry/scoop/apps/gcc-arm-none-eabi/current/bin/../lib/gcc/arm-none-eabi/11.3.1/thumb/v7-m/nofp\libnosys.a(sbrk.o)

Cross Reference Table

Symbol                                            File
ADC1_2_IRQHandler                                 build/startup_stm32f103xb.o
AHBPrescTable                                     build/system_stm32f1xx.o
                                                  build/stm32f1xx_hal_rcc.o
APBPrescTable                                     build/system_stm32f1xx.o
                                                  build/stm32f1xx_hal_rcc.o
BusFault_Handler                                  build/stm32f1xx_it.o
CAN1_RX1_IRQHandler                               build/startup_stm32f103xb.o
CAN1_SCE_IRQHandler                               build/startup_stm32f103xb.o
DMA1_Channel1_IRQHandler                          build/startup_stm32f103xb.o
DMA1_Channel2_IRQHandler                          build/startup_stm32f103xb.o
DMA1_Channel3_IRQHandler                          build/startup_stm32f103xb.o
DMA1_Channel4_IRQHandler                          build/startup_stm32f103xb.o
DMA1_Channel5_IRQHandler                          build/startup_stm32f103xb.o
DMA1_Channel6_IRQHandler                          build/startup_stm32f103xb.o
DMA1_Channel7_IRQHandler                          build/startup_stm32f103xb.o
DebugMon_Handler                                  build/stm32f1xx_it.o
Default_Handler                                   build/startup_stm32f103xb.o
EXTI0_IRQHandler                                  build/startup_stm32f103xb.o
EXTI15_10_IRQHandler                              build/startup_stm32f103xb.o
EXTI1_IRQHandler                                  build/startup_stm32f103xb.o
EXTI2_IRQHandler                                  build/startup_stm32f103xb.o
EXTI3_IRQHandler                                  build/startup_stm32f103xb.o
EXTI4_IRQHandler                                  build/startup_stm32f103xb.o
EXTI9_5_IRQHandler                                build/startup_stm32f103xb.o
Error_Handler                                     build/main.o
                                                  build/tim.o
                                                  build/usart.o
FLASH_IRQHandler                                  build/startup_stm32f103xb.o
FLASH_PageErase                                   build/stm32f1xx_hal_flash_ex.o
                                                  build/stm32f1xx_hal_flash.o
FLASH_WaitForLastOperation                        build/stm32f1xx_hal_flash.o
                                                  build/stm32f1xx_hal_flash_ex.o
HAL_DBGMCU_DisableDBGSleepMode                    build/stm32f1xx_hal.o
HAL_DBGMCU_DisableDBGStandbyMode                  build/stm32f1xx_hal.o
HAL_DBGMCU_DisableDBGStopMode                     build/stm32f1xx_hal.o
HAL_DBGMCU_EnableDBGSleepMode                     build/stm32f1xx_hal.o
HAL_DBGMCU_EnableDBGStandbyMode                   build/stm32f1xx_hal.o
HAL_DBGMCU_EnableDBGStopMode                      build/stm32f1xx_hal.o
HAL_DMA_Abort                                     build/stm32f1xx_hal_dma.o
                                                  build/stm32f1xx_hal_uart.o
HAL_DMA_Abort_IT                                  build/stm32f1xx_hal_dma.o
                                                  build/stm32f1xx_hal_uart.o
                                                  build/stm32f1xx_hal_tim_ex.o
                                                  build/stm32f1xx_hal_tim.o
HAL_DMA_DeInit                                    build/stm32f1xx_hal_dma.o
HAL_DMA_GetError                                  build/stm32f1xx_hal_dma.o
                                                  build/stm32f1xx_hal_uart.o
HAL_DMA_GetState                                  build/stm32f1xx_hal_dma.o
HAL_DMA_IRQHandler                                build/stm32f1xx_hal_dma.o
HAL_DMA_Init                                      build/stm32f1xx_hal_dma.o
HAL_DMA_PollForTransfer                           build/stm32f1xx_hal_dma.o
HAL_DMA_RegisterCallback                          build/stm32f1xx_hal_dma.o
HAL_DMA_Start                                     build/stm32f1xx_hal_dma.o
HAL_DMA_Start_IT                                  build/stm32f1xx_hal_dma.o
                                                  build/stm32f1xx_hal_uart.o
                                                  build/stm32f1xx_hal_tim_ex.o
                                                  build/stm32f1xx_hal_tim.o
HAL_DMA_UnRegisterCallback                        build/stm32f1xx_hal_dma.o
HAL_DeInit                                        build/stm32f1xx_hal.o
HAL_Delay                                         build/stm32f1xx_hal.o
                                                  build/main.o
HAL_EXTI_ClearConfigLine                          build/stm32f1xx_hal_exti.o
HAL_EXTI_ClearPending                             build/stm32f1xx_hal_exti.o
HAL_EXTI_GenerateSWI                              build/stm32f1xx_hal_exti.o
HAL_EXTI_GetConfigLine                            build/stm32f1xx_hal_exti.o
HAL_EXTI_GetHandle                                build/stm32f1xx_hal_exti.o
HAL_EXTI_GetPending                               build/stm32f1xx_hal_exti.o
HAL_EXTI_IRQHandler                               build/stm32f1xx_hal_exti.o
HAL_EXTI_RegisterCallback                         build/stm32f1xx_hal_exti.o
HAL_EXTI_SetConfigLine                            build/stm32f1xx_hal_exti.o
HAL_FLASHEx_Erase                                 build/stm32f1xx_hal_flash_ex.o
HAL_FLASHEx_Erase_IT                              build/stm32f1xx_hal_flash_ex.o
HAL_FLASHEx_OBErase                               build/stm32f1xx_hal_flash_ex.o
HAL_FLASHEx_OBGetConfig                           build/stm32f1xx_hal_flash_ex.o
HAL_FLASHEx_OBGetUserData                         build/stm32f1xx_hal_flash_ex.o
HAL_FLASHEx_OBProgram                             build/stm32f1xx_hal_flash_ex.o
HAL_FLASH_EndOfOperationCallback                  build/stm32f1xx_hal_flash.o
HAL_FLASH_GetError                                build/stm32f1xx_hal_flash.o
HAL_FLASH_IRQHandler                              build/stm32f1xx_hal_flash.o
HAL_FLASH_Lock                                    build/stm32f1xx_hal_flash.o
HAL_FLASH_OB_Launch                               build/stm32f1xx_hal_flash.o
HAL_FLASH_OB_Lock                                 build/stm32f1xx_hal_flash.o
HAL_FLASH_OB_Unlock                               build/stm32f1xx_hal_flash.o
HAL_FLASH_OperationErrorCallback                  build/stm32f1xx_hal_flash.o
HAL_FLASH_Program                                 build/stm32f1xx_hal_flash.o
HAL_FLASH_Program_IT                              build/stm32f1xx_hal_flash.o
HAL_FLASH_Unlock                                  build/stm32f1xx_hal_flash.o
HAL_GPIOEx_ConfigEventout                         build/stm32f1xx_hal_gpio_ex.o
HAL_GPIOEx_DisableEventout                        build/stm32f1xx_hal_gpio_ex.o
HAL_GPIOEx_EnableEventout                         build/stm32f1xx_hal_gpio_ex.o
HAL_GPIO_DeInit                                   build/stm32f1xx_hal_gpio.o
                                                  build/usart.o
HAL_GPIO_EXTI_Callback                            build/stm32f1xx_hal_gpio.o
HAL_GPIO_EXTI_IRQHandler                          build/stm32f1xx_hal_gpio.o
HAL_GPIO_Init                                     build/stm32f1xx_hal_gpio.o
                                                  build/usart.o
                                                  build/stm32f1xx_hal_rcc.o
HAL_GPIO_LockPin                                  build/stm32f1xx_hal_gpio.o
HAL_GPIO_ReadPin                                  build/stm32f1xx_hal_gpio.o
HAL_GPIO_TogglePin                                build/stm32f1xx_hal_gpio.o
HAL_GPIO_WritePin                                 build/stm32f1xx_hal_gpio.o
HAL_GetDEVID                                      build/stm32f1xx_hal.o
HAL_GetHalVersion                                 build/stm32f1xx_hal.o
HAL_GetREVID                                      build/stm32f1xx_hal.o
HAL_GetTick                                       build/stm32f1xx_hal.o
                                                  build/stm32f1xx_hal_flash.o
                                                  build/stm32f1xx_hal_dma.o
                                                  build/stm32f1xx_hal_rcc_ex.o
                                                  build/stm32f1xx_hal_rcc.o
                                                  build/stm32f1xx_hal_uart.o
HAL_GetTickFreq                                   build/stm32f1xx_hal.o
HAL_GetTickPrio                                   build/stm32f1xx_hal.o
HAL_GetUIDw0                                      build/stm32f1xx_hal.o
HAL_GetUIDw1                                      build/stm32f1xx_hal.o
HAL_GetUIDw2                                      build/stm32f1xx_hal.o
HAL_HalfDuplex_EnableReceiver                     build/stm32f1xx_hal_uart.o
HAL_HalfDuplex_EnableTransmitter                  build/stm32f1xx_hal_uart.o
HAL_HalfDuplex_Init                               build/stm32f1xx_hal_uart.o
HAL_IncTick                                       build/stm32f1xx_hal.o
                                                  build/stm32f1xx_it.o
HAL_Init                                          build/stm32f1xx_hal.o
                                                  build/main.o
HAL_InitTick                                      build/stm32f1xx_hal.o
                                                  build/stm32f1xx_hal_rcc.o
HAL_LIN_Init                                      build/stm32f1xx_hal_uart.o
HAL_LIN_SendBreak                                 build/stm32f1xx_hal_uart.o
HAL_MspDeInit                                     build/stm32f1xx_hal.o
HAL_MspInit                                       build/stm32f1xx_hal_msp.o
HAL_MultiProcessor_EnterMuteMode                  build/stm32f1xx_hal_uart.o
HAL_MultiProcessor_ExitMuteMode                   build/stm32f1xx_hal_uart.o
HAL_MultiProcessor_Init                           build/stm32f1xx_hal_uart.o
HAL_NVIC_ClearPendingIRQ                          build/stm32f1xx_hal_cortex.o
HAL_NVIC_DisableIRQ                               build/stm32f1xx_hal_cortex.o
                                                  build/tim.o
                                                  build/usart.o
HAL_NVIC_EnableIRQ                                build/stm32f1xx_hal_cortex.o
                                                  build/tim.o
                                                  build/usart.o
HAL_NVIC_GetActive                                build/stm32f1xx_hal_cortex.o
HAL_NVIC_GetPendingIRQ                            build/stm32f1xx_hal_cortex.o
HAL_NVIC_GetPriority                              build/stm32f1xx_hal_cortex.o
HAL_NVIC_GetPriorityGrouping                      build/stm32f1xx_hal_cortex.o
HAL_NVIC_SetPendingIRQ                            build/stm32f1xx_hal_cortex.o
HAL_NVIC_SetPriority                              build/stm32f1xx_hal_cortex.o
                                                  build/tim.o
                                                  build/usart.o
                                                  build/stm32f1xx_hal.o
HAL_NVIC_SetPriorityGrouping                      build/stm32f1xx_hal_cortex.o
                                                  build/stm32f1xx_hal.o
HAL_NVIC_SystemReset                              build/stm32f1xx_hal_cortex.o
                                                  build/stm32f1xx_hal_flash.o
HAL_PWR_ConfigPVD                                 build/stm32f1xx_hal_pwr.o
HAL_PWR_DeInit                                    build/stm32f1xx_hal_pwr.o
HAL_PWR_DisableBkUpAccess                         build/stm32f1xx_hal_pwr.o
HAL_PWR_DisablePVD                                build/stm32f1xx_hal_pwr.o
HAL_PWR_DisableSEVOnPend                          build/stm32f1xx_hal_pwr.o
HAL_PWR_DisableSleepOnExit                        build/stm32f1xx_hal_pwr.o
HAL_PWR_DisableWakeUpPin                          build/stm32f1xx_hal_pwr.o
HAL_PWR_EnableBkUpAccess                          build/stm32f1xx_hal_pwr.o
HAL_PWR_EnablePVD                                 build/stm32f1xx_hal_pwr.o
HAL_PWR_EnableSEVOnPend                           build/stm32f1xx_hal_pwr.o
HAL_PWR_EnableSleepOnExit                         build/stm32f1xx_hal_pwr.o
HAL_PWR_EnableWakeUpPin                           build/stm32f1xx_hal_pwr.o
HAL_PWR_EnterSLEEPMode                            build/stm32f1xx_hal_pwr.o
                                                  build/main.o
HAL_PWR_EnterSTANDBYMode                          build/stm32f1xx_hal_pwr.o
HAL_PWR_EnterSTOPMode                             build/stm32f1xx_hal_pwr.o
HAL_PWR_PVDCallback                               build/stm32f1xx_hal_pwr.o
HAL_PWR_PVD_IRQHandler                            build/stm32f1xx_hal_pwr.o
HAL_RCCEx_GetPeriphCLKConfig                      build/stm32f1xx_hal_rcc_ex.o
HAL_RCCEx_GetPeriphCLKFreq                        build/stm32f1xx_hal_rcc_ex.o
HAL_RCCEx_PeriphCLKConfig                         build/stm32f1xx_hal_rcc_ex.o
HAL_RCC_CSSCallback                               build/stm32f1xx_hal_rcc.o
HAL_RCC_ClockConfig                               build/stm32f1xx_hal_rcc.o
                                                  build/main.o
HAL_RCC_DeInit                                    build/stm32f1xx_hal_rcc.o
HAL_RCC_DisableCSS                                build/stm32f1xx_hal_rcc.o