Archive member included to satisfy reference by file (symbol)

c:/users/henry/scoop/apps/gcc-arm-none-eabi/current/bin/../lib/gcc/arm-none-eabi/11.3.1/thumb/v7-m/nofp\libc_nano.a(libc_a-exit.o)
                              c:/users/henry/scoop/apps/gcc-arm-none-eabi/current/bin/../lib/gcc/arm-none-eabi/11.3.1/thumb/v7-m/nofp/crt0.o (exit)
c:/users/henry/scoop/apps/gcc-arm-none-eabi/current/bin/../lib/gcc/arm-none-eabi/11.3.1/thumb/v7-m/nofp\libc_nano.a(libc_a-findfp.o)
                              c:/users/henry/scoop/apps/gcc-arm-none-eabi/current/bin/../lib/gcc/arm-none-eabi/11.3.1/thumb/v7-m/nofp\libc_nano.a(libc_a-exit.o) (__stdio_exit_handler)
c:/users/henry/scoop/apps/gcc-arm-none-eabi/current/bin/../lib/gcc/arm-none-eabi/11.3.1/thumb/v7-m/nofp\libc_nano.a(libc_a-fwalk.o)
                              c:/users/henry/scoop/apps/gcc-arm-none-eabi/current/bin/../lib/gcc/arm-none-eabi/11.3.1/thumb/v7-m/nofp\libc_nano.a(libc_a-findfp.o) (_fwalk_sglue)
c:/users/henry/scoop/apps/gcc-arm-none-eabi/current/bin/../lib/gcc/arm-none-eabi/11.3.1/thumb/v7-m/nofp\libc_nano.a(libc_a-stdio.o)
                              c:/users/henry/scoop/apps/gcc-arm-none-eabi/current/bin/../lib/gcc/arm-none-eabi/11.3.1/thumb/v7-m/nofp\libc_nano.a(libc_a-findfp.o) (__sread)
c:/users/henry/scoop/apps/gcc-arm-none-eabi/current/bin/../lib/gcc/arm-none-eabi/11.3.1/thumb/v7-m/nofp\libc_nano.a(libc_a-vsnprintf.o)
                              build/usart.o (vsnprintf)
c:/users/henry/scoop/apps/gcc-arm-none-eabi/current/bin/../lib/gcc/arm-none-eabi/11.3.1/thumb/v7-m/nofp\libc_nano.a(libc_a-memset.o)
                              c:/users/henry/scoop/apps/gcc-arm-none-eabi/current/bin/../lib/gcc/arm-none-eabi/11.3.1/thumb/v7-m/nofp/crt0.o (memset)
c:/users/henry/scoop/apps/gcc-arm-none-eabi/current/bin/../lib/gcc/arm-none-eabi/11.3.1/thumb/v7-m/nofp\libc_nano.a(libc_a-closer.o)
                              c:/users/henry/scoop/apps/gcc-arm-none-eabi/current/bin/../lib/gcc/arm-none-eabi/11.3.1/thumb/v7-m/nofp\libc_nano.a(libc_a-stdio.o) (_close_r)
c:/users/henry/scoop/apps/gcc-arm-none-eabi/current/bin/../lib/gcc/arm-none-eabi/11.3.1/thumb/v7-m/nofp\libc_nano.a(libc_a-reent.o)
                              c:/users/henry/scoop/apps/gcc-arm-none-eabi/current/bin/../lib/gcc/arm-none-eabi/11.3.1/thumb/v7-m/nofp\libc_nano.a(libc_a-closer.o) (errno)
c:/users/henry/scoop/apps/gcc-arm-none-eabi/current/bin/../lib/gcc/arm-none-eabi/11.3.1/thumb/v7-m/nofp\libc_nano.a(libc_a-impure.o)
                              c:/users/henry/scoop/apps/gcc-arm-none-eabi/current/bin/../lib/gcc/arm-none-eabi/11.3.1/thumb/v7-m/nofp\libc_nano.a(libc_a-vsnprintf.o) (_impure_ptr)
c:/users/henry/scoop/apps/gcc-arm-none-eabi/current/bin/../lib/gcc/arm-none-eabi/11.3.1/thumb/v7-m/nofp\libc_nano.a(libc_a-lseekr.o)
                              c:/users/henry/scoop/apps/gcc-arm-none-eabi/current/bin/../lib/gcc/arm-none-eabi/11.3.1/thumb/v7-m/nofp\libc_nano.a(libc_a-stdio.o) (_lseek_r)
c:/users/henry/scoop/apps/gcc-arm-none-eabi/current/bin/../lib/gcc/arm-none-eabi/11.3.1/thumb/v7-m/nofp\libc_nano.a(libc_a-readr.o)
                              c:/users/henry/scoop/apps/gcc-arm-none-eabi/current/bin/../lib/gcc/arm-none-eabi/11.3.1/thumb/v7-m/nofp\libc_nano.a(libc_a-stdio.o) (_read_r)
c:/users/henry/scoop/apps/gcc-arm-none-eabi/current/bin/../lib/gcc/arm-none-eabi/11.3.1/thumb/v7-m/nofp\libc_nano.a(libc_a-writer.o)
                              c:/users/henry/scoop/apps/gcc-arm-none-eabi/current/bin/../lib/gcc/arm-none-eabi/11.3.1/thumb/v7-m/nofp\libc_nano.a(libc_a-stdio.o) (_write_r)
c:/users/henry/scoop/apps/gcc-arm-none-eabi/current/bin/../lib/gcc/arm-none-eabi/11.3.1/thumb/v7-m/nofp\libc_nano.a(libc_a-init.o)
                              c:/users/henry/scoop/apps/gcc-arm-none-eabi/current/bin/../lib/gcc/arm-none-eabi/11.3.1/thumb/v7-m/nofp/crt0.o (__libc_init_array)
c:/users/henry/scoop/apps/gcc-arm-none-eabi/current/bin/../lib/gcc/arm-none-eabi/11.3.1/thumb/v7-m/nofp\libc_nano.a(libc_a-lock.o)
                              c:/users/henry/scoop/apps/gcc-arm-none-eabi/current/bin/../lib/gcc/arm-none-eabi/11.3.1/thumb/v7-m/nofp\libc_nano.a(libc_a-findfp.o) (__retarget_lock_init_recursive)
c:/users/henry/scoop/apps/gcc-arm-none-eabi/current/bin/../lib/gcc/arm-none-eabi/11.3.1/thumb/v7-m/nofp\libc_nano.a(libc_a-freer.o)
                              c:/users/henry/scoop/apps/gcc-arm-none-eabi/current/bin/../lib/gcc/arm-none-eabi/11.3.1/thumb/v7-m/nofp\libc_nano.a(libc_a-reent.o) (_free_r)
c:/users/henry/scoop/apps/gcc-arm-none-eabi/current/bin/../lib/gcc/arm-none-eabi/11.3.1/thumb/v7-m/nofp\libc_nano.a(libc_a-mallocr.o)
                              c:/users/henry/scoop/apps/gcc-arm-none-eabi/current/bin/../lib/gcc/arm-none-eabi/11.3.1/thumb/v7-m/nofp\libc_nano.a(libc_a-findfp.o) (_malloc_r)
c:/users/henry/scoop/apps/gcc-arm-none-eabi/current/bin/../lib/gcc/arm-none-eabi/11.3.1/thumb/v7-m/nofp\libc_nano.a(libc_a-mlock.o)
[...]
Memory Configuration

Name             Origin             Length             Attributes
RAM              0x20000000         0x00005000         xrw
FLASH            0x08000000         0x00010000         xr
*default*        0x00000000         0xffffffff

Linker script and memory map

LOAD c:/users/henry/scoop/apps/gcc-arm-none-eabi/current/bin/../lib/gcc/arm-none-eabi/11.3.1/thumb/v7-m/nofp/crti.o
LOAD c:/users/henry/scoop/apps/gcc-arm-none-eabi/current/bin/../lib/gcc/arm-none-eabi/11.3.1/thumb/v7-m/nofp/crtbegin.o
LOAD c:/users/henry/scoop/apps/gcc-arm-none-eabi/current/bin/../lib/gcc/arm-none-eabi/11.3.1/thumb/v7-m/nofp/crt0.o
LOAD build/main.o
LOAD build/stm32f1xx_it.o
LOAD build/stm32f1xx_hal_msp.o
LOAD build/stm32f1xx_hal_gpio_ex.o
LOAD build/stm32f1xx_hal_tim.o
LOAD build/stm32f1xx_hal_tim_ex.o
LOAD build/stm32f1xx_hal_uart.o
LOAD build/stm32f1xx_hal.o
LOAD build/stm32f1xx_hal_rcc.o
LOAD build/stm32f1xx_hal_rcc_ex.o
LOAD build/stm32f1xx_hal_gpio.o
LOAD build/stm32f1xx_hal_dma.o
LOAD build/stm32f1xx_hal_cortex.o
LOAD build/stm32f1xx_hal_pwr.o
LOAD build/stm32f1xx_hal_flash.o
LOAD build/stm32f1xx_hal_flash_ex.o
LOAD build/stm32f1xx_hal_exti.o
LOAD build/system_stm32f1xx.o
LOAD build/gpio.o
LOAD build/usart.o
LOAD build/tim.o
LOAD build/startup_stm32f103xb.o
LOAD c:/users/henry/scoop/apps/gcc-arm-none-eabi/current/bin/../lib/gcc/arm-none-eabi/11.3.1/thumb/v7-m/nofp\libc_nano.a
LOAD c:/users/henry/scoop/apps/gcc-arm-none-eabi/current/bin/../lib/gcc/arm-none-eabi/11.3.1/thumb/v7-m/nofp\libm.a
LOAD c:/users/henry/scoop/apps/gcc-arm-none-eabi/current/bin/../lib/gcc/arm-none-eabi/11.3.1/thumb/v7-m/nofp\libnosys.a
START GROUP
LOAD c:/users/henry/scoop/apps/gcc-arm-none-eabi/current/bin/../lib/gcc/arm-none-eabi/11.3.1/thumb/v7-m/nofp\libgcc.a
LOAD c:/users/henry/scoop/apps/gcc-arm-none-eabi/current/bin/../lib/gcc/arm-none-eabi/11.3.1/thumb/v7-m/nofp\libc_nano.a
END GROUP
START GROUP
LOAD c:/users/henry/scoop/apps/gcc-arm-none-eabi/current/bin/../lib/gcc/arm-none-eabi/11.3.1/thumb/v7-m/nofp\libgcc.a
LOAD c:/users/henry/scoop/apps/gcc-arm-none-eabi/current/bin/../lib/gcc/arm-none-eabi/11.3.1/thumb/v7-m/nofp\libc_nano.a
END GROUP
LOAD c:/users/henry/scoop/apps/gcc-arm-none-eabi/current/bin/../lib/gcc/arm-none-eabi/11.3.1/thumb/v7-m/nofp/crtend.o
LOAD c:/users/henry/scoop/apps/gcc-arm-none-eabi/current/bin/../lib/gcc/arm-none-eabi/11.3.1/thumb/v7-m/nofp/crtn.o
                0x20005000                _estack = (ORIGIN (RAM) + LENGTH (RAM))
                0x00000200                _Min_Heap_Size = 0x200
                0x00000400                _Min_Stack_Size = 0x400

.isr_vector     0x08000000      0x10c
                0x08000000                . = ALIGN (0x4)
 *(.isr_vector)
 .isr_vector    0x08000000      0x10c build/startup_stm32f103xb.o
                0x08000000                g_pfnVectors
                0x0800010c                . = ALIGN (0x4)

.text           0x0800010c     0x24cc
                0x0800010c                . = ALIGN (0x4)
 *(.text)
 *(.text*)
 .text.deregister_tm_clones
                0x0800010c       0x1c c:/users/henry/scoop/apps/gcc-arm-none-eabi/current/bin/../lib/gcc/arm-none-eabi/11.3.1/thumb/v7-m/nofp/crtbegin.o
 .text.register_tm_clones
                0x08000128       0x24 c:/users/henry/scoop/apps/gcc-arm-none-eabi/current/bin/../lib/gcc/arm-none-eabi/11.3.1/thumb/v7-m/nofp/crtbegin.o
 .text.__do_global_dtors_aux
                0x0800014c       0x28 c:/users/henry/scoop/apps/gcc-arm-none-eabi/current/bin/../lib/gcc/arm-none-eabi/11.3.1/thumb/v7-m/nofp/crtbegin.o
 .text.frame_dummy
                0x08000174       0x24 c:/users/henry/scoop/apps/gcc-arm-none-eabi/current/bin/../lib/gcc/arm-none-eabi/11.3.1/thumb/v7-m/nofp/crtbegin.o
 .text.HAL_TIM_PeriodElapsedCallback
                0x08000198       0x1c build/main.o
                0x08000198                HAL_TIM_PeriodElapsedCallback
 .text.HAL_UART_RxCpltCallback
                0x080001b4       0x5c build/main.o
                0x080001b4                HAL_UART_RxCpltCallback
 .text.do_work  0x08000210       0x24 build/main.o
                0x08000210                do_work
 .text.Error_Handler
                0x08000234       0x10 build/main.o
                0x08000234                Error_Handler
 .text.SystemClock_Config
                0x08000244       0x64 build/main.o
                0x08000244                SystemClock_Config
 .text.main     0x080002a8       0xec build/main.o
                0x080002a8                main
 .text.NMI_Handler
                0x08000394        0x2 build/stm32f1xx_it.o
                0x08000394                NMI_Handler
 .text.HardFault_Handler
                0x08000396        0x2 build/stm32f1xx_it.o
                0x08000396                HardFault_Handler
 .text.MemManage_Handler
                0x08000398        0x2 build/stm32f1xx_it.o
                0x08000398                MemManage_Handler
 .text.BusFault_Handler
                0x0800039a        0x2 build/stm32f1xx_it.o
                0x0800039a                BusFault_Handler
 .text.UsageFault_Handler
                0x0800039c        0x2 build/stm32f1xx_it.o
                0x0800039c                UsageFault_Handler
 .text.SVC_Handler
                0x0800039e        0x2 build/stm32f1xx_it.o
                0x0800039e                SVC_Handler
 .text.DebugMon_Handler
                0x080003a0        0x2 build/stm32f1xx_it.o
                0x080003a0                DebugMon_Handler
 .text.PendSV_Handler
                0x080003a2        0x2 build/stm32f1xx_it.o
                0x080003a2                PendSV_Handler
 .text.SysTick_Handler
                0x080003a4        0x8 build/stm32f1xx_it.o
                0x080003a4                SysTick_Handler
 .text.TIM1_UP_IRQHandler
                0x080003ac       0x10 build/stm32f1xx_it.o
                0x080003ac                TIM1_UP_IRQHandler
 .text.USART1_IRQHandler
                0x080003bc       0x10 build/stm32f1xx_it.o
                0x080003bc                USART1_IRQHandler
 .text.HAL_MspInit
                0x080003cc       0x44 build/stm32f1xx_hal_msp.o
                0x080003cc                HAL_MspInit
 .text.TIM_TI1_ConfigInputStage
                0x08000410       0x24 build/stm32f1xx_hal_tim.o
 .text.TIM_TI2_ConfigInputStage
                0x08000434       0x26 build/stm32f1xx_hal_tim.o
 .text.TIM_ITRx_SetConfig
                0x0800045a       0x10 build/stm32f1xx_hal_tim.o
 *fill*         0x0800046a        0x2 
 .text.HAL_TIM_Base_Start_IT
                0x0800046c       0x68 build/stm32f1xx_hal_tim.o
                0x0800046c                HAL_TIM_Base_Start_IT
 .text.HAL_TIM_OC_DelayElapsedCallback
                0x080004d4        0x2 build/stm32f1xx_hal_tim.o
                0x080004d4                HAL_TIM_OC_DelayElapsedCallback
 .text.HAL_TIM_IC_CaptureCallback
                0x080004d6        0x2 build/stm32f1xx_hal_tim.o
                0x080004d6                HAL_TIM_IC_CaptureCallback
 .text.HAL_TIM_PWM_PulseFinishedCallback
                0x080004d8        0x2 build/stm32f1xx_hal_tim.o
                0x080004d8                HAL_TIM_PWM_PulseFinishedCallback
 .text.HAL_TIM_TriggerCallback
                0x080004da        0x2 build/stm32f1xx_hal_tim.o
                0x080004da                HAL_TIM_TriggerCallback
 .text.HAL_TIM_IRQHandler
                0x080004dc      0x17a build/stm32f1xx_hal_tim.o
                0x080004dc                HAL_TIM_IRQHandler
 *fill*         0x08000656        0x2 
 .text.TIM_Base_SetConfig
                0x08000658       0x74 build/stm32f1xx_hal_tim.o
                0x08000658                TIM_Base_SetConfig
 .text.HAL_TIM_Base_Init
                0x080006cc       0x58 build/stm32f1xx_hal_tim.o
                0x080006cc                HAL_TIM_Base_Init
 .text.TIM_ETR_SetConfig
                0x08000724       0x18 build/stm32f1xx_hal_tim.o
                0x08000724                TIM_ETR_SetConfig
 .text.HAL_TIM_ConfigClockSource
                0x0800073c       0xda build/stm32f1xx_hal_tim.o
                0x0800073c                HAL_TIM_ConfigClockSource
 *fill*         0x08000816        0x2 
 .text.HAL_TIMEx_MasterConfigSynchronization
                0x08000818       0x6c build/stm32f1xx_hal_tim_ex.o
                0x08000818                HAL_TIMEx_MasterConfigSynchronization
 .text.HAL_TIMEx_CommutCallback
                0x08000884        0x2 build/stm32f1xx_hal_tim_ex.o
                0x08000884                HAL_TIMEx_CommutCallback
 .text.HAL_TIMEx_BreakCallback
                0x08000886        0x2 build/stm32f1xx_hal_tim_ex.o
                0x08000886                HAL_TIMEx_BreakCallback
 .text.UART_EndRxTransfer
                0x08000888       0x32 build/stm32f1xx_hal_uart.o
 .text.UART_Transmit_IT
                0x080008ba       0x60 build/stm32f1xx_hal_uart.o
 *fill*         0x0800091a        0x2 
 .text.UART_SetConfig
                0x0800091c       0x94 build/stm32f1xx_hal_uart.o
 .text.UART_WaitOnFlagUntilTimeout
                0x080009b0       0x68 build/stm32f1xx_hal_uart.o
 .text.HAL_UART_Init
                0x08000a18       0x5e build/stm32f1xx_hal_uart.o
                0x08000a18                HAL_UART_Init
 .text.HAL_UART_Transmit
                0x08000a76       0xd8 build/stm32f1xx_hal_uart.o
                0x08000a76                HAL_UART_Transmit
 .text.HAL_UART_TxCpltCallback
                0x08000b4e        0x2 build/stm32f1xx_hal_uart.o
                0x08000b4e                HAL_UART_TxCpltCallback
 .text.UART_EndTransmit_IT
                0x08000b50       0x1a build/stm32f1xx_hal_uart.o
 .text.HAL_UART_ErrorCallback
                0x08000b6a        0x2 build/stm32f1xx_hal_uart.o
                0x08000b6a                HAL_UART_ErrorCallback
 .text.UART_DMAAbortOnError
                0x08000b6c       0x10 build/stm32f1xx_hal_uart.o
 .text.HAL_UARTEx_RxEventCallback
                0x08000b7c        0x2 build/stm32f1xx_hal_uart.o
                0x08000b7c                HAL_UARTEx_RxEventCallback
 .text.UART_Receive_IT
                0x08000b7e       0xd4 build/stm32f1xx_hal_uart.o
 *fill*         0x08000c52        0x2 
 .text.HAL_UART_IRQHandler
                0x08000c54      0x204 build/stm32f1xx_hal_uart.o
                0x08000c54                HAL_UART_IRQHandler
 .text.UART_Start_Receive_IT
                0x08000e58       0x36 build/stm32f1xx_hal_uart.o
                0x08000e58                UART_Start_Receive_IT
 .text.HAL_UART_Receive_IT
                0x08000e8e       0x38 build/stm32f1xx_hal_uart.o
                0x08000e8e                HAL_UART_Receive_IT
 *fill*         0x08000ec6        0x2 
 .text.HAL_InitTick
                0x08000ec8       0x4c build/stm32f1xx_hal.o
                0x08000ec8                HAL_InitTick
 .text.HAL_Init
                0x08000f14       0x24 build/stm32f1xx_hal.o
                0x08000f14                HAL_Init
 .text.HAL_IncTick
                0x08000f38       0x18 build/stm32f1xx_hal.o
                0x08000f38                HAL_IncTick
 .text.HAL_GetTick
                0x08000f50        0xc build/stm32f1xx_hal.o
                0x08000f50                HAL_GetTick
 .text.HAL_Delay
                0x08000f5c       0x28 build/stm32f1xx_hal.o
                0x08000f5c                HAL_Delay
 .text.HAL_SuspendTick
                0x08000f84        0xe build/stm32f1xx_hal.o
                0x08000f84                HAL_SuspendTick
 .text.HAL_ResumeTick
                0x08000f92        0xe build/stm32f1xx_hal.o
                0x08000f92                HAL_ResumeTick
 .text.RCC_Delay
                0x08000fa0       0x2c build/stm32f1xx_hal_rcc.o
 .text.HAL_RCC_OscConfig
                0x08000fcc      0x410 build/stm32f1xx_hal_rcc.o
                0x08000fcc                HAL_RCC_OscConfig
 .text.HAL_RCC_GetSysClockFreq
                0x080013dc       0x70 build/stm32f1xx_hal_rcc.o
                0x080013dc                HAL_RCC_GetSysClockFreq
 .text.HAL_RCC_ClockConfig
                0x0800144c      0x16c build/stm32f1xx_hal_rcc.o
                0x0800144c                HAL_RCC_ClockConfig
 .text.HAL_RCC_GetHCLKFreq
                0x080015b8        0xc build/stm32f1xx_hal_rcc.o
                0x080015b8                HAL_RCC_GetHCLKFreq
 .text.HAL_RCC_GetPCLK1Freq
                0x080015c4       0x20 build/stm32f1xx_hal_rcc.o
                0x080015c4                HAL_RCC_GetPCLK1Freq
 .text.HAL_RCC_GetPCLK2Freq
                0x080015e4       0x20 build/stm32f1xx_hal_rcc.o
                0x080015e4                HAL_RCC_GetPCLK2Freq
 .text.HAL_GPIO_Init
                0x08001604      0x224 build/stm32f1xx_hal_gpio.o
                0x08001604                HAL_GPIO_Init
 .text.HAL_DMA_Abort
                0x08001828       0x44 build/stm32f1xx_hal_dma.o
                0x08001828                HAL_DMA_Abort
 .text.HAL_DMA_Abort_IT
                0x0800186c       0x98 build/stm32f1xx_hal_dma.o
                0x0800186c                HAL_DMA_Abort_IT
 .text.HAL_NVIC_SetPriorityGrouping
                0x08001904       0x24 build/stm32f1xx_hal_cortex.o
                0x08001904                HAL_NVIC_SetPriorityGrouping
 .text.HAL_NVIC_SetPriority
                0x08001928       0x70 build/stm32f1xx_hal_cortex.o
                0x08001928                HAL_NVIC_SetPriority
 .text.HAL_NVIC_EnableIRQ
                0x08001998       0x1c build/stm32f1xx_hal_cortex.o
                0x08001998                HAL_NVIC_EnableIRQ
 .text.HAL_SYSTICK_Config
                0x080019b4       0x28 build/stm32f1xx_hal_cortex.o
                0x080019b4                HAL_SYSTICK_Config
 .text.HAL_PWR_EnterSLEEPMode
                0x080019dc       0x20 build/stm32f1xx_hal_pwr.o
                0x080019dc                HAL_PWR_EnterSLEEPMode
 .text.SystemInit
                0x080019fc        0x2 build/system_stm32f1xx.o
                0x080019fc                SystemInit
 *fill*         0x080019fe        0x2 
 .text.MX_GPIO_Init
                0x08001a00       0x30 build/gpio.o
                0x08001a00                MX_GPIO_Init
 .text.MX_USART1_UART_Init
                0x08001a30       0x34 build/usart.o
                0x08001a30                MX_USART1_UART_Init
 .text.HAL_UART_MspInit
                0x08001a64       0x88 build/usart.o
                0x08001a64                HAL_UART_MspInit
 .text.debug_printf
                0x08001aec       0x40 build/usart.o
                0x08001aec                debug_printf
 .text.MX_TIM1_Init
                0x08001b2c       0x78 build/tim.o
                0x08001b2c                MX_TIM1_Init
 .text.HAL_TIM_Base_MspInit
                0x08001ba4       0x40 build/tim.o
                0x08001ba4                HAL_TIM_Base_MspInit
 .text.Reset_Handler
                0x08001be4       0x48 build/startup_stm32f103xb.o
                0x08001be4                Reset_Handler
 .text.Default_Handler
                0x08001c2c        0x2 build/startup_stm32f103xb.o
                0x08001c2c                RTC_Alarm_IRQHandler
                0x08001c2c                EXTI2_IRQHandler
                0x08001c2c                TIM1_CC_IRQHandler
                0x08001c2c                PVD_IRQHandler
                0x08001c2c                EXTI3_IRQHandler
                0x08001c2c                EXTI0_IRQHandler
                0x08001c2c                I2C2_EV_IRQHandler
                0x08001c2c                ADC1_2_IRQHandler
                0x08001c2c                SPI1_IRQHandler
                0x08001c2c                TAMPER_IRQHandler
                0x08001c2c                DMA1_Channel4_IRQHandler
                0x08001c2c                USART3_IRQHandler
                0x08001c2c                RTC_IRQHandler
                0x08001c2c                DMA1_Channel7_IRQHandler
                0x08001c2c                CAN1_RX1_IRQHandler
                0x08001c2c                TIM4_IRQHandler
                0x08001c2c                I2C1_EV_IRQHandler
                0x08001c2c                DMA1_Channel6_IRQHandler
                0x08001c2c                TIM3_IRQHandler
                0x08001c2c                RCC_IRQHandler
                0x08001c2c                TIM1_TRG_COM_IRQHandler
                0x08001c2c                DMA1_Channel1_IRQHandler
                0x08001c2c                Default_Handler
                0x08001c2c                EXTI15_10_IRQHandler
                0x08001c2c                EXTI9_5_IRQHandler
                0x08001c2c                SPI2_IRQHandler
                0x08001c2c                DMA1_Channel5_IRQHandler
                0x08001c2c                EXTI4_IRQHandler
                0x08001c2c                USB_LP_CAN1_RX0_IRQHandler
                0x08001c2c                USB_HP_CAN1_TX_IRQHandler
                0x08001c2c                DMA1_Channel3_IRQHandler
                0x08001c2c                WWDG_IRQHandler
                0x08001c2c                TIM2_IRQHandler
                0x08001c2c                TIM1_BRK_IRQHandler
                0x08001c2c                EXTI1_IRQHandler
                0x08001c2c                USART2_IRQHandler
                0x08001c2c                I2C2_ER_IRQHandler
                0x08001c2c                DMA1_Channel2_IRQHandler
                0x08001c2c                CAN1_SCE_IRQHandler
                0x08001c2c                FLASH_IRQHandler
                0x08001c2c                I2C1_ER_IRQHandler
                0x08001c2c                USBWakeUp_IRQHandler
 .text._vsnprintf_r
                0x08001c2e       0x56 c:/users/henry/scoop/apps/gcc-arm-none-eabi/current/bin/../lib/gcc/arm-none-eabi/11.3.1/thumb/v7-m/nofp\libc_nano.a(libc_a-vsnprintf.o)
                0x08001c2e                _vsniprintf_r
                0x08001c2e                _vsnprintf_r
 .text.vsnprintf
                0x08001c84       0x1c c:/users/henry/scoop/apps/gcc-arm-none-eabi/current/bin/../lib/gcc/arm-none-eabi/11.3.1/thumb/v7-m/nofp\libc_nano.a(libc_a-vsnprintf.o)
                0x08001c84                vsniprintf
                0x08001c84                vsnprintf
 .text.memset   0x08001ca0       0x10 c:/users/henry/scoop/apps/gcc-arm-none-eabi/current/bin/../lib/gcc/arm-none-eabi/11.3.1/thumb/v7-m/nofp\libc_nano.a(libc_a-memset.o)
                0x08001ca0                memset
 .text.__libc_init_array
                0x08001cb0       0x48 c:/users/henry/scoop/apps/gcc-arm-none-eabi/current/bin/../lib/gcc/arm-none-eabi/11.3.1/thumb/v7-m/nofp\libc_nano.a(libc_a-init.o)
                0x08001cb0                __libc_init_array
 .text.__retarget_lock_acquire_recursive
                0x08001cf8        0x2 c:/users/henry/scoop/apps/gcc-arm-none-eabi/current/bin/../lib/gcc/arm-none-eabi/11.3.1/thumb/v7-m/nofp\libc_nano.a(libc_a-lock.o)
                0x08001cf8                __retarget_lock_acquire_recursive
 .text.__retarget_lock_release_recursive
                0x08001cfa        0x2 c:/users/henry/scoop/apps/gcc-arm-none-eabi/current/bin/../lib/gcc/arm-none-eabi/11.3.1/thumb/v7-m/nofp\libc_nano.a(libc_a-lock.o)
                0x08001cfa                __retarget_lock_release_recursive
 .text._free_r  0x08001cfc       0x90 c:/users/henry/scoop/apps/gcc-arm-none-eabi/current/bin/../lib/gcc/arm-none-eabi/11.3.1/thumb/v7-m/nofp\libc_nano.a(libc_a-freer.o)
                0x08001cfc                _free_r
 .text.sbrk_aligned
                0x08001d8c       0x40 c:/users/henry/scoop/apps/gcc-arm-none-eabi/current/bin/../lib/gcc/arm-none-eabi/11.3.1/thumb/v7-m/nofp\libc_nano.a(libc_a-mallocr.o)
 .text._malloc_r
                0x08001dcc       0xec c:/users/henry/scoop/apps/gcc-arm-none-eabi/current/bin/../lib/gcc/arm-none-eabi/11.3.1/thumb/v7-m/nofp\libc_nano.a(libc_a-mallocr.o)
                0x08001dcc                _malloc_r
 .text.__malloc_lock
                0x08001eb8        0xc c:/users/henry/scoop/apps/gcc-arm-none-eabi/current/bin/../lib/gcc/arm-none-eabi/11.3.1/thumb/v7-m/nofp\libc_nano.a(libc_a-mlock.o)
                0x08001eb8                __malloc_lock
 .text.__malloc_unlock
                0x08001ec4        0xc c:/users/henry/scoop/apps/gcc-arm-none-eabi/current/bin/../lib/gcc/arm-none-eabi/11.3.1/thumb/v7-m/nofp\libc_nano.a(libc_a-mlock.o)
                0x08001ec4                __malloc_unlock
 .text.__ssputs_r
                0x08001ed0       0xb4 c:/users/henry/scoop/apps/gcc-arm-none-eabi/current/bin/../lib/gcc/arm-none-eabi/11.3.1/thumb/v7-m/nofp\libc_nano.a(libc_a-nano-svfprintf.o)
                0x08001ed0                __ssputs_r
 .text._svfprintf_r
                0x08001f84      0x1fc c:/users/henry/scoop/apps/gcc-arm-none-eabi/current/bin/../lib/gcc/arm-none-eabi/11.3.1/thumb/v7-m/nofp\libc_nano.a(libc_a-nano-svfprintf.o)
                0x08001f84                _svfiprintf_r
                0x08001f84                _svfprintf_r
 .text._printf_common
                0x08002180       0xe4 c:/users/henry/scoop/apps/gcc-arm-none-eabi/current/bin/../lib/gcc/arm-none-eabi/11.3.1/thumb/v7-m/nofp\libc_nano.a(libc_a-nano-vfprintf_i.o)
                0x08002180                _printf_common
 .text._printf_i
                0x08002264      0x244 c:/users/henry/scoop/apps/gcc-arm-none-eabi/current/bin/../lib/gcc/arm-none-eabi/11.3.1/thumb/v7-m/nofp\libc_nano.a(libc_a-nano-vfprintf_i.o)
                0x08002264                _printf_i
 .text.memmove  0x080024a8       0x34 c:/users/henry/scoop/apps/gcc-arm-none-eabi/current/bin/../lib/gcc/arm-none-eabi/11.3.1/thumb/v7-m/nofp\libc_nano.a(libc_a-memmove.o)
                0x080024a8                memmove
 .text._sbrk_r  0x080024dc       0x20 c:/users/henry/scoop/apps/gcc-arm-none-eabi/current/bin/../lib/gcc/arm-none-eabi/11.3.1/thumb/v7-m/nofp\libc_nano.a(libc_a-sbrkr.o)
                0x080024dc                _sbrk_r
 .text.memchr   0x080024fc       0x1c c:/users/henry/scoop/apps/gcc-arm-none-eabi/current/bin/../lib/gcc/arm-none-eabi/11.3.1/thumb/v7-m/nofp\libc_nano.a(libc_a-memchr-stub.o)
                0x080024fc                memchr
 .text.memcpy   0x08002518       0x1c c:/users/henry/scoop/apps/gcc-arm-none-eabi/current/bin/../lib/gcc/arm-none-eabi/11.3.1/thumb/v7-m/nofp\libc_nano.a(libc_a-memcpy-stub.o)
                0x08002518                memcpy
 .text._realloc_r
                0x08002534       0x5e c:/users/henry/scoop/apps/gcc-arm-none-eabi/current/bin/../lib/gcc/arm-none-eabi/11.3.1/thumb/v7-m/nofp\libc_nano.a(libc_a-reallocr.o)
                0x08002534                _realloc_r
 .text._malloc_usable_size_r
                0x08002592       0x10 c:/users/henry/scoop/apps/gcc-arm-none-eabi/current/bin/../lib/gcc/arm-none-eabi/11.3.1/thumb/v7-m/nofp\libc_nano.a(libc_a-msizer.o)
                0x08002592                _malloc_usable_size_r
 *fill*         0x080025a2        0x2 
 .text._sbrk    0x080025a4       0x1c c:/users/henry/scoop/apps/gcc-arm-none-eabi/current/bin/../lib/gcc/arm-none-eabi/11.3.1/thumb/v7-m/nofp\libnosys.a(sbrk.o)
                0x080025a4                _sbrk
 *(.glue_7)
 .glue_7        0x080025c0        0x0 linker stubs
 *(.glue_7t)
 .glue_7t       0x080025c0        0x0 linker stubs
 *(.eh_frame)
 .eh_frame      0x080025c0        0x0 c:/users/henry/scoop/apps/gcc-arm-none-eabi/current/bin/../lib/gcc/arm-none-eabi/11.3.1/thumb/v7-m/nofp/crtbegin.o
 *(.init)
 .init          0x080025c0        0x4 c:/users/henry/scoop/apps/gcc-arm-none-eabi/current/bin/../lib/gcc/arm-none-eabi/11.3.1/thumb/v7-m/nofp/crti.o
                0x080025c0                _init
 .init          0x080025c4        0x8 c:/users/henry/scoop/apps/gcc-arm-none-eabi/current/bin/../lib/gcc/arm-none-eabi/11.3.1/thumb/v7-m/nofp/crtn.o
 *(.fini)
 .fini          0x080025cc        0x4 c:/users/henry/scoop/apps/gcc-arm-none-eabi/current/bin/../lib/gcc/arm-none-eabi/11.3.1/thumb/v7-m/nofp/crti.o
                0x080025cc                _fini
 .fini          0x080025d0        0x8 c:/users/henry/scoop/apps/gcc-arm-none-eabi/current/bin/../lib/gcc/arm-none-eabi/11.3.1/thumb/v7-m/nofp/crtn.o
                0x080025d8                . = ALIGN (0x4)
                0x080025d8                _etext = .

.vfp11_veneer   0x080025d8        0x0
 .vfp11_veneer  0x080025d8        0x0 linker stubs

.v4_bx          0x080025d8        0x0
 .v4_bx         0x080025d8        0x0 linker stubs

.iplt           0x080025d8        0x0
 .iplt          0x080025d8        0x0 c:/users/henry/scoop/apps/gcc-arm-none-eabi/current/bin/../lib/gcc/arm-none-eabi/11.3.1/thumb/v7-m/nofp/crtbegin.o

.rodata         0x080025d8      0x15c
                0x080025d8                . = ALIGN (0x4)
 *(.rodata)
 *(.rodata*)
 .rodata.HAL_UART_RxCpltCallback.str1.4
                0x080025d8       0x16 build/main.o
 *fill*         0x080025ee        0x2 
 .rodata.do_work.str1.4
                0x080025f0       0x24 build/main.o
 .rodata.Error_Handler.str1.4
                0x08002614        0xa build/main.o
 *fill*         0x0800261e        0x2 
 .rodata.main.str1.4
                0x08002620       0xb3 build/main.o
 *fill*         0x080026d3        0x1 
 .rodata.HAL_RCC_GetSysClockFreq.str1.4
                0x080026d4       0x11 build/stm32f1xx_hal_rcc.o
 *fill*         0x080026e5        0x3 
 .rodata.AHBPrescTable
                0x080026e8       0x10 build/system_stm32f1xx.o
                0x080026e8                AHBPrescTable
 .rodata.APBPrescTable
                0x080026f8        0x8 build/system_stm32f1xx.o
                0x080026f8                APBPrescTable
 .rodata._svfprintf_r.str1.1
                0x08002700       0x11 c:/users/henry/scoop/apps/gcc-arm-none-eabi/current/bin/../lib/gcc/arm-none-eabi/11.3.1/thumb/v7-m/nofp\libc_nano.a(libc_a-nano-svfprintf.o)
 .rodata._printf_i.str1.1
                0x08002711       0x22 c:/users/henry/scoop/apps/gcc-arm-none-eabi/current/bin/../lib/gcc/arm-none-eabi/11.3.1/thumb/v7-m/nofp\libc_nano.a(libc_a-nano-vfprintf_i.o)
                0x08002734                . = ALIGN (0x4)
 *fill*         0x08002733        0x1 

.rel.dyn        0x08002734        0x0
 .rel.iplt      0x08002734        0x0 c:/users/henry/scoop/apps/gcc-arm-none-eabi/current/bin/../lib/gcc/arm-none-eabi/11.3.1/thumb/v7-m/nofp/crtbegin.o

.ARM.extab
 *(.ARM.extab* .gnu.linkonce.armextab.*)

.ARM            0x08002734        0x0
                0x08002734                __exidx_start = .
 *(.ARM.exidx*)
                0x08002734                __exidx_end = .

.preinit_array  0x08002734        0x0
                0x08002734                PROVIDE (__preinit_array_start = .)
 *(.preinit_array*)
                0x08002734                PROVIDE (__preinit_array_end = .)

.init_array     0x08002734        0x4
                0x08002734                PROVIDE (__init_array_start = .)
 *(SORT_BY_NAME(.init_array.*))
 *(.init_array*)
 .init_array    0x08002734        0x4 c:/users/henry/scoop/apps/gcc-arm-none-eabi/current/bin/../lib/gcc/arm-none-eabi/11.3.1/thumb/v7-m/nofp/crtbegin.o
                0x08002738                PROVIDE (__init_array_end = .)

.fini_array     0x08002738        0x4
                [!provide]                PROVIDE (__fini_array_start = .)
 *(SORT_BY_NAME(.fini_array.*))
 *(.fini_array*)
 .fini_array    0x08002738        0x4 c:/users/henry/scoop/apps/gcc-arm-none-eabi/current/bin/../lib/gcc/arm-none-eabi/11.3.1/thumb/v7-m/nofp/crtbegin.o
                [!provide]                PROVIDE (__fini_array_end = .)
                0x0800273c                _sidata = LOADADDR (.data)

.data           0x20000000       0x60 load address 0x0800273c
                0x20000000                . = ALIGN (0x4)
                0x20000000                _sdata = .
 *(.data)
 *(.data*)
 .data.work     0x20000000        0x4 build/main.o
                0x20000000                work
 .data.uwTickFreq
                0x20000004        0x1 build/stm32f1xx_hal.o
                0x20000004                uwTickFreq
 *fill*         0x20000005        0x3 
 .data.uwTickPrio
                0x20000008        0x4 build/stm32f1xx_hal.o
                0x20000008                uwTickPrio
 .data.SystemCoreClock
                0x2000000c        0x4 build/system_stm32f1xx.o
                0x2000000c                SystemCoreClock
 .data._impure_data
                0x20000010       0x4c c:/users/henry/scoop/apps/gcc-arm-none-eabi/current/bin/../lib/gcc/arm-none-eabi/11.3.1/thumb/v7-m/nofp\libc_nano.a(libc_a-impure.o)
                0x20000010                _impure_data
 .data._impure_ptr
                0x2000005c        0x4 c:/users/henry/scoop/apps/gcc-arm-none-eabi/current/bin/../lib/gcc/arm-none-eabi/11.3.1/thumb/v7-m/nofp\libc_nano.a(libc_a-impure.o)
                0x2000005c                _impure_ptr
                0x20000060                . = ALIGN (0x4)
                0x20000060                _edata = .

.tm_clone_table
                0x20000060        0x0 load address 0x0800279c
 .tm_clone_table
                0x20000060        0x0 c:/users/henry/scoop/apps/gcc-arm-none-eabi/current/bin/../lib/gcc/arm-none-eabi/11.3.1/thumb/v7-m/nofp/crtbegin.o
 .tm_clone_table
                0x20000060        0x0 c:/users/henry/scoop/apps/gcc-arm-none-eabi/current/bin/../lib/gcc/arm-none-eabi/11.3.1/thumb/v7-m/nofp/crtend.o

.igot.plt       0x20000060        0x0 load address 0x0800279c
 .igot.plt      0x20000060        0x0 c:/users/henry/scoop/apps/gcc-arm-none-eabi/current/bin/../lib/gcc/arm-none-eabi/11.3.1/thumb/v7-m/nofp/crtbegin.o
                0x20000060                . = ALIGN (0x4)

.bss            0x20000060      0x2fc load address 0x0800279c
                0x20000060                _sbss = .
                0x20000060                __bss_start__ = _sbss
 *(.bss)
 *(.bss*)
 .bss.completed.1
                0x20000060        0x1 c:/users/henry/scoop/apps/gcc-arm-none-eabi/current/bin/../lib/gcc/arm-none-eabi/11.3.1/thumb/v7-m/nofp/crtbegin.o
 *fill*         0x20000061        0x3 
 .bss.object.0  0x20000064       0x18 c:/users/henry/scoop/apps/gcc-arm-none-eabi/current/bin/../lib/gcc/arm-none-eabi/11.3.1/thumb/v7-m/nofp/crtbegin.o
 .bss.cmd       0x2000007c        0x1 build/main.o
                0x2000007c                cmd
 .bss.state     0x2000007d        0x1 build/main.o
                0x2000007d                state
 *fill*         0x2000007e        0x2 
 .bss.uwTick    0x20000080        0x4 build/stm32f1xx_hal.o
                0x20000080                uwTick
 .bss.buffer.0  0x20000084      0x100 build/usart.o
 .bss.huart1    0x20000184       0x44 build/usart.o
                0x20000184                huart1
 .bss.htim1     0x200001c8       0x48 build/tim.o
                0x200001c8                htim1
 .bss.__sf      0x20000210      0x138 c:/users/henry/scoop/apps/gcc-arm-none-eabi/current/bin/../lib/gcc/arm-none-eabi/11.3.1/thumb/v7-m/nofp\libc_nano.a(libc_a-findfp.o)
                0x20000210                __sf
 .bss.errno     0x20000348        0x4 c:/users/henry/scoop/apps/gcc-arm-none-eabi/current/bin/../lib/gcc/arm-none-eabi/11.3.1/thumb/v7-m/nofp\libc_nano.a(libc_a-reent.o)
                0x20000348                errno
 .bss.__lock___malloc_recursive_mutex
                0x2000034c        0x1 c:/users/henry/scoop/apps/gcc-arm-none-eabi/current/bin/../lib/gcc/arm-none-eabi/11.3.1/thumb/v7-m/nofp\libc_nano.a(libc_a-lock.o)
                0x2000034c                __lock___malloc_recursive_mutex
 *fill*         0x2000034d        0x3 
 .bss.__malloc_free_list
                0x20000350        0x4 c:/users/henry/scoop/apps/gcc-arm-none-eabi/current/bin/../lib/gcc/arm-none-eabi/11.3.1/thumb/v7-m/nofp\libc_nano.a(libc_a-mallocr.o)
                0x20000350                __malloc_free_list
 .bss.__malloc_sbrk_start
                0x20000354        0x4 c:/users/henry/scoop/apps/gcc-arm-none-eabi/current/bin/../lib/gcc/arm-none-eabi/11.3.1/thumb/v7-m/nofp\libc_nano.a(libc_a-mallocr.o)
                0x20000354                __malloc_sbrk_start
 .bss.heap_end.0
                0x20000358        0x4 c:/users/henry/scoop/apps/gcc-arm-none-eabi/current/bin/../lib/gcc/arm-none-eabi/11.3.1/thumb/v7-m/nofp\libnosys.a(sbrk.o)
 *(COMMON)
                0x2000035c                . = ALIGN (0x4)
                0x2000035c                _ebss = .
                0x2000035c                __bss_end__ = _ebss

._user_heap_stack
                0x2000035c      0x604 load address 0x0800279c
                0x20000360                . = ALIGN (0x8)
 *fill*         0x2000035c        0x4 
                0x20000360                PROVIDE (end = .)
                [!provide]                PROVIDE (_end = .)
                0x20000560                . = (. + _Min_Heap_Size)
 *fill*         0x20000360      0x200 
                0x20000960                . = (. + _Min_Stack_Size)
 *fill*         0x20000560      0x400 
                0x20000960                . = ALIGN (0x8)

/DISCARD/
 libc.a(*)
 libm.a(*)
 libgcc.a(*)

.ARM.attributes
                0x00000000       0x29
 *(.ARM.attributes)
 .ARM.attributes
                0x00000000       0x1d c:/users/henry/scoop/apps/gcc-arm-none-eabi/current/bin/../lib/gcc/arm-none-eabi/11.3.1/thumb/v7-m/nofp/crti.o
 .ARM.attributes
                0x0000001d       0x2d c:/users/henry/scoop/apps/gcc-arm-none-eabi/current/bin/../lib/gcc/arm-none-eabi/11.3.1/thumb/v7-m/nofp/crtbegin.o
 .ARM.attributes
                0x0000004a       0x2d build/main.o
 .ARM.attributes
                0x00000077       0x2d build/stm32f1xx_it.o
 .ARM.attributes
                0x000000a4       0x2d build/stm32f1xx_hal_msp.o
 .ARM.attributes
                0x000000d1       0x2d build/stm32f1xx_hal_tim.o
 .ARM.attributes
                0x000000fe       0x2d build/stm32f1xx_hal_tim_ex.o
 .ARM.attributes
                0x0000012b       0x2d build/stm32f1xx_hal_uart.o
 .ARM.attributes
                0x00000158       0x2d build/stm32f1xx_hal.o
 .ARM.attributes
                0x00000185       0x2d build/stm32f1xx_hal_rcc.o
 .ARM.attributes
                0x000001b2       0x2d build/stm32f1xx_hal_gpio.o
 .ARM.attributes
                0x000001df       0x2d build/stm32f1xx_hal_dma.o
 .ARM.attributes
                0x0000020c       0x2d build/stm32f1xx_hal_cortex.o
 .ARM.attributes
                0x00000239       0x2d build/stm32f1xx_hal_pwr.o
 .ARM.attributes
                0x00000266       0x2d build/system_stm32f1xx.o
 .ARM.attributes
                0x00000293       0x2d build/gpio.o
 .ARM.attributes
                0x000002c0       0x2d build/usart.o
 .ARM.attributes
                0x000002ed       0x2d build/tim.o
 .ARM.attributes
                0x0000031a       0x21 build/startup_stm32f103xb.o
 .ARM.attributes
                0x0000033b       0x2d c:/users/henry/scoop/apps/gcc-arm-none-eabi/current/bin/../lib/gcc/arm-none-eabi/11.3.1/thumb/v7-m/nofp\libc_nano.a(libc_a-findfp.o)
 .ARM.attributes
                0x00000368       0x2d c:/users/henry/scoop/apps/gcc-arm-none-eabi/current/bin/../lib/gcc/arm-none-eabi/11.3.1/thumb/v7-m/nofp\libc_nano.a(libc_a-vsnprintf.o)
 .ARM.attributes
                0x00000395       0x2d c:/users/henry/scoop/apps/gcc-arm-none-eabi/current/bin/../lib/gcc/arm-none-eabi/11.3.1/thumb/v7-m/nofp\libc_nano.a(libc_a-memset.o)
 .ARM.attributes
                0x000003c2       0x2d c:/users/henry/scoop/apps/gcc-arm-none-eabi/current/bin/../lib/gcc/arm-none-eabi/11.3.1/thumb/v7-m/nofp\libc_nano.a(libc_a-reent.o)
 .ARM.attributes
                0x000003ef       0x2d c:/users/henry/scoop/apps/gcc-arm-none-eabi/current/bin/../lib/gcc/arm-none-eabi/11.3.1/thumb/v7-m/nofp\libc_nano.a(libc_a-impure.o)
 .ARM.attributes
                0x0000041c       0x2d c:/users/henry/scoop/apps/gcc-arm-none-eabi/current/bin/../lib/gcc/arm-none-eabi/11.3.1/thumb/v7-m/nofp\libc_nano.a(libc_a-init.o)
 .ARM.attributes
                0x00000449       0x2d c:/users/henry/scoop/apps/gcc-arm-none-eabi/current/bin/../lib/gcc/arm-none-eabi/11.3.1/thumb/v7-m/nofp\libc_nano.a(libc_a-lock.o)
 .ARM.attributes
                0x00000476       0x2d c:/users/henry/scoop/apps/gcc-arm-none-eabi/current/bin/../lib/gcc/arm-none-eabi/11.3.1/thumb/v7-m/nofp\libc_nano.a(libc_a-freer.o)
 .ARM.attributes
                0x000004a3       0x2d c:/users/henry/scoop/apps/gcc-arm-none-eabi/current/bin/../lib/gcc/arm-none-eabi/11.3.1/thumb/v7-m/nofp\libc_nano.a(libc_a-mallocr.o)
 .ARM.attributes
                0x000004d0       0x2d c:/users/henry/scoop/apps/gcc-arm-none-eabi/current/bin/../lib/gcc/arm-none-eabi/11.3.1/thumb/v7-m/nofp\libc_nano.a(libc_a-mlock.o)
 .ARM.attributes
                0x000004fd       0x2d c:/users/henry/scoop/apps/gcc-arm-none-eabi/current/bin/../lib/gcc/arm-none-eabi/11.3.1/thumb/v7-m/nofp\libc_nano.a(libc_a-nano-svfprintf.o)
 .ARM.attributes
                0x0000052a       0x2d c:/users/henry/scoop/apps/gcc-arm-none-eabi/current/bin/../lib/gcc/arm-none-eabi/11.3.1/thumb/v7-m/nofp\libc_nano.a(libc_a-nano-vfprintf_i.o)
 .ARM.attributes
                0x00000557       0x2d c:/users/henry/scoop/apps/gcc-arm-none-eabi/current/bin/../lib/gcc/arm-none-eabi/11.3.1/thumb/v7-m/nofp\libc_nano.a(libc_a-memmove.o)
 .ARM.attributes
                0x00000584       0x2d c:/users/henry/scoop/apps/gcc-arm-none-eabi/current/bin/../lib/gcc/arm-none-eabi/11.3.1/thumb/v7-m/nofp\libc_nano.a(libc_a-sbrkr.o)
 .ARM.attributes
                0x000005b1       0x2d c:/users/henry/scoop/apps/gcc-arm-none-eabi/current/bin/../lib/gcc/arm-none-eabi/11.3.1/thumb/v7-m/nofp\libc_nano.a(libc_a-memchr-stub.o)
 .ARM.attributes
                0x000005de       0x2d c:/users/henry/scoop/apps/gcc-arm-none-eabi/current/bin/../lib/gcc/arm-none-eabi/11.3.1/thumb/v7-m/nofp\libc_nano.a(libc_a-memcpy-stub.o)
 .ARM.attributes
                0x0000060b       0x2d c:/users/henry/scoop/apps/gcc-arm-none-eabi/current/bin/../lib/gcc/arm-none-eabi/11.3.1/thumb/v7-m/nofp\libc_nano.a(libc_a-reallocr.o)
 .ARM.attributes
                0x00000638       0x2d c:/users/henry/scoop/apps/gcc-arm-none-eabi/current/bin/../lib/gcc/arm-none-eabi/11.3.1/thumb/v7-m/nofp\libc_nano.a(libc_a-msizer.o)
 .ARM.attributes
                0x00000665       0x2d c:/users/henry/scoop/apps/gcc-arm-none-eabi/current/bin/../lib/gcc/arm-none-eabi/11.3.1/thumb/v7-m/nofp\libnosys.a(sbrk.o)
 .ARM.attributes
                0x00000692       0x2d c:/users/henry/scoop/apps/gcc-arm-none-eabi/current/bin/../lib/gcc/arm-none-eabi/11.3.1/thumb/v7-m/nofp/crtend.o
 .ARM.attributes
                0x000006bf       0x1d c:/users/henry/scoop/apps/gcc-arm-none-eabi/current/bin/../lib/gcc/arm-none-eabi/11.3.1/thumb/v7-m/nofp/crtn.o
OUTPUT(build/PowerController.elf elf32-littlearm)
LOAD linker stubs
LOAD c:/users/henry/scoop/apps/gcc-arm-none-eabi/current/bin/../lib/gcc/arm-none-eabi/11.3.1/thumb/v7-m/nofp\libc.a
LOAD c:/users/henry/scoop/apps/gcc-arm-none-eabi/current/bin/../lib/gcc/arm-none-eabi/11.3.1/thumb/v7-m/nofp\libm.a
LOAD c:/users/henry/scoop/apps/gcc-arm-none-eabi/current/bin/../lib/gcc/arm-none-eabi/11.3.1/thumb/v7-m/nofp\libgcc.a

.comment        0x00000000       0x33
 .comment       0x00000000       0x33 c:/users/henry/scoop/apps/gcc-arm-none-eabi/current/bin/../lib/gcc/arm-none-eabi/11.3.1/thumb/v7-m/nofp/crtbegin.o
                                 0x34 (size before relaxing)
 .comment       0x00000033       0x34 build/main.o
 .comment       0x00000033       0x34 build/stm32f1xx_it.o
 .comment       0x00000033       0x34 build/stm32f1xx_hal_msp.o
 .comment       0x00000033       0x34 build/stm32f1xx_hal_tim.o
 .comment       0x00000033       0x34 build/stm32f1xx_hal_tim_ex.o
 .comment       0x00000033       0x34 build/stm32f1xx_hal_uart.o
 .comment       0x00000033       0x34 build/stm32f1xx_hal.o
 .comment       0x00000033       0x34 build/stm32f1xx_hal_rcc.o
 .comment       0x00000033       0x34 build/stm32f1xx_hal_gpio.o
 .comment       0x00000033       0x34 build/stm32f1xx_hal_dma.o
 .comment       0x00000033       0x34 build/stm32f1xx_hal_cortex.o
 .comment       0x00000033       0x34 build/stm32f1xx_hal_pwr.o
 .comment       0x00000033       0x34 build/system_stm32f1xx.o
 .comment       0x00000033       0x34 build/gpio.o
 .comment       0x00000033       0x34 build/usart.o
 .comment       0x00000033       0x34 build/tim.o
 .comment       0x00000033       0x34 c:/users/henry/scoop/apps/gcc-arm-none-eabi/current/bin/../lib/gcc/arm-none-eabi/11.3.1/thumb/v7-m/nofp\libc_nano.a(libc_a-findfp.o)
 .comment       0x00000033       0x34 c:/users/henry/scoop/apps/gcc-arm-none-eabi/current/bin/../lib/gcc/arm-none-eabi/11.3.1/thumb/v7-m/nofp\libc_nano.a(libc_a-vsnprintf.o)
 .comment       0x00000033       0x34 c:/users/henry/scoop/apps/gcc-arm-none-eabi/current/bin/../lib/gcc/arm-none-eabi/11.3.1/thumb/v7-m/nofp\libc_nano.a(libc_a-memset.o)
 .comment       0x00000033       0x34 c:/users/henry/scoop/apps/gcc-arm-none-eabi/current/bin/../lib/gcc/arm-none-eabi/11.3.1/thumb/v7-m/nofp\libc_nano.a(libc_a-reent.o)
 .comment       0x00000033       0x34 c:/users/henry/scoop/apps/gcc-arm-none-eabi/current/bin/../lib/gcc/arm-none-eabi/11.3.1/thumb/v7-m/nofp\libc_nano.a(libc_a-impure.o)
 .comment       0x00000033       0x34 c:/users/henry/scoop/apps/gcc-arm-none-eabi/current/bin/../lib/gcc/arm-none-eabi/11.3.1/thumb/v7-m/nofp\libc_nano.a(libc_a-init.o)
 .comment       0x00000033       0x34 c:/users/henry/scoop/apps/gcc-arm-none-eabi/current/bin/../lib/gcc/arm-none-eabi/11.3.1/thumb/v7-m/nofp\libc_nano.a(libc_a-lock.o)
 .comment       0x00000033       0x34 c:/users/henry/scoop/apps/gcc-arm-none-eabi/current/bin/../lib/gcc/arm-none-eabi/11.3.1/thumb/v7-m/nofp\libc_nano.a(libc_a-freer.o)
 .comment       0x00000033       0x34 c:/users/henry/scoop/apps/gcc-arm-none-eabi/current/bin/../lib/gcc/arm-none-eabi/11.3.1/thumb/v7-m/nofp\libc_nano.a(libc_a-mallocr.o)
 .comment       0x00000033       0x34 c:/users/henry/scoop/apps/gcc-arm-none-eabi/current/bin/../lib/gcc/arm-none-eabi/11.3.1/thumb/v7-m/nofp\libc_nano.a(libc_a-mlock.o)
 .comment       0x00000033       0x34 c:/users/henry/scoop/apps/gcc-arm-none-eabi/current/bin/../lib/gcc/arm-none-eabi/11.3.1/thumb/v7-m/nofp\libc_nano.a(libc_a-nano-svfprintf.o)
 .comment       0x00000033       0x34 c:/users/henry/scoop/apps/gcc-arm-none-eabi/current/bin/../lib/gcc/arm-none-eabi/11.3.1/thumb/v7-m/nofp\libc_nano.a(libc_a-nano-vfprintf_i.o)
 .comment       0x00000033       0x34 c:/users/henry/scoop/apps/gcc-arm-none-eabi/current/bin/../lib/gcc/arm-none-eabi/11.3.1/thumb/v7-m/nofp\libc_nano.a(libc_a-memmove.o)
 .comment       0x00000033       0x34 c:/users/henry/scoop/apps/gcc-arm-none-eabi/current/bin/../lib/gcc/arm-none-eabi/11.3.1/thumb/v7-m/nofp\libc_nano.a(libc_a-sbrkr.o)
 .comment       0x00000033       0x34 c:/users/henry/scoop/apps/gcc-arm-none-eabi/current/bin/../lib/gcc/arm-none-eabi/11.3.1/thumb/v7-m/nofp\libc_nano.a(libc_a-memchr-stub.o)
 .comment       0x00000033       0x34 c:/users/henry/scoop/apps/gcc-arm-none-eabi/current/bin/../lib/gcc/arm-none-eabi/11.3.1/thumb/v7-m/nofp\libc_nano.a(libc_a-memcpy-stub.o)
 .comment       0x00000033       0x34 c:/users/henry/scoop/apps/gcc-arm-none-eabi/current/bin/../lib/gcc/arm-none-eabi/11.3.1/thumb/v7-m/nofp\libc_nano.a(libc_a-reallocr.o)
 .comment       0x00000033       0x34 c:/users/henry/scoop/apps/gcc-arm-none-eabi/current/bin/../lib/gcc/arm-none-eabi/11.3.1/thumb/v7-m/nofp\libc_nano.a(libc_a-msizer.o)
 .comment       0x00000033       0x34 c:/users/henry/scoop/apps/gcc-arm-none-eabi/current/bin/../lib/gcc/arm-none-eabi/11.3.1/thumb/v7-m/nofp\libnosys.a(sbrk.o)
 .comment       0x00000033       0x34 c:/users/henry/scoop/apps/gcc-arm-none-eabi/current/bin/../lib/gcc/arm-none-eabi/11.3.1/thumb/v7-m/nofp/crtend.o

.debug_info     0x00000000    0x16a39
 .debug_info    0x00000000     0x109b build/main.o
 .debug_info    0x0000109b      0xaa4 build/stm32f1xx_it.o
 .debug_info    0x00001b3f      0x238 build/stm32f1xx_hal_msp.o
 .debug_info    0x00001d77     0x3e57 build/stm32f1xx_hal_tim.o
 .debug_info    0x00005bce     0x1c4f build/stm32f1xx_hal_tim_ex.o
 .debug_info    0x0000781d     0x1e4c build/stm32f1xx_hal_uart.o
 .debug_info    0x00009669      0x880 build/stm32f1xx_hal.o
 .debug_info    0x00009ee9      0xb0c build/stm32f1xx_hal_rcc.o
 .debug_info    0x0000a9f5      0x6d7 build/stm32f1xx_hal_gpio.o
 .debug_info    0x0000b0cc      0x8b8 build/stm32f1xx_hal_dma.o
 .debug_info    0x0000b984      0xe33 build/stm32f1xx_hal_cortex.o
 .debug_info    0x0000c7b7      0x748 build/stm32f1xx_hal_pwr.o
 .debug_info    0x0000ceff      0x26e build/system_stm32f1xx.o
 .debug_info    0x0000d16d      0x199 build/gpio.o
 .debug_info    0x0000d306      0xc5b build/usart.o
 .debug_info    0x0000df61      0xb7c build/tim.o
 .debug_info    0x0000eadd       0x22 build/startup_stm32f103xb.o
 .debug_info    0x0000eaff      0xf8f c:/users/henry/scoop/apps/gcc-arm-none-eabi/current/bin/../lib/gcc/arm-none-eabi/11.3.1/thumb/v7-m/nofp\libc_nano.a(libc_a-findfp.o)
 .debug_info    0x0000fa8e      0x889 c:/users/henry/scoop/apps/gcc-arm-none-eabi/current/bin/../lib/gcc/arm-none-eabi/11.3.1/thumb/v7-m/nofp\libc_nano.a(libc_a-vsnprintf.o)
 .debug_info    0x00010317       0xe0 c:/users/henry/scoop/apps/gcc-arm-none-eabi/current/bin/../lib/gcc/arm-none-eabi/11.3.1/thumb/v7-m/nofp\libc_nano.a(libc_a-memset.o)
 .debug_info    0x000103f7      0x858 c:/users/henry/scoop/apps/gcc-arm-none-eabi/current/bin/../lib/gcc/arm-none-eabi/11.3.1/thumb/v7-m/nofp\libc_nano.a(libc_a-reent.o)
 .debug_info    0x00010c4f      0x714 c:/users/henry/scoop/apps/gcc-arm-none-eabi/current/bin/../lib/gcc/arm-none-eabi/11.3.1/thumb/v7-m/nofp\libc_nano.a(libc_a-impure.o)
 .debug_info    0x00011363      0x10b c:/users/henry/scoop/apps/gcc-arm-none-eabi/current/bin/../lib/gcc/arm-none-eabi/11.3.1/thumb/v7-m/nofp\libc_nano.a(libc_a-init.o)
 .debug_info    0x0001146e      0x20a c:/users/henry/scoop/apps/gcc-arm-none-eabi/current/bin/../lib/gcc/arm-none-eabi/11.3.1/thumb/v7-m/nofp\libc_nano.a(libc_a-lock.o)
 .debug_info    0x00011678      0x84a c:/users/henry/scoop/apps/gcc-arm-none-eabi/current/bin/../lib/gcc/arm-none-eabi/11.3.1/thumb/v7-m/nofp\libc_nano.a(libc_a-freer.o)
 .debug_info    0x00011ec2      0x9bb c:/users/henry/scoop/apps/gcc-arm-none-eabi/current/bin/../lib/gcc/arm-none-eabi/11.3.1/thumb/v7-m/nofp\libc_nano.a(libc_a-mallocr.o)
 .debug_info    0x0001287d      0x76a c:/users/henry/scoop/apps/gcc-arm-none-eabi/current/bin/../lib/gcc/arm-none-eabi/11.3.1/thumb/v7-m/nofp\libc_nano.a(libc_a-mlock.o)
 .debug_info    0x00012fe7     0x10c1 c:/users/henry/scoop/apps/gcc-arm-none-eabi/current/bin/../lib/gcc/arm-none-eabi/11.3.1/thumb/v7-m/nofp\libc_nano.a(libc_a-nano-svfprintf.o)
 .debug_info    0x000140a8      0xddf c:/users/henry/scoop/apps/gcc-arm-none-eabi/current/bin/../lib/gcc/arm-none-eabi/11.3.1/thumb/v7-m/nofp\libc_nano.a(libc_a-nano-vfprintf_i.o)
 .debug_info    0x00014e87      0x10f c:/users/henry/scoop/apps/gcc-arm-none-eabi/current/bin/../lib/gcc/arm-none-eabi/11.3.1/thumb/v7-m/nofp\libc_nano.a(libc_a-memmove.o)
 .debug_info    0x00014f96      0x77b c:/users/henry/scoop/apps/gcc-arm-none-eabi/current/bin/../lib/gcc/arm-none-eabi/11.3.1/thumb/v7-m/nofp\libc_nano.a(libc_a-sbrkr.o)
 .debug_info    0x00015711      0x110 c:/users/henry/scoop/apps/gcc-arm-none-eabi/current/bin/../lib/gcc/arm-none-eabi/11.3.1/thumb/v7-m/nofp\libc_nano.a(libc_a-memchr-stub.o)
 .debug_info    0x00015821      0x121 c:/users/henry/scoop/apps/gcc-arm-none-eabi/current/bin/../lib/gcc/arm-none-eabi/11.3.1/thumb/v7-m/nofp\libc_nano.a(libc_a-memcpy-stub.o)
 .debug_info    0x00015942      0x8c6 c:/users/henry/scoop/apps/gcc-arm-none-eabi/current/bin/../lib/gcc/arm-none-eabi/11.3.1/thumb/v7-m/nofp\libc_nano.a(libc_a-reallocr.o)
 .debug_info    0x00016208      0x793 c:/users/henry/scoop/apps/gcc-arm-none-eabi/current/bin/../lib/gcc/arm-none-eabi/11.3.1/thumb/v7-m/nofp\libc_nano.a(libc_a-msizer.o)
 .debug_info    0x0001699b       0x9e c:/users/henry/scoop/apps/gcc-arm-none-eabi/current/bin/../lib/gcc/arm-none-eabi/11.3.1/thumb/v7-m/nofp\libnosys.a(sbrk.o)

.debug_abbrev   0x00000000     0x4372
 .debug_abbrev  0x00000000      0x313 build/main.o
 .debug_abbrev  0x00000313      0x190 build/stm32f1xx_it.o
 .debug_abbrev  0x000004a3       0xe7 build/stm32f1xx_hal_msp.o
 .debug_abbrev  0x0000058a      0x2b6 build/stm32f1xx_hal_tim.o
 .debug_abbrev  0x00000840      0x2b0 build/stm32f1xx_hal_tim_ex.o
 .debug_abbrev  0x00000af0      0x2df build/stm32f1xx_hal_uart.o
 .debug_abbrev  0x00000dcf      0x232 build/stm32f1xx_hal.o
 .debug_abbrev  0x00001001      0x2b8 build/stm32f1xx_hal_rcc.o
 .debug_abbrev  0x000012b9      0x222 build/stm32f1xx_hal_gpio.o
 .debug_abbrev  0x000014db      0x261 build/stm32f1xx_hal_dma.o
 .debug_abbrev  0x0000173c      0x348 build/stm32f1xx_hal_cortex.o
 .debug_abbrev  0x00001a84      0x1fc build/stm32f1xx_hal_pwr.o
 .debug_abbrev  0x00001c80      0x140 build/system_stm32f1xx.o
 .debug_abbrev  0x00001dc0       0xc1 build/gpio.o
 .debug_abbrev  0x00001e81      0x291 build/usart.o
 .debug_abbrev  0x00002112      0x22a build/tim.o
 .debug_abbrev  0x0000233c       0x12 build/startup_stm32f103xb.o
 .debug_abbrev  0x0000234e      0x40c c:/users/henry/scoop/apps/gcc-arm-none-eabi/current/bin/../lib/gcc/arm-none-eabi/11.3.1/thumb/v7-m/nofp\libc_nano.a(libc_a-findfp.o)
 .debug_abbrev  0x0000275a      0x228 c:/users/henry/scoop/apps/gcc-arm-none-eabi/current/bin/../lib/gcc/arm-none-eabi/11.3.1/thumb/v7-m/nofp\libc_nano.a(libc_a-vsnprintf.o)
 .debug_abbrev  0x00002982       0x9e c:/users/henry/scoop/apps/gcc-arm-none-eabi/current/bin/../lib/gcc/arm-none-eabi/11.3.1/thumb/v7-m/nofp\libc_nano.a(libc_a-memset.o)
 .debug_abbrev  0x00002a20      0x1f8 c:/users/henry/scoop/apps/gcc-arm-none-eabi/current/bin/../lib/gcc/arm-none-eabi/11.3.1/thumb/v7-m/nofp\libc_nano.a(libc_a-reent.o)
 .debug_abbrev  0x00002c18      0x149 c:/users/henry/scoop/apps/gcc-arm-none-eabi/current/bin/../lib/gcc/arm-none-eabi/11.3.1/thumb/v7-m/nofp\libc_nano.a(libc_a-impure.o)
 .debug_abbrev  0x00002d61       0xc9 c:/users/henry/scoop/apps/gcc-arm-none-eabi/current/bin/../lib/gcc/arm-none-eabi/11.3.1/thumb/v7-m/nofp\libc_nano.a(libc_a-init.o)
 .debug_abbrev  0x00002e2a      0x115 c:/users/henry/scoop/apps/gcc-arm-none-eabi/current/bin/../lib/gcc/arm-none-eabi/11.3.1/thumb/v7-m/nofp\libc_nano.a(libc_a-lock.o)
 .debug_abbrev  0x00002f3f      0x236 c:/users/henry/scoop/apps/gcc-arm-none-eabi/current/bin/../lib/gcc/arm-none-eabi/11.3.1/thumb/v7-m/nofp\libc_nano.a(libc_a-freer.o)
 .debug_abbrev  0x00003175      0x24a c:/users/henry/scoop/apps/gcc-arm-none-eabi/current/bin/../lib/gcc/arm-none-eabi/11.3.1/thumb/v7-m/nofp\libc_nano.a(libc_a-mallocr.o)
 .debug_abbrev  0x000033bf      0x1bf c:/users/henry/scoop/apps/gcc-arm-none-eabi/current/bin/../lib/gcc/arm-none-eabi/11.3.1/thumb/v7-m/nofp\libc_nano.a(libc_a-mlock.o)
 .debug_abbrev  0x0000357e      0x31f c:/users/henry/scoop/apps/gcc-arm-none-eabi/current/bin/../lib/gcc/arm-none-eabi/11.3.1/thumb/v7-m/nofp\libc_nano.a(libc_a-nano-svfprintf.o)
 .debug_abbrev  0x0000389d      0x28f c:/users/henry/scoop/apps/gcc-arm-none-eabi/current/bin/../lib/gcc/arm-none-eabi/11.3.1/thumb/v7-m/nofp\libc_nano.a(libc_a-nano-vfprintf_i.o)
 .debug_abbrev  0x00003b2c       0xac c:/users/henry/scoop/apps/gcc-arm-none-eabi/current/bin/../lib/gcc/arm-none-eabi/11.3.1/thumb/v7-m/nofp\libc_nano.a(libc_a-memmove.o)
 .debug_abbrev  0x00003bd8      0x1da c:/users/henry/scoop/apps/gcc-arm-none-eabi/current/bin/../lib/gcc/arm-none-eabi/11.3.1/thumb/v7-m/nofp\libc_nano.a(libc_a-sbrkr.o)
 .debug_abbrev  0x00003db2       0xb1 c:/users/henry/scoop/apps/gcc-arm-none-eabi/current/bin/../lib/gcc/arm-none-eabi/11.3.1/thumb/v7-m/nofp\libc_nano.a(libc_a-memchr-stub.o)
 .debug_abbrev  0x00003e63       0xc1 c:/users/henry/scoop/apps/gcc-arm-none-eabi/current/bin/../lib/gcc/arm-none-eabi/11.3.1/thumb/v7-m/nofp\libc_nano.a(libc_a-memcpy-stub.o)
 .debug_abbrev  0x00003f24      0x217 c:/users/henry/scoop/apps/gcc-arm-none-eabi/current/bin/../lib/gcc/arm-none-eabi/11.3.1/thumb/v7-m/nofp\libc_nano.a(libc_a-reallocr.o)
 .debug_abbrev  0x0000413b      0x196 c:/users/henry/scoop/apps/gcc-arm-none-eabi/current/bin/../lib/gcc/arm-none-eabi/11.3.1/thumb/v7-m/nofp\libc_nano.a(libc_a-msizer.o)
 .debug_abbrev  0x000042d1       0xa1 c:/users/henry/scoop/apps/gcc-arm-none-eabi/current/bin/../lib/gcc/arm-none-eabi/11.3.1/thumb/v7-m/nofp\libnosys.a(sbrk.o)

.debug_loc      0x00000000     0xc02a
 .debug_loc     0x00000000      0x176 build/main.o
 .debug_loc     0x00000176       0x60 build/stm32f1xx_it.o
 .debug_loc     0x000001d6       0x41 build/stm32f1xx_hal_msp.o
 .debug_loc     0x00000217     0x5331 build/stm32f1xx_hal_tim.o
 .debug_loc     0x00005548     0x1f68 build/stm32f1xx_hal_tim_ex.o
 .debug_loc     0x000074b0     0x2625 build/stm32f1xx_hal_uart.o
 .debug_loc     0x00009ad5      0x1e1 build/stm32f1xx_hal.o
 .debug_loc     0x00009cb6      0x7ee build/stm32f1xx_hal_rcc.o
 .debug_loc     0x0000a4a4      0x53c build/stm32f1xx_hal_gpio.o
 .debug_loc     0x0000a9e0      0x8fb build/stm32f1xx_hal_dma.o
 .debug_loc     0x0000b2db      0x80c build/stm32f1xx_hal_cortex.o
 .debug_loc     0x0000bae7      0x182 build/stm32f1xx_hal_pwr.o
 .debug_loc     0x0000bc69       0xff build/system_stm32f1xx.o
 .debug_loc     0x0000bd68       0x2c build/gpio.o
 .debug_loc     0x0000bd94      0x193 build/usart.o
 .debug_loc     0x0000bf27      0x103 build/tim.o

.debug_aranges  0x00000000      0xf50
 .debug_aranges
                0x00000000       0x48 build/main.o
 .debug_aranges
                0x00000048       0x70 build/stm32f1xx_it.o
 .debug_aranges
                0x000000b8       0x20 build/stm32f1xx_hal_msp.o
 .debug_aranges
                0x000000d8      0x3d0 build/stm32f1xx_hal_tim.o
 .debug_aranges
                0x000004a8      0x168 build/stm32f1xx_hal_tim_ex.o
 .debug_aranges
                0x00000610      0x200 build/stm32f1xx_hal_uart.o
 .debug_aranges
                0x00000810       0xe0 build/stm32f1xx_hal.o
 .debug_aranges
                0x000008f0       0x90 build/stm32f1xx_hal_rcc.o
 .debug_aranges
                0x00000980       0x58 build/stm32f1xx_hal_gpio.o
 .debug_aranges
                0x000009d8       0x80 build/stm32f1xx_hal_dma.o
 .debug_aranges
                0x00000a58       0x90 build/stm32f1xx_hal_cortex.o
 .debug_aranges
                0x00000ae8       0xa8 build/stm32f1xx_hal_pwr.o
 .debug_aranges
                0x00000b90       0x28 build/system_stm32f1xx.o
 .debug_aranges
                0x00000bb8       0x20 build/gpio.o
 .debug_aranges
                0x00000bd8       0x38 build/usart.o
 .debug_aranges
                0x00000c10       0x30 build/tim.o
 .debug_aranges
                0x00000c40       0x28 build/startup_stm32f103xb.o
 .debug_aranges
                0x00000c68       0x78 c:/users/henry/scoop/apps/gcc-arm-none-eabi/current/bin/../lib/gcc/arm-none-eabi/11.3.1/thumb/v7-m/nofp\libc_nano.a(libc_a-findfp.o)
 .debug_aranges
                0x00000ce0       0x28 c:/users/henry/scoop/apps/gcc-arm-none-eabi/current/bin/../lib/gcc/arm-none-eabi/11.3.1/thumb/v7-m/nofp\libc_nano.a(libc_a-vsnprintf.o)
 .debug_aranges
                0x00000d08       0x20 c:/users/henry/scoop/apps/gcc-arm-none-eabi/current/bin/../lib/gcc/arm-none-eabi/11.3.1/thumb/v7-m/nofp\libc_nano.a(libc_a-memset.o)
 .debug_aranges
                0x00000d28       0x20 c:/users/henry/scoop/apps/gcc-arm-none-eabi/current/bin/../lib/gcc/arm-none-eabi/11.3.1/thumb/v7-m/nofp\libc_nano.a(libc_a-reent.o)
 .debug_aranges
                0x00000d48       0x18 c:/users/henry/scoop/apps/gcc-arm-none-eabi/current/bin/../lib/gcc/arm-none-eabi/11.3.1/thumb/v7-m/nofp\libc_nano.a(libc_a-impure.o)
 .debug_aranges
                0x00000d60       0x20 c:/users/henry/scoop/apps/gcc-arm-none-eabi/current/bin/../lib/gcc/arm-none-eabi/11.3.1/thumb/v7-m/nofp\libc_nano.a(libc_a-init.o)
 .debug_aranges
                0x00000d80       0x28 c:/users/henry/scoop/apps/gcc-arm-none-eabi/current/bin/../lib/gcc/arm-none-eabi/11.3.1/thumb/v7-m/nofp\libc_nano.a(libc_a-lock.o)
 .debug_aranges
                0x00000da8       0x20 c:/users/henry/scoop/apps/gcc-arm-none-eabi/current/bin/../lib/gcc/arm-none-eabi/11.3.1/thumb/v7-m/nofp\libc_nano.a(libc_a-freer.o)
 .debug_aranges
                0x00000dc8       0x28 c:/users/henry/scoop/apps/gcc-arm-none-eabi/current/bin/../lib/gcc/arm-none-eabi/11.3.1/thumb/v7-m/nofp\libc_nano.a(libc_a-mallocr.o)
 .debug_aranges
                0x00000df0       0x28 c:/users/henry/scoop/apps/gcc-arm-none-eabi/current/bin/../lib/gcc/arm-none-eabi/11.3.1/thumb/v7-m/nofp\libc_nano.a(libc_a-mlock.o)
 .debug_aranges
                0x00000e18       0x30 c:/users/henry/scoop/apps/gcc-arm-none-eabi/current/bin/../lib/gcc/arm-none-eabi/11.3.1/thumb/v7-m/nofp\libc_nano.a(libc_a-nano-svfprintf.o)
 .debug_aranges
                0x00000e48       0x28 c:/users/henry/scoop/apps/gcc-arm-none-eabi/current/bin/../lib/gcc/arm-none-eabi/11.3.1/thumb/v7-m/nofp\libc_nano.a(libc_a-nano-vfprintf_i.o)
 .debug_aranges
                0x00000e70       0x20 c:/users/henry/scoop/apps/gcc-arm-none-eabi/current/bin/../lib/gcc/arm-none-eabi/11.3.1/thumb/v7-m/nofp\libc_nano.a(libc_a-memmove.o)
 .debug_aranges
                0x00000e90       0x20 c:/users/henry/scoop/apps/gcc-arm-none-eabi/current/bin/../lib/gcc/arm-none-eabi/11.3.1/thumb/v7-m/nofp\libc_nano.a(libc_a-sbrkr.o)
 .debug_aranges
                0x00000eb0       0x20 c:/users/henry/scoop/apps/gcc-arm-none-eabi/current/bin/../lib/gcc/arm-none-eabi/11.3.1/thumb/v7-m/nofp\libc_nano.a(libc_a-memchr-stub.o)
 .debug_aranges
                0x00000ed0       0x20 c:/users/henry/scoop/apps/gcc-arm-none-eabi/current/bin/../lib/gcc/arm-none-eabi/11.3.1/thumb/v7-m/nofp\libc_nano.a(libc_a-memcpy-stub.o)
 .debug_aranges
                0x00000ef0       0x20 c:/users/henry/scoop/apps/gcc-arm-none-eabi/current/bin/../lib/gcc/arm-none-eabi/11.3.1/thumb/v7-m/nofp\libc_nano.a(libc_a-reallocr.o)
 .debug_aranges
                0x00000f10       0x20 c:/users/henry/scoop/apps/gcc-arm-none-eabi/current/bin/../lib/gcc/arm-none-eabi/11.3.1/thumb/v7-m/nofp\libc_nano.a(libc_a-msizer.o)
 .debug_aranges
                0x00000f30       0x20 c:/users/henry/scoop/apps/gcc-arm-none-eabi/current/bin/../lib/gcc/arm-none-eabi/11.3.1/thumb/v7-m/nofp\libnosys.a(sbrk.o)

.debug_ranges   0x00000000      0xbe0
 .debug_ranges  0x00000000       0x38 build/main.o
 .debug_ranges  0x00000038       0x60 build/stm32f1xx_it.o
 .debug_ranges  0x00000098       0x10 build/stm32f1xx_hal_msp.o
 .debug_ranges  0x000000a8      0x3c0 build/stm32f1xx_hal_tim.o
 .debug_ranges  0x00000468      0x158 build/stm32f1xx_hal_tim_ex.o
 .debug_ranges  0x000005c0      0x1f0 build/stm32f1xx_hal_uart.o
 .debug_ranges  0x000007b0       0xd0 build/stm32f1xx_hal.o
 .debug_ranges  0x00000880       0xa0 build/stm32f1xx_hal_rcc.o
 .debug_ranges  0x00000920       0x48 build/stm32f1xx_hal_gpio.o
 .debug_ranges  0x00000968       0x70 build/stm32f1xx_hal_dma.o
 .debug_ranges  0x000009d8       0xe0 build/stm32f1xx_hal_cortex.o
 .debug_ranges  0x00000ab8       0x98 build/stm32f1xx_hal_pwr.o
 .debug_ranges  0x00000b50       0x18 build/system_stm32f1xx.o
 .debug_ranges  0x00000b68       0x10 build/gpio.o
 .debug_ranges  0x00000b78       0x28 build/usart.o
 .debug_ranges  0x00000ba0       0x20 build/tim.o
 .debug_ranges  0x00000bc0       0x20 build/startup_stm32f103xb.o

.debug_line     0x00000000     0xf672
 .debug_line    0x00000000      0x44f build/main.o
 .debug_line    0x0000044f      0x302 build/stm32f1xx_it.o
 .debug_line    0x00000751      0x162 build/stm32f1xx_hal_msp.o
 .debug_line    0x000008b3     0x4639 build/stm32f1xx_hal_tim.o
 .debug_line    0x00004eec     0x1b3f build/stm32f1xx_hal_tim_ex.o
 .debug_line    0x00006a2b     0x209e build/stm32f1xx_hal_uart.o
 .debug_line    0x00008ac9      0x514 build/stm32f1xx_hal.o
 .debug_line    0x00008fdd      0xc0a build/stm32f1xx_hal_rcc.o
 .debug_line    0x00009be7      0x5c1 build/stm32f1xx_hal_gpio.o
 .debug_line    0x0000a1a8      0xa39 build/stm32f1xx_hal_dma.o
 .debug_line    0x0000abe1      0x61e build/stm32f1xx_hal_cortex.o
 .debug_line    0x0000b1ff      0x446 build/stm32f1xx_hal_pwr.o
 .debug_line    0x0000b645      0x22c build/system_stm32f1xx.o
 .debug_line    0x0000b871      0x14f build/gpio.o
 .debug_line    0x0000b9c0      0x3f9 build/usart.o
 .debug_line    0x0000bdb9      0x2e2 build/tim.o
 .debug_line    0x0000c09b       0x75 build/startup_stm32f103xb.o
 .debug_line    0x0000c110      0x58b c:/users/henry/scoop/apps/gcc-arm-none-eabi/current/bin/../lib/gcc/arm-none-eabi/11.3.1/thumb/v7-m/nofp\libc_nano.a(libc_a-findfp.o)
 .debug_line    0x0000c69b      0x293 c:/users/henry/scoop/apps/gcc-arm-none-eabi/current/bin/../lib/gcc/arm-none-eabi/11.3.1/thumb/v7-m/nofp\libc_nano.a(libc_a-vsnprintf.o)
 .debug_line    0x0000c92e      0x176 c:/users/henry/scoop/apps/gcc-arm-none-eabi/current/bin/../lib/gcc/arm-none-eabi/11.3.1/thumb/v7-m/nofp\libc_nano.a(libc_a-memset.o)
 .debug_line    0x0000caa4      0x2df c:/users/henry/scoop/apps/gcc-arm-none-eabi/current/bin/../lib/gcc/arm-none-eabi/11.3.1/thumb/v7-m/nofp\libc_nano.a(libc_a-reent.o)
 .debug_line    0x0000cd83       0xfe c:/users/henry/scoop/apps/gcc-arm-none-eabi/current/bin/../lib/gcc/arm-none-eabi/11.3.1/thumb/v7-m/nofp\libc_nano.a(libc_a-impure.o)
 .debug_line    0x0000ce81      0x174 c:/users/henry/scoop/apps/gcc-arm-none-eabi/current/bin/../lib/gcc/arm-none-eabi/11.3.1/thumb/v7-m/nofp\libc_nano.a(libc_a-init.o)
 .debug_line    0x0000cff5      0x105 c:/users/henry/scoop/apps/gcc-arm-none-eabi/current/bin/../lib/gcc/arm-none-eabi/11.3.1/thumb/v7-m/nofp\libc_nano.a(libc_a-lock.o)
 .debug_line    0x0000d0fa      0x30a c:/users/henry/scoop/apps/gcc-arm-none-eabi/current/bin/../lib/gcc/arm-none-eabi/11.3.1/thumb/v7-m/nofp\libc_nano.a(libc_a-freer.o)
 .debug_line    0x0000d404      0x4b6 c:/users/henry/scoop/apps/gcc-arm-none-eabi/current/bin/../lib/gcc/arm-none-eabi/11.3.1/thumb/v7-m/nofp\libc_nano.a(libc_a-mallocr.o)
 .debug_line    0x0000d8ba      0x1e6 c:/users/henry/scoop/apps/gcc-arm-none-eabi/current/bin/../lib/gcc/arm-none-eabi/11.3.1/thumb/v7-m/nofp\libc_nano.a(libc_a-mlock.o)
 .debug_line    0x0000daa0      0x891 c:/users/henry/scoop/apps/gcc-arm-none-eabi/current/bin/../lib/gcc/arm-none-eabi/11.3.1/thumb/v7-m/nofp\libc_nano.a(libc_a-nano-svfprintf.o)
 .debug_line    0x0000e331      0x762 c:/users/henry/scoop/apps/gcc-arm-none-eabi/current/bin/../lib/gcc/arm-none-eabi/11.3.1/thumb/v7-m/nofp\libc_nano.a(libc_a-nano-vfprintf_i.o)
 .debug_line    0x0000ea93      0x1b3 c:/users/henry/scoop/apps/gcc-arm-none-eabi/current/bin/../lib/gcc/arm-none-eabi/11.3.1/thumb/v7-m/nofp\libc_nano.a(libc_a-memmove.o)
 .debug_line    0x0000ec46      0x214 c:/users/henry/scoop/apps/gcc-arm-none-eabi/current/bin/../lib/gcc/arm-none-eabi/11.3.1/thumb/v7-m/nofp\libc_nano.a(libc_a-sbrkr.o)
 .debug_line    0x0000ee5a      0x18d c:/users/henry/scoop/apps/gcc-arm-none-eabi/current/bin/../lib/gcc/arm-none-eabi/11.3.1/thumb/v7-m/nofp\libc_nano.a(libc_a-memchr-stub.o)
 .debug_line    0x0000efe7      0x196 c:/users/henry/scoop/apps/gcc-arm-none-eabi/current/bin/../lib/gcc/arm-none-eabi/11.3.1/thumb/v7-m/nofp\libc_nano.a(libc_a-memcpy-stub.o)
 .debug_line    0x0000f17d      0x262 c:/users/henry/scoop/apps/gcc-arm-none-eabi/current/bin/../lib/gcc/arm-none-eabi/11.3.1/thumb/v7-m/nofp\libc_nano.a(libc_a-reallocr.o)
 .debug_line    0x0000f3df      0x1f0 c:/users/henry/scoop/apps/gcc-arm-none-eabi/current/bin/../lib/gcc/arm-none-eabi/11.3.1/thumb/v7-m/nofp\libc_nano.a(libc_a-msizer.o)
 .debug_line    0x0000f5cf       0xa3 c:/users/henry/scoop/apps/gcc-arm-none-eabi/current/bin/../lib/gcc/arm-none-eabi/11.3.1/thumb/v7-m/nofp\libnosys.a(sbrk.o)

.debug_str      0x00000000     0x4c8b
 .debug_str     0x00000000      0xa96 build/main.o
                                0xb82 (size before relaxing)
 .debug_str     0x00000a96      0x100 build/stm32f1xx_it.o
                                0x917 (size before relaxing)
 .debug_str     0x00000b96       0x57 build/stm32f1xx_hal_msp.o
                                0x1f8 (size before relaxing)
 .debug_str     0x00000bed      0xf28 build/stm32f1xx_hal_tim.o
                               0x1647 (size before relaxing)
 .debug_str     0x00001b15      0x55b build/stm32f1xx_hal_tim_ex.o
                                0xe63 (size before relaxing)
 .debug_str     0x00002070      0x638 build/stm32f1xx_hal_uart.o
                                0xc67 (size before relaxing)
 .debug_str     0x000026a8      0x5be build/stm32f1xx_hal.o
                                0x807 (size before relaxing)
 .debug_str     0x00002c66      0x20a build/stm32f1xx_hal_rcc.o
                                0x604 (size before relaxing)
 .debug_str     0x00002e70      0x155 build/stm32f1xx_hal_gpio.o
                                0x3d9 (size before relaxing)
 .debug_str     0x00002fc5      0x1eb build/stm32f1xx_hal_dma.o
                                0x5d6 (size before relaxing)
 .debug_str     0x000031b0      0x3b8 build/stm32f1xx_hal_cortex.o
                                0x8ac (size before relaxing)
 .debug_str     0x00003568      0x203 build/stm32f1xx_hal_pwr.o
                                0x474 (size before relaxing)
 .debug_str     0x0000376b       0x4f build/system_stm32f1xx.o
                                0x22d (size before relaxing)
 .debug_str     0x000037ba       0x10 build/gpio.o
                                0x1be (size before relaxing)
 .debug_str     0x000037ca       0x67 build/usart.o
                                0xa0c (size before relaxing)
 .debug_str     0x00003831       0x1e build/tim.o
                                0xb0e (size before relaxing)
 .debug_str     0x0000384f       0x22 build/startup_stm32f103xb.o
                                 0x54 (size before relaxing)
 .debug_str     0x00003871      0x67c c:/users/henry/scoop/apps/gcc-arm-none-eabi/current/bin/../lib/gcc/arm-none-eabi/11.3.1/thumb/v7-m/nofp\libc_nano.a(libc_a-findfp.o)
                                0x7a7 (size before relaxing)
 .debug_str     0x00003eed       0x83 c:/users/henry/scoop/apps/gcc-arm-none-eabi/current/bin/../lib/gcc/arm-none-eabi/11.3.1/thumb/v7-m/nofp\libc_nano.a(libc_a-vsnprintf.o)
                                0x575 (size before relaxing)
 .debug_str     0x00003f70       0x5b c:/users/henry/scoop/apps/gcc-arm-none-eabi/current/bin/../lib/gcc/arm-none-eabi/11.3.1/thumb/v7-m/nofp\libc_nano.a(libc_a-memset.o)
                                0x204 (size before relaxing)
 .debug_str     0x00003fcb       0x80 c:/users/henry/scoop/apps/gcc-arm-none-eabi/current/bin/../lib/gcc/arm-none-eabi/11.3.1/thumb/v7-m/nofp\libc_nano.a(libc_a-reent.o)
                                0x543 (size before relaxing)
 .debug_str     0x0000404b       0x5a c:/users/henry/scoop/apps/gcc-arm-none-eabi/current/bin/../lib/gcc/arm-none-eabi/11.3.1/thumb/v7-m/nofp\libc_nano.a(libc_a-impure.o)
                                0x524 (size before relaxing)
 .debug_str     0x000040a5       0xb7 c:/users/henry/scoop/apps/gcc-arm-none-eabi/current/bin/../lib/gcc/arm-none-eabi/11.3.1/thumb/v7-m/nofp\libc_nano.a(libc_a-init.o)
                                0x265 (size before relaxing)
 .debug_str     0x0000415c      0x1d8 c:/users/henry/scoop/apps/gcc-arm-none-eabi/current/bin/../lib/gcc/arm-none-eabi/11.3.1/thumb/v7-m/nofp\libc_nano.a(libc_a-lock.o)
                                0x377 (size before relaxing)
 .debug_str     0x00004334       0xd4 c:/users/henry/scoop/apps/gcc-arm-none-eabi/current/bin/../lib/gcc/arm-none-eabi/11.3.1/thumb/v7-m/nofp\libc_nano.a(libc_a-freer.o)
                                0x5a4 (size before relaxing)
 .debug_str     0x00004408       0xc3 c:/users/henry/scoop/apps/gcc-arm-none-eabi/current/bin/../lib/gcc/arm-none-eabi/11.3.1/thumb/v7-m/nofp\libc_nano.a(libc_a-mallocr.o)
                                0x605 (size before relaxing)
 .debug_str     0x000044cb       0x5a c:/users/henry/scoop/apps/gcc-arm-none-eabi/current/bin/../lib/gcc/arm-none-eabi/11.3.1/thumb/v7-m/nofp\libc_nano.a(libc_a-mlock.o)
                                0x5a6 (size before relaxing)
 .debug_str     0x00004525      0x2b6 c:/users/henry/scoop/apps/gcc-arm-none-eabi/current/bin/../lib/gcc/arm-none-eabi/11.3.1/thumb/v7-m/nofp\libc_nano.a(libc_a-nano-svfprintf.o)
                                0x86d (size before relaxing)
 .debug_str     0x000047db       0xbb c:/users/henry/scoop/apps/gcc-arm-none-eabi/current/bin/../lib/gcc/arm-none-eabi/11.3.1/thumb/v7-m/nofp\libc_nano.a(libc_a-nano-vfprintf_i.o)
                                0x803 (size before relaxing)
 .debug_str     0x00004896       0x75 c:/users/henry/scoop/apps/gcc-arm-none-eabi/current/bin/../lib/gcc/arm-none-eabi/11.3.1/thumb/v7-m/nofp\libc_nano.a(libc_a-memmove.o)
                                0x21f (size before relaxing)
 .debug_str     0x0000490b       0x64 c:/users/henry/scoop/apps/gcc-arm-none-eabi/current/bin/../lib/gcc/arm-none-eabi/11.3.1/thumb/v7-m/nofp\libc_nano.a(libc_a-sbrkr.o)
                                0x52d (size before relaxing)
 .debug_str     0x0000496f       0x65 c:/users/henry/scoop/apps/gcc-arm-none-eabi/current/bin/../lib/gcc/arm-none-eabi/11.3.1/thumb/v7-m/nofp\libc_nano.a(libc_a-memchr-stub.o)
                                0x21e (size before relaxing)
 .debug_str     0x000049d4       0x79 c:/users/henry/scoop/apps/gcc-arm-none-eabi/current/bin/../lib/gcc/arm-none-eabi/11.3.1/thumb/v7-m/nofp\libc_nano.a(libc_a-memcpy-stub.o)
                                0x222 (size before relaxing)
 .debug_str     0x00004a4d       0x89 c:/users/henry/scoop/apps/gcc-arm-none-eabi/current/bin/../lib/gcc/arm-none-eabi/11.3.1/thumb/v7-m/nofp\libc_nano.a(libc_a-reallocr.o)
                                0x59a (size before relaxing)
 .debug_str     0x00004ad6       0x6a c:/users/henry/scoop/apps/gcc-arm-none-eabi/current/bin/../lib/gcc/arm-none-eabi/11.3.1/thumb/v7-m/nofp\libc_nano.a(libc_a-msizer.o)
                                0x56d (size before relaxing)
 .debug_str     0x00004b40      0x14b c:/users/henry/scoop/apps/gcc-arm-none-eabi/current/bin/../lib/gcc/arm-none-eabi/11.3.1/thumb/v7-m/nofp\libnosys.a(sbrk.o)
                                0x164 (size before relaxing)

.debug_frame    0x00000000     0x253c
 .debug_frame   0x00000000       0xa4 build/main.o
 .debug_frame   0x000000a4       0xd8 build/stm32f1xx_it.o
 .debug_frame   0x0000017c       0x28 build/stm32f1xx_hal_msp.o
 .debug_frame   0x000001a4      0xb14 build/stm32f1xx_hal_tim.o
 .debug_frame   0x00000cb8      0x40c build/stm32f1xx_hal_tim_ex.o
 .debug_frame   0x000010c4      0x5c4 build/stm32f1xx_hal_uart.o
 .debug_frame   0x00001688      0x1cc build/stm32f1xx_hal.o
 .debug_frame   0x00001854      0x190 build/stm32f1xx_hal_rcc.o
 .debug_frame   0x000019e4       0xe4 build/stm32f1xx_hal_gpio.o
 .debug_frame   0x00001ac8      0x144 build/stm32f1xx_hal_dma.o
 .debug_frame   0x00001c0c      0x118 build/stm32f1xx_hal_cortex.o
 .debug_frame   0x00001d24      0x140 build/stm32f1xx_hal_pwr.o
 .debug_frame   0x00001e64       0x30 build/system_stm32f1xx.o
 .debug_frame   0x00001e94       0x28 build/gpio.o
 .debug_frame   0x00001ebc       0x9c build/usart.o
 .debug_frame   0x00001f58       0x64 build/tim.o
 .debug_frame   0x00001fbc      0x13c c:/users/henry/scoop/apps/gcc-arm-none-eabi/current/bin/../lib/gcc/arm-none-eabi/11.3.1/thumb/v7-m/nofp\libc_nano.a(libc_a-findfp.o)
 .debug_frame   0x000020f8       0x4c c:/users/henry/scoop/apps/gcc-arm-none-eabi/current/bin/../lib/gcc/arm-none-eabi/11.3.1/thumb/v7-m/nofp\libc_nano.a(libc_a-vsnprintf.o)
 .debug_frame   0x00002144       0x20 c:/users/henry/scoop/apps/gcc-arm-none-eabi/current/bin/../lib/gcc/arm-none-eabi/11.3.1/thumb/v7-m/nofp\libc_nano.a(libc_a-memset.o)
 .debug_frame   0x00002164       0x38 c:/users/henry/scoop/apps/gcc-arm-none-eabi/current/bin/../lib/gcc/arm-none-eabi/11.3.1/thumb/v7-m/nofp\libc_nano.a(libc_a-reent.o)
 .debug_frame   0x0000219c       0x2c c:/users/henry/scoop/apps/gcc-arm-none-eabi/current/bin/../lib/gcc/arm-none-eabi/11.3.1/thumb/v7-m/nofp\libc_nano.a(libc_a-init.o)
 .debug_frame   0x000021c8       0xb0 c:/users/henry/scoop/apps/gcc-arm-none-eabi/current/bin/../lib/gcc/arm-none-eabi/11.3.1/thumb/v7-m/nofp\libc_nano.a(libc_a-lock.o)
 .debug_frame   0x00002278       0x38 c:/users/henry/scoop/apps/gcc-arm-none-eabi/current/bin/../lib/gcc/arm-none-eabi/11.3.1/thumb/v7-m/nofp\libc_nano.a(libc_a-freer.o)
 .debug_frame   0x000022b0       0x4c c:/users/henry/scoop/apps/gcc-arm-none-eabi/current/bin/../lib/gcc/arm-none-eabi/11.3.1/thumb/v7-m/nofp\libc_nano.a(libc_a-mallocr.o)
 .debug_frame   0x000022fc       0x30 c:/users/henry/scoop/apps/gcc-arm-none-eabi/current/bin/../lib/gcc/arm-none-eabi/11.3.1/thumb/v7-m/nofp\libc_nano.a(libc_a-mlock.o)
 .debug_frame   0x0000232c       0x90 c:/users/henry/scoop/apps/gcc-arm-none-eabi/current/bin/../lib/gcc/arm-none-eabi/11.3.1/thumb/v7-m/nofp\libc_nano.a(libc_a-nano-svfprintf.o)
 .debug_frame   0x000023bc       0x60 c:/users/henry/scoop/apps/gcc-arm-none-eabi/current/bin/../lib/gcc/arm-none-eabi/11.3.1/thumb/v7-m/nofp\libc_nano.a(libc_a-nano-vfprintf_i.o)
 .debug_frame   0x0000241c       0x28 c:/users/henry/scoop/apps/gcc-arm-none-eabi/current/bin/../lib/gcc/arm-none-eabi/11.3.1/thumb/v7-m/nofp\libc_nano.a(libc_a-memmove.o)
 .debug_frame   0x00002444       0x2c c:/users/henry/scoop/apps/gcc-arm-none-eabi/current/bin/../lib/gcc/arm-none-eabi/11.3.1/thumb/v7-m/nofp\libc_nano.a(libc_a-sbrkr.o)
 .debug_frame   0x00002470       0x28 c:/users/henry/scoop/apps/gcc-arm-none-eabi/current/bin/../lib/gcc/arm-none-eabi/11.3.1/thumb/v7-m/nofp\libc_nano.a(libc_a-memchr-stub.o)
 .debug_frame   0x00002498       0x28 c:/users/henry/scoop/apps/gcc-arm-none-eabi/current/bin/../lib/gcc/arm-none-eabi/11.3.1/thumb/v7-m/nofp\libc_nano.a(libc_a-memcpy-stub.o)
 .debug_frame   0x000024c0       0x3c c:/users/henry/scoop/apps/gcc-arm-none-eabi/current/bin/../lib/gcc/arm-none-eabi/11.3.1/thumb/v7-m/nofp\libc_nano.a(libc_a-reallocr.o)
 .debug_frame   0x000024fc       0x20 c:/users/henry/scoop/apps/gcc-arm-none-eabi/current/bin/../lib/gcc/arm-none-eabi/11.3.1/thumb/v7-m/nofp\libc_nano.a(libc_a-msizer.o)
 .debug_frame   0x0000251c       0x20 c:/users/henry/scoop/apps/gcc-arm-none-eabi/current/bin/../lib/gcc/arm-none-eabi/11.3.1/thumb/v7-m/nofp\libnosys.a(sbrk.o)

.debug_loclists
                0x00000000     0x14a9
 .debug_loclists
                0x00000000      0x237 c:/users/henry/scoop/apps/gcc-arm-none-eabi/current/bin/../lib/gcc/arm-none-eabi/11.3.1/thumb/v7-m/nofp\libc_nano.a(libc_a-findfp.o)
 .debug_loclists
                0x00000237      0x111 c:/users/henry/scoop/apps/gcc-arm-none-eabi/current/bin/../lib/gcc/arm-none-eabi/11.3.1/thumb/v7-m/nofp\libc_nano.a(libc_a-vsnprintf.o)
 .debug_loclists
                0x00000348       0x3b c:/users/henry/scoop/apps/gcc-arm-none-eabi/current/bin/../lib/gcc/arm-none-eabi/11.3.1/thumb/v7-m/nofp\libc_nano.a(libc_a-memset.o)
 .debug_loclists
                0x00000383       0x7d c:/users/henry/scoop/apps/gcc-arm-none-eabi/current/bin/../lib/gcc/arm-none-eabi/11.3.1/thumb/v7-m/nofp\libc_nano.a(libc_a-reent.o)
 .debug_loclists
                0x00000400       0x34 c:/users/henry/scoop/apps/gcc-arm-none-eabi/current/bin/../lib/gcc/arm-none-eabi/11.3.1/thumb/v7-m/nofp\libc_nano.a(libc_a-init.o)
 .debug_loclists
                0x00000434       0x23 c:/users/henry/scoop/apps/gcc-arm-none-eabi/current/bin/../lib/gcc/arm-none-eabi/11.3.1/thumb/v7-m/nofp\libc_nano.a(libc_a-lock.o)
 .debug_loclists
                0x00000457       0xd4 c:/users/henry/scoop/apps/gcc-arm-none-eabi/current/bin/../lib/gcc/arm-none-eabi/11.3.1/thumb/v7-m/nofp\libc_nano.a(libc_a-freer.o)
 .debug_loclists
                0x0000052b      0x254 c:/users/henry/scoop/apps/gcc-arm-none-eabi/current/bin/../lib/gcc/arm-none-eabi/11.3.1/thumb/v7-m/nofp\libc_nano.a(libc_a-mallocr.o)
 .debug_loclists
                0x0000077f       0x3a c:/users/henry/scoop/apps/gcc-arm-none-eabi/current/bin/../lib/gcc/arm-none-eabi/11.3.1/thumb/v7-m/nofp\libc_nano.a(libc_a-mlock.o)
 .debug_loclists
                0x000007b9      0x49a c:/users/henry/scoop/apps/gcc-arm-none-eabi/current/bin/../lib/gcc/arm-none-eabi/11.3.1/thumb/v7-m/nofp\libc_nano.a(libc_a-nano-svfprintf.o)
 .debug_loclists
                0x00000c53      0x41c c:/users/henry/scoop/apps/gcc-arm-none-eabi/current/bin/../lib/gcc/arm-none-eabi/11.3.1/thumb/v7-m/nofp\libc_nano.a(libc_a-nano-vfprintf_i.o)
 .debug_loclists
                0x0000106f      0x119 c:/users/henry/scoop/apps/gcc-arm-none-eabi/current/bin/../lib/gcc/arm-none-eabi/11.3.1/thumb/v7-m/nofp\libc_nano.a(libc_a-memmove.o)
 .debug_loclists
                0x00001188       0x4c c:/users/henry/scoop/apps/gcc-arm-none-eabi/current/bin/../lib/gcc/arm-none-eabi/11.3.1/thumb/v7-m/nofp\libc_nano.a(libc_a-sbrkr.o)
 .debug_loclists
                0x000011d4       0xbb c:/users/henry/scoop/apps/gcc-arm-none-eabi/current/bin/../lib/gcc/arm-none-eabi/11.3.1/thumb/v7-m/nofp\libc_nano.a(libc_a-memchr-stub.o)
 .debug_loclists
                0x0000128f       0x8f c:/users/henry/scoop/apps/gcc-arm-none-eabi/current/bin/../lib/gcc/arm-none-eabi/11.3.1/thumb/v7-m/nofp\libc_nano.a(libc_a-memcpy-stub.o)
 .debug_loclists
                0x0000131e       0xf7 c:/users/henry/scoop/apps/gcc-arm-none-eabi/current/bin/../lib/gcc/arm-none-eabi/11.3.1/thumb/v7-m/nofp\libc_nano.a(libc_a-reallocr.o)
 .debug_loclists
                0x00001415       0x62 c:/users/henry/scoop/apps/gcc-arm-none-eabi/current/bin/../lib/gcc/arm-none-eabi/11.3.1/thumb/v7-m/nofp\libc_nano.a(libc_a-msizer.o)
 .debug_loclists
                0x00001477       0x32 c:/users/henry/scoop/apps/gcc-arm-none-eabi/current/bin/../lib/gcc/arm-none-eabi/11.3.1/thumb/v7-m/nofp\libnosys.a(sbrk.o)

.debug_rnglists
                0x00000000      0x27d
 .debug_rnglists
                0x00000000       0x81 c:/users/henry/scoop/apps/gcc-arm-none-eabi/current/bin/../lib/gcc/arm-none-eabi/11.3.1/thumb/v7-m/nofp\libc_nano.a(libc_a-findfp.o)
 .debug_rnglists
                0x00000081       0x19 c:/users/henry/scoop/apps/gcc-arm-none-eabi/current/bin/../lib/gcc/arm-none-eabi/11.3.1/thumb/v7-m/nofp\libc_nano.a(libc_a-vsnprintf.o)
 .debug_rnglists
                0x0000009a       0x13 c:/users/henry/scoop/apps/gcc-arm-none-eabi/current/bin/../lib/gcc/arm-none-eabi/11.3.1/thumb/v7-m/nofp\libc_nano.a(libc_a-memset.o)
 .debug_rnglists
                0x000000ad       0x26 c:/users/henry/scoop/apps/gcc-arm-none-eabi/current/bin/../lib/gcc/arm-none-eabi/11.3.1/thumb/v7-m/nofp\libc_nano.a(libc_a-reent.o)
 .debug_rnglists
                0x000000d3       0x13 c:/users/henry/scoop/apps/gcc-arm-none-eabi/current/bin/../lib/gcc/arm-none-eabi/11.3.1/thumb/v7-m/nofp\libc_nano.a(libc_a-init.o)
 .debug_rnglists
                0x000000e6       0x19 c:/users/henry/scoop/apps/gcc-arm-none-eabi/current/bin/../lib/gcc/arm-none-eabi/11.3.1/thumb/v7-m/nofp\libc_nano.a(libc_a-lock.o)
 .debug_rnglists
                0x000000ff       0x14 c:/users/henry/scoop/apps/gcc-arm-none-eabi/current/bin/../lib/gcc/arm-none-eabi/11.3.1/thumb/v7-m/nofp\libc_nano.a(libc_a-freer.o)
 .debug_rnglists
                0x00000113       0x26 c:/users/henry/scoop/apps/gcc-arm-none-eabi/current/bin/../lib/gcc/arm-none-eabi/11.3.1/thumb/v7-m/nofp\libc_nano.a(libc_a-mallocr.o)
 .debug_rnglists
                0x00000139       0x19 c:/users/henry/scoop/apps/gcc-arm-none-eabi/current/bin/../lib/gcc/arm-none-eabi/11.3.1/thumb/v7-m/nofp\libc_nano.a(libc_a-mlock.o)
 .debug_rnglists
                0x00000152       0x43 c:/users/henry/scoop/apps/gcc-arm-none-eabi/current/bin/../lib/gcc/arm-none-eabi/11.3.1/thumb/v7-m/nofp\libc_nano.a(libc_a-nano-svfprintf.o)
 .debug_rnglists
                0x00000195       0x63 c:/users/henry/scoop/apps/gcc-arm-none-eabi/current/bin/../lib/gcc/arm-none-eabi/11.3.1/thumb/v7-m/nofp\libc_nano.a(libc_a-nano-vfprintf_i.o)
 .debug_rnglists
                0x000001f8       0x13 c:/users/henry/scoop/apps/gcc-arm-none-eabi/current/bin/../lib/gcc/arm-none-eabi/11.3.1/thumb/v7-m/nofp\libc_nano.a(libc_a-memmove.o)
 .debug_rnglists
                0x0000020b       0x13 c:/users/henry/scoop/apps/gcc-arm-none-eabi/current/bin/../lib/gcc/arm-none-eabi/11.3.1/thumb/v7-m/nofp\libc_nano.a(libc_a-sbrkr.o)
 .debug_rnglists
                0x0000021e       0x13 c:/users/henry/scoop/apps/gcc-arm-none-eabi/current/bin/../lib/gcc/arm-none-eabi/11.3.1/thumb/v7-m/nofp\libc_nano.a(libc_a-memchr-stub.o)
 .debug_rnglists
                0x00000231       0x13 c:/users/henry/scoop/apps/gcc-arm-none-eabi/current/bin/../lib/gcc/arm-none-eabi/11.3.1/thumb/v7-m/nofp\libc_nano.a(libc_a-memcpy-stub.o)
 .debug_rnglists
                0x00000244       0x13 c:/users/henry/scoop/apps/gcc-arm-none-eabi/current/bin/../lib/gcc/arm-none-eabi/11.3.1/thumb/v7-m/nofp\libc_nano.a(libc_a-reallocr.o)
 .debug_rnglists
                0x00000257       0x13 c:/users/henry/scoop/apps/gcc-arm-none-eabi/current/bin/../lib/gcc/arm-none-eabi/11.3.1/thumb/v7-m/nofp\libc_nano.a(libc_a-msizer.o)
 .debug_rnglists
                0x0000026a       0x13 c:/users/henry/scoop/apps/gcc-arm-none-eabi/current/bin/../lib/gcc/arm-none-eabi/11.3.1/thumb/v7-m/nofp\libnosys.a(sbrk.o)

Cross Reference Table

Symbol                                            File
ADC1_2_IRQHandler                                 build/startup_stm32f103xb.o
AHBPrescTable                                     build/system_stm32f1xx.o
                                                  build/stm32f1xx_hal_rcc.o
APBPrescTable                                     build/system_stm32f1xx.o
                                                  build/stm32f1xx_hal_rcc.o
BusFault_Handler                                  build/stm32f1xx_it.o
CAN1_RX1_IRQHandler                               build/startup_stm32f103xb.o
CAN1_SCE_IRQHandler                               build/startup_stm32f103xb.o
DMA1_Channel1_IRQHandler                          build/startup_stm32f103xb.o
DMA1_Channel2_IRQHandler                          build/startup_stm32f103xb.o
DMA1_Channel3_IRQHandler                          build/startup_stm32f103xb.o
DMA1_Channel4_IRQHandler                          build/startup_stm32f103xb.o
DMA1_Channel5_IRQHandler                          build/startup_stm32f103xb.o
DMA1_Channel6_IRQHandler                          build/startup_stm32f103xb.o
DMA1_Channel7_IRQHandler                          build/startup_stm32f103xb.o
DebugMon_Handler                                  build/stm32f1xx_it.o
Default_Handler                                   build/startup_stm32f103xb.o
EXTI0_IRQHandler                                  build/startup_stm32f103xb.o
EXTI15_10_IRQHandler                              build/startup_stm32f103xb.o
EXTI1_IRQHandler                                  build/startup_stm32f103xb.o
EXTI2_IRQHandler                                  build/startup_stm32f103xb.o
EXTI3_IRQHandler                                  build/startup_stm32f103xb.o
EXTI4_IRQHandler                                  build/startup_stm32f103xb.o
EXTI9_5_IRQHandler                                build/startup_stm32f103xb.o
Error_Handler                                     build/main.o
                                                  build/tim.o
                                                  build/usart.o
FLASH_IRQHandler                                  build/startup_stm32f103xb.o
FLASH_PageErase                                   build/stm32f1xx_hal_flash_ex.o
                                                  build/stm32f1xx_hal_flash.o
FLASH_WaitForLastOperation                        build/stm32f1xx_hal_flash.o
                                                  build/stm32f1xx_hal_flash_ex.o
HAL_DBGMCU_DisableDBGSleepMode                    build/stm32f1xx_hal.o
HAL_DBGMCU_DisableDBGStandbyMode                  build/stm32f1xx_hal.o
HAL_DBGMCU_DisableDBGStopMode                     build/stm32f1xx_hal.o
HAL_DBGMCU_EnableDBGSleepMode                     build/stm32f1xx_hal.o
HAL_DBGMCU_EnableDBGStandbyMode                   build/stm32f1xx_hal.o
HAL_DBGMCU_EnableDBGStopMode                      build/stm32f1xx_hal.o
HAL_DMA_Abort                                     build/stm32f1xx_hal_dma.o
                                                  build/stm32f1xx_hal_uart.o
HAL_DMA_Abort_IT                                  build/stm32f1xx_hal_dma.o
                                                  build/stm32f1xx_hal_uart.o
                                                  build/stm32f1xx_hal_tim_ex.o
                                                  build/stm32f1xx_hal_tim.o
HAL_DMA_DeInit                                    build/stm32f1xx_hal_dma.o
HAL_DMA_GetError                                  build/stm32f1xx_hal_dma.o
                                                  build/stm32f1xx_hal_uart.o
HAL_DMA_GetState                                  build/stm32f1xx_hal_dma.o
HAL_DMA_IRQHandler                                build/stm32f1xx_hal_dma.o
HAL_DMA_Init                                      build/stm32f1xx_hal_dma.o
HAL_DMA_PollForTransfer                           build/stm32f1xx_hal_dma.o
HAL_DMA_RegisterCallback                          build/stm32f1xx_hal_dma.o
HAL_DMA_Start                                     build/stm32f1xx_hal_dma.o
HAL_DMA_Start_IT                                  build/stm32f1xx_hal_dma.o
                                                  build/stm32f1xx_hal_uart.o
                                                  build/stm32f1xx_hal_tim_ex.o
                                                  build/stm32f1xx_hal_tim.o
HAL_DMA_UnRegisterCallback                        build/stm32f1xx_hal_dma.o
HAL_DeInit                                        build/stm32f1xx_hal.o
HAL_Delay                                         build/stm32f1xx_hal.o
                                                  build/main.o
HAL_EXTI_ClearConfigLine                          build/stm32f1xx_hal_exti.o
HAL_EXTI_ClearPending                             build/stm32f1xx_hal_exti.o
HAL_EXTI_GenerateSWI                              build/stm32f1xx_hal_exti.o
HAL_EXTI_GetConfigLine                            build/stm32f1xx_hal_exti.o
HAL_EXTI_GetHandle                                build/stm32f1xx_hal_exti.o
HAL_EXTI_GetPending                               build/stm32f1xx_hal_exti.o
HAL_EXTI_IRQHandler                               build/stm32f1xx_hal_exti.o
HAL_EXTI_RegisterCallback                         build/stm32f1xx_hal_exti.o
HAL_EXTI_SetConfigLine                            build/stm32f1xx_hal_exti.o
HAL_FLASHEx_Erase                                 build/stm32f1xx_hal_flash_ex.o
HAL_FLASHEx_Erase_IT                              build/stm32f1xx_hal_flash_ex.o
HAL_FLASHEx_OBErase                               build/stm32f1xx_hal_flash_ex.o
HAL_FLASHEx_OBGetConfig                           build/stm32f1xx_hal_flash_ex.o
HAL_FLASHEx_OBGetUserData                         build/stm32f1xx_hal_flash_ex.o
HAL_FLASHEx_OBProgram                             build/stm32f1xx_hal_flash_ex.o
HAL_FLASH_EndOfOperationCallback                  build/stm32f1xx_hal_flash.o
HAL_FLASH_GetError                                build/stm32f1xx_hal_flash.o
HAL_FLASH_IRQHandler                              build/stm32f1xx_hal_flash.o
HAL_FLASH_Lock                                    build/stm32f1xx_hal_flash.o
HAL_FLASH_OB_Launch                               build/stm32f1xx_hal_flash.o
HAL_FLASH_OB_Lock                                 build/stm32f1xx_hal_flash.o
HAL_FLASH_OB_Unlock                               build/stm32f1xx_hal_flash.o
HAL_FLASH_OperationErrorCallback                  build/stm32f1xx_hal_flash.o
HAL_FLASH_Program                                 build/stm32f1xx_hal_flash.o
HAL_FLASH_Program_IT                              build/stm32f1xx_hal_flash.o
HAL_FLASH_Unlock                                  build/stm32f1xx_hal_flash.o
HAL_GPIOEx_ConfigEventout                         build/stm32f1xx_hal_gpio_ex.o
HAL_GPIOEx_DisableEventout                        build/stm32f1xx_hal_gpio_ex.o
HAL_GPIOEx_EnableEventout                         build/stm32f1xx_hal_gpio_ex.o
HAL_GPIO_DeInit                                   build/stm32f1xx_hal_gpio.o
                                                  build/usart.o
HAL_GPIO_EXTI_Callback                            build/stm32f1xx_hal_gpio.o
HAL_GPIO_EXTI_IRQHandler                          build/stm32f1xx_hal_gpio.o
HAL_GPIO_Init                                     build/stm32f1xx_hal_gpio.o
                                                  build/usart.o
                                                  build/stm32f1xx_hal_rcc.o
HAL_GPIO_LockPin                                  build/stm32f1xx_hal_gpio.o
HAL_GPIO_ReadPin                                  build/stm32f1xx_hal_gpio.o
HAL_GPIO_TogglePin                                build/stm32f1xx_hal_gpio.o
HAL_GPIO_WritePin                                 build/stm32f1xx_hal_gpio.o
HAL_GetDEVID                                      build/stm32f1xx_hal.o
HAL_GetHalVersion                                 build/stm32f1xx_hal.o
HAL_GetREVID                                      build/stm32f1xx_hal.o
HAL_GetTick                                       build/stm32f1xx_hal.o
                                                  build/stm32f1xx_hal_flash.o
                                                  build/stm32f1xx_hal_dma.o
                                                  build/stm32f1xx_hal_rcc_ex.o
                                                  build/stm32f1xx_hal_rcc.o
                                                  build/stm32f1xx_hal_uart.o
HAL_GetTickFreq                                   build/stm32f1xx_hal.o
HAL_GetTickPrio                                   build/stm32f1xx_hal.o
HAL_GetUIDw0                                      build/stm32f1xx_hal.o
HAL_GetUIDw1                                      build/stm32f1xx_hal.o
HAL_GetUIDw2                                      build/stm32f1xx_hal.o
HAL_HalfDuplex_EnableReceiver                     build/stm32f1xx_hal_uart.o
HAL_HalfDuplex_EnableTransmitter                  build/stm32f1xx_hal_uart.o
HAL_HalfDuplex_Init                               build/stm32f1xx_hal_uart.o
HAL_IncTick                                       build/stm32f1xx_hal.o
                                                  build/stm32f1xx_it.o
HAL_Init                                          build/stm32f1xx_hal.o
                                                  build/main.o
HAL_InitTick                                      build/stm32f1xx_hal.o
                                                  build/stm32f1xx_hal_rcc.o
HAL_LIN_Init                                      build/stm32f1xx_hal_uart.o
HAL_LIN_SendBreak                                 build/stm32f1xx_hal_uart.o
HAL_MspDeInit                                     build/stm32f1xx_hal.o
HAL_MspInit                                       build/stm32f1xx_hal_msp.o
HAL_MultiProcessor_EnterMuteMode                  build/stm32f1xx_hal_uart.o
HAL_MultiProcessor_ExitMuteMode                   build/stm32f1xx_hal_uart.o
HAL_MultiProcessor_Init                           build/stm32f1xx_hal_uart.o
HAL_NVIC_ClearPendingIRQ                          build/stm32f1xx_hal_cortex.o
HAL_NVIC_DisableIRQ                               build/stm32f1xx_hal_cortex.o
                                                  build/tim.o
                                                  build/usart.o
HAL_NVIC_EnableIRQ                                build/stm32f1xx_hal_cortex.o
                                                  build/tim.o
                                                  build/usart.o
HAL_NVIC_GetActive                                build/stm32f1xx_hal_cortex.o
HAL_NVIC_GetPendingIRQ                            build/stm32f1xx_hal_cortex.o
HAL_NVIC_GetPriority                              build/stm32f1xx_hal_cortex.o
HAL_NVIC_GetPriorityGrouping                      build/stm32f1xx_hal_cortex.o
HAL_NVIC_SetPendingIRQ                            build/stm32f1xx_hal_cortex.o
HAL_NVIC_SetPriority                              build/stm32f1xx_hal_cortex.o
                                                  build/tim.o
                                                  build/usart.o
                                                  build/stm32f1xx_hal.o
HAL_NVIC_SetPriorityGrouping                      build/stm32f1xx_hal_cortex.o
                                                  build/stm32f1xx_hal.o
HAL_NVIC_SystemReset                              build/stm32f1xx_hal_cortex.o
                                                  build/stm32f1xx_hal_flash.o
HAL_PWR_ConfigPVD                                 build/stm32f1xx_hal_pwr.o
HAL_PWR_DeInit                                    build/stm32f1xx_hal_pwr.o
HAL_PWR_DisableBkUpAccess                         build/stm32f1xx_hal_pwr.o
HAL_PWR_DisablePVD                                build/stm32f1xx_hal_pwr.o
HAL_PWR_DisableSEVOnPend                          build/stm32f1xx_hal_pwr.o
HAL_PWR_DisableSleepOnExit                        build/stm32f1xx_hal_pwr.o
HAL_PWR_DisableWakeUpPin                          build/stm32f1xx_hal_pwr.o
HAL_PWR_EnableBkUpAccess                          build/stm32f1xx_hal_pwr.o
HAL_PWR_EnablePVD                                 build/stm32f1xx_hal_pwr.o
HAL_PWR_EnableSEVOnPend                           build/stm32f1xx_hal_pwr.o
HAL_PWR_EnableSleepOnExit                         build/stm32f1xx_hal_pwr.o
HAL_PWR_EnableWakeUpPin                           build/stm32f1xx_hal_pwr.o
HAL_PWR_EnterSLEEPMode                            build/stm32f1xx_hal_pwr.o
                                                  build/main.o
HAL_PWR_EnterSTANDBYMode                          build/stm32f1xx_hal_pwr.o
HAL_PWR_EnterSTOPMode                             build/stm32f1xx_hal_pwr.o
HAL_PWR_PVDCallback                               build/stm32f1xx_hal_pwr.o
HAL_PWR_PVD_IRQHandler                            build/stm32f1xx_hal_pwr.o
HAL_RCCEx_GetPeriphCLKConfig                      build/stm32f1xx_hal_rcc_ex.o
HAL_RCCEx_GetPeriphCLKFreq                        build/stm32f1xx_hal_rcc_ex.o
HAL_RCCEx_PeriphCLKConfig                         build/stm32f1xx_hal_rcc_ex.o
HAL_RCC_CSSCallback                               build/stm32f1xx_hal_rcc.o
HAL_RCC_ClockConfig                               build/stm32f1xx_hal_rcc.o
                                                  build/main.o
HAL_RCC_DeInit                                    build/stm32f1xx_hal_rcc.o
HAL_RCC_DisableCSS                                build/stm32f1xx_hal_rcc.o
HAL_RCC_EnableCSS                                 build/stm32f1xx_hal_rcc.o
HAL_RCC_GetClockConfig                            build/stm32f1xx_hal_rcc.o